Archive member included to satisfy reference by file (symbol)

build/cooja/mtype850.a(simEnvChange.o)
                              build/cooja/mtype850.o (simDontFallAsleep)
build/cooja/mtype850.a(cooja_mt.o)
                              build/cooja/mtype850.o (cooja_mt_start)
build/cooja/mtype850.a(cooja_mtarch.o)
                              build/cooja/mtype850.a(cooja_mt.o) (cooja_mtarch_start)
build/cooja/mtype850.a(rtimer-arch.o)
                              build/cooja/mtype850.o (rtimer_arch_check)
build/cooja/mtype850.a(beep.o)
                              build/cooja/mtype850.o (beep_interface)
build/cooja/mtype850.a(leds-arch.o)
                              build/cooja/mtype850.o (leds_interface)
build/cooja/mtype850.a(moteid.o)
                              build/cooja/mtype850.o (moteid_interface)
build/cooja/mtype850.a(pir-sensor.o)
                              build/cooja/mtype850.o (pir_interface)
build/cooja/mtype850.a(rs232.o)
                              build/cooja/mtype850.o (rs232_interface)
build/cooja/mtype850.a(vib-sensor.o)
                              build/cooja/mtype850.o (vib_interface)
build/cooja/mtype850.a(clock.o)
                              build/cooja/mtype850.o (clock_interface)
build/cooja/mtype850.a(cooja-log.o)
                              build/cooja/mtype850.o (simlog_interface)
build/cooja/mtype850.a(cfs-cooja.o)
                              build/cooja/mtype850.o (cfs_interface)
build/cooja/mtype850.a(cooja-radio.o)
                              build/cooja/mtype850.o (radio_interface)
build/cooja/mtype850.a(eeprom.o)
                              build/cooja/mtype850.o (eeprom_interface)
build/cooja/mtype850.a(random.o)
                              build/cooja/mtype850.a(moteid.o) (random_init)
build/cooja/mtype850.a(sensors.o)
                              build/cooja/mtype850.a(pir-sensor.o) (sensors_changed)
build/cooja/mtype850.a(leds.o)
                              build/cooja/mtype850.a(leds-arch.o) (leds_get)
build/cooja/mtype850.a(gpio-hal-arch.o)
                              build/cooja/mtype850.a(leds-arch.o) (gpio_hal_arch_register_pin_callback)
build/cooja/mtype850.a(buttons.o)
                              build/cooja/mtype850.o (button_interface)
build/cooja/mtype850.a(res_presence.o)
                              lock.o (res_presence)
build/cooja/mtype850.a(res_lock.o)
                              lock.o (res_lock)
build/cooja/mtype850.a(coap-blocking-a)
                              lock.o (coap_blocking_request)
build/cooja/mtype850.a(coap-engine.o)
                              lock.o (coap_activate_resource)
build/cooja/mtype850.a(coap-res-well-k)
                              build/cooja/mtype850.a(coap-engine.o) (res_well_known_core)
build/cooja/mtype850.a(coap-observe.o)
                              build/cooja/mtype850.a(coap-engine.o) (coap_remove_observer_by_mid)
build/cooja/mtype850.a(coap-uip.o)
                              build/cooja/mtype850.a(coap-observe.o) (coap_endpoint_copy)
build/cooja/mtype850.a(coap-timer.o)
                              build/cooja/mtype850.a(coap-engine.o) (coap_timer_set)
build/cooja/mtype850.a(coap-transactio)
                              build/cooja/mtype850.a(coap-blocking-a) (coap_send_transaction)
build/cooja/mtype850.a(coap.o)
                              build/cooja/mtype850.a(coap-engine.o) (coap_status_code)
build/cooja/mtype850.a(contiki-main.o)
                              build/cooja/mtype850.o (main)
build/cooja/mtype850.a(autostart.o)
                              build/cooja/mtype850.a(contiki-main.o) (autostart_start)
build/cooja/mtype850.a(ctimer.o)
                              build/cooja/mtype850.a(contiki-main.o) (ctimer_init)
build/cooja/mtype850.a(log.o)
                              build/cooja/mtype850.a(contiki-main.o) (curr_log_level_main)
build/cooja/mtype850.a(energest.o)
                              build/cooja/mtype850.a(contiki-main.o) (energest_init)
build/cooja/mtype850.a(etimer.o)
                              build/cooja/mtype850.a(contiki-main.o) (etimer_process)
build/cooja/mtype850.a(node-id.o)
                              lock.o (node_id)
build/cooja/mtype850.a(rtimer.o)
                              build/cooja/mtype850.a(contiki-main.o) (rtimer_init)
build/cooja/mtype850.a(process.o)
                              build/cooja/mtype850.a(coap-blocking-a) (process_current)
build/cooja/mtype850.a(timer.o)
                              build/cooja/mtype850.a(etimer.o) (timer_set)
build/cooja/mtype850.a(list.o)
                              build/cooja/mtype850.a(coap-engine.o) (list_init)
build/cooja/mtype850.a(memb.o)
                              build/cooja/mtype850.a(coap-observe.o) (memb_alloc)
build/cooja/mtype850.a(button-hal.o)
                              lock.o (button_hal_press_event)
build/cooja/mtype850.a(serial-line.o)
                              lock.o (serial_line_event_message)
build/cooja/mtype850.a(gpio-hal.o)
[...]
Memory Configuration

Name             Origin             Length             Attributes
*default*        0x0000000000000000 0xffffffffffffffff

Linker script and memory map

LOAD /usr/lib/gcc/i686-linux-gnu/5/../../../i386-linux-gnu/crti.o
LOAD /usr/lib/gcc/i686-linux-gnu/5/crtbeginS.o
LOAD lock.o
LOAD build/cooja/mtype850.o
LOAD build/cooja/mtype850.a
LOAD /usr/lib/gcc/i686-linux-gnu/5/libgcc.a
LOAD /usr/lib/gcc/i686-linux-gnu/5/libgcc_s.so
LOAD /usr/lib/gcc/i686-linux-gnu/5/../../../i386-linux-gnu/libc.so
START GROUP
LOAD /lib/i386-linux-gnu/libc.so.6
LOAD /usr/lib/i386-linux-gnu/libc_nonshared.a
LOAD /lib/i386-linux-gnu/ld-linux.so.2
END GROUP
LOAD /usr/lib/gcc/i686-linux-gnu/5/libgcc.a
LOAD /usr/lib/gcc/i686-linux-gnu/5/libgcc_s.so
LOAD /usr/lib/gcc/i686-linux-gnu/5/crtendS.o
LOAD /usr/lib/gcc/i686-linux-gnu/5/../../../i386-linux-gnu/crtn.o
                0x0000000000000114                . = (0x0 + SIZEOF_HEADERS)

.note.gnu.build-id
                0x0000000000000114       0x24
 *(.note.gnu.build-id)
 .note.gnu.build-id
                0x0000000000000114       0x24 /usr/lib/gcc/i686-linux-gnu/5/../../../i386-linux-gnu/crti.o

.hash
 *(.hash)

.gnu.hash       0x0000000000000138     0x15a8
 *(.gnu.hash)
 .gnu.hash      0x0000000000000138     0x15a8 /usr/lib/gcc/i686-linux-gnu/5/../../../i386-linux-gnu/crti.o

.dynsym         0x00000000000016e0     0x2f80
 *(.dynsym)
 .dynsym        0x00000000000016e0     0x2f80 /usr/lib/gcc/i686-linux-gnu/5/../../../i386-linux-gnu/crti.o

.dynstr         0x0000000000004660     0x36d3
 *(.dynstr)
 .dynstr        0x0000000000004660     0x36d3 /usr/lib/gcc/i686-linux-gnu/5/../../../i386-linux-gnu/crti.o

.gnu.version    0x0000000000007d34      0x5f0
 *(.gnu.version)
 .gnu.version   0x0000000000007d34      0x5f0 /usr/lib/gcc/i686-linux-gnu/5/../../../i386-linux-gnu/crti.o

.gnu.version_d  0x0000000000008324        0x0
 *(.gnu.version_d)
 .gnu.version_d
                0x0000000000008324        0x0 /usr/lib/gcc/i686-linux-gnu/5/../../../i386-linux-gnu/crti.o

.gnu.version_r  0x0000000000008324       0x40
 *(.gnu.version_r)
 .gnu.version_r
                0x0000000000008324       0x40 /usr/lib/gcc/i686-linux-gnu/5/../../../i386-linux-gnu/crti.o

.rel.dyn        0x0000000000008364     0x9268
 *(.rel.init)
 .rel.init      0x0000000000008364        0x0 /usr/lib/gcc/i686-linux-gnu/5/../../../i386-linux-gnu/crti.o
 *(.rel.text .rel.text.* .rel.gnu.linkonce.t.*)
 .rel.text      0x0000000000008364     0x8880 /usr/lib/gcc/i686-linux-gnu/5/../../../i386-linux-gnu/crti.o
 *(.rel.fini)
 .rel.fini      0x0000000000010be4        0x0 /usr/lib/gcc/i686-linux-gnu/5/../../../i386-linux-gnu/crti.o
 *(.rel.rodata .rel.rodata.* .rel.gnu.linkonce.r.*)
 .rel.rodata    0x0000000000010be4      0x590 /usr/lib/gcc/i686-linux-gnu/5/../../../i386-linux-gnu/crti.o
 *(.rel.data.rel.ro .rel.data.rel.ro.* .rel.gnu.linkonce.d.rel.ro.*)
 *(.rel.data .rel.data.* .rel.gnu.linkonce.d.*)
 .rel.data.rel.local
                0x0000000000011174        0x8 /usr/lib/gcc/i686-linux-gnu/5/../../../i386-linux-gnu/crti.o
 .rel.data      0x000000000001117c      0x418 /usr/lib/gcc/i686-linux-gnu/5/../../../i386-linux-gnu/crti.o
 *(.rel.tdata .rel.tdata.* .rel.gnu.linkonce.td.*)
 *(.rel.tbss .rel.tbss.* .rel.gnu.linkonce.tb.*)
 *(.rel.ctors)
 *(.rel.dtors)
 *(.rel.got)
 .rel.got       0x0000000000011594       0x28 /usr/lib/gcc/i686-linux-gnu/5/../../../i386-linux-gnu/crti.o
 *(.rel.bss .rel.bss.* .rel.gnu.linkonce.b.*)
 *(.rel.ifunc)
 .rel.ifunc     0x00000000000115bc        0x0 /usr/lib/gcc/i686-linux-gnu/5/../../../i386-linux-gnu/crti.o
 .rel.fini_array
                0x00000000000115bc        0x8 /usr/lib/gcc/i686-linux-gnu/5/../../../i386-linux-gnu/crti.o
 .rel.init_array
                0x00000000000115c4        0x8 /usr/lib/gcc/i686-linux-gnu/5/../../../i386-linux-gnu/crti.o

.rel.plt        0x00000000000115cc        0x0
 *(.rel.plt)
 .rel.plt       0x00000000000115cc        0x0 /usr/lib/gcc/i686-linux-gnu/5/../../../i386-linux-gnu/crti.o
 *(.rel.iplt)

.init           0x00000000000115cc       0x23
 *(SORT(.init))
 .init          0x00000000000115cc       0x1e /usr/lib/gcc/i686-linux-gnu/5/../../../i386-linux-gnu/crti.o
                0x00000000000115cc                _init
 .init          0x00000000000115ea        0x5 /usr/lib/gcc/i686-linux-gnu/5/../../../i386-linux-gnu/crtn.o

.plt            0x00000000000115f0       0x10
 *(.plt)
 .plt           0x00000000000115f0       0x10 /usr/lib/gcc/i686-linux-gnu/5/../../../i386-linux-gnu/crti.o
 *(.iplt)

.plt.got        0x0000000000011600       0x10
 *(.plt.got)
 .plt.got       0x0000000000011600       0x10 /usr/lib/gcc/i686-linux-gnu/5/../../../i386-linux-gnu/crti.o

.text           0x0000000000011610    0x18b82
 *(.text.unlikely .text.*_unlikely .text.unlikely.*)
 .text.unlikely
                0x0000000000011610        0x0 /usr/lib/gcc/i686-linux-gnu/5/crtbeginS.o
 .text.unlikely
                0x0000000000011610        0x0 /usr/lib/gcc/i686-linux-gnu/5/libgcc.a(_udivdi3.o)
 *(.text.exit .text.exit.*)
 *(.text.startup .text.startup.*)
 *(.text.hot .text.hot.*)
 *(.text .stub .text.* .gnu.linkonce.t.*)
 .text          0x0000000000011610        0x0 /usr/lib/gcc/i686-linux-gnu/5/../../../i386-linux-gnu/crti.o
 .gnu.linkonce.t.__x86.get_pc_thunk.bx
                0x0000000000011610        0x4 /usr/lib/gcc/i686-linux-gnu/5/../../../i386-linux-gnu/crti.o
                0x0000000000011610                __x86.get_pc_thunk.bx
 *fill*         0x0000000000011614        0xc 
 .text          0x0000000000011620      0x11c /usr/lib/gcc/i686-linux-gnu/5/crtbeginS.o
 .text.__x86.get_pc_thunk.dx
                0x000000000001173c        0x4 /usr/lib/gcc/i686-linux-gnu/5/crtbeginS.o
                0x000000000001173c                __x86.get_pc_thunk.dx
 .text          0x0000000000011740      0x5da lock.o
                0x0000000000011740                response_handler
 .text          0x0000000000011d1a      0x283 build/cooja/mtype850.o
                0x0000000000011dac                platform_init_stage_one
                0x0000000000011dbf                platform_init_stage_two
                0x0000000000011dd2                platform_init_stage_three
                0x0000000000011de5                platform_main_loop
                0x0000000000011e58                Java_org_contikios_cooja_corecomm_Lib4_init
                0x0000000000011e8f                Java_org_contikios_cooja_corecomm_Lib4_getMemory
                0x0000000000011ec2                Java_org_contikios_cooja_corecomm_Lib4_setMemory
                0x0000000000011f22                Java_org_contikios_cooja_corecomm_Lib4_tick
                0x0000000000011f8a                Java_org_contikios_cooja_corecomm_Lib4_setReferenceAddress
 .text          0x0000000000011f9d       0x65 build/cooja/mtype850.a(simEnvChange.o)
                0x0000000000011f9d                doActionsBeforeTick
                0x0000000000011fcf                doActionsAfterTick
 .text          0x0000000000012002       0x83 build/cooja/mtype850.a(cooja_mt.o)
                0x0000000000012002                cooja_mt_start
                0x000000000001202c                cooja_mt_exec
                0x0000000000012062                cooja_mt_yield
 .text          0x0000000000012085       0xbe build/cooja/mtype850.a(cooja_mtarch.o)
                0x0000000000012085                cooja_mtarch_start
                0x00000000000120f8                cooja_sw
                0x000000000001211b                cooja_mtarch_exec
                0x0000000000012138                cooja_mtarch_yield
 .text          0x0000000000012143       0xc5 build/cooja/mtype850.a(rtimer-arch.o)
                0x0000000000012143                rtimer_arch_init
                0x0000000000012167                rtimer_arch_schedule
                0x0000000000012197                rtimer_arch_next
                0x00000000000121a7                rtimer_arch_pending
                0x00000000000121b1                rtimer_arch_check
                0x00000000000121f8                rtimer_arch_now
 .text          0x0000000000012208       0x81 build/cooja/mtype850.a(beep.o)
                0x0000000000012208                beep_alarm
                0x0000000000012215                beep_beep
                0x0000000000012222                beep
                0x000000000001222f                beep_down
                0x000000000001223c                beep_on
                0x0000000000012249                beep_off
                0x0000000000012256                beep_spinup
                0x0000000000012263                beep_quick
                0x0000000000012270                beep_long
 .text          0x0000000000012289       0x65 build/cooja/mtype850.a(leds-arch.o)
                0x000000000001229c                leds_arch_init
 .text          0x00000000000122ee       0x35 build/cooja/mtype850.a(moteid.o)
 .text          0x0000000000012323       0xb7 build/cooja/mtype850.a(pir-sensor.o)
 .text          0x00000000000123da      0x148 build/cooja/mtype850.a(rs232.o)
                0x00000000000123da                rs232_init
                0x00000000000123e0                rs232_set_speed
                0x00000000000123ef                rs232_set_input
                0x00000000000123fd                rs232_send
                0x0000000000012421                rs232_print
                0x000000000001243d                slip_arch_writeb
 .text          0x0000000000012522       0xb7 build/cooja/mtype850.a(vib-sensor.o)
 .text          0x00000000000125d9       0x38 build/cooja/mtype850.a(clock.o)
                0x00000000000125d9                clock_init
                0x00000000000125df                clock_time
                0x00000000000125e9                clock_seconds
                0x00000000000125ff                clock_delay
 .text          0x0000000000012611      0x219 build/cooja/mtype850.a(cooja-log.o)
                0x0000000000012611                simlog_char
                0x0000000000012654                simlog
                0x00000000000126ca                log_message
                0x00000000000126fb                log_set_putchar_with_slip
                0x0000000000012709                log_putchar
                0x0000000000012784                log_puts
                0x00000000000127ac                log_printf
 .text          0x000000000001282a      0x2b9 build/cooja/mtype850.a(cfs-cooja.o)
                0x000000000001282a                cfs_open
                0x0000000000012893                cfs_close
                0x00000000000128a0                cfs_read
                0x0000000000012935                cfs_write
                0x0000000000012a11                cfs_seek
                0x0000000000012a99                cfs_remove
                0x0000000000012abd                cfs_opendir
                0x0000000000012ac7                cfs_readdir
                0x0000000000012ad1                cfs_closedir
 .text          0x0000000000012ae3      0x620 build/cooja/mtype850.a(cooja-radio.o)
                0x0000000000012b25                radio_set_channel
                0x0000000000012b33                radio_set_txpower
                0x0000000000012b4b                radio_signal_strength_last
                0x0000000000012b55                radio_signal_strength_current
                0x0000000000012b5f                radio_LQI
 .text          0x0000000000013103       0xee build/cooja/mtype850.a(eeprom.o)
                0x0000000000013103                eeprom_init
                0x0000000000013109                eeprom_read
                0x0000000000013177                eeprom_write
 .text          0x00000000000131f1       0x2d build/cooja/mtype850.a(random.o)
                0x00000000000131f1                random_init
                0x0000000000013211                random_rand
 .text          0x000000000001321e      0x29c build/cooja/mtype850.a(sensors.o)
                0x0000000000013259                sensors_first
                0x0000000000013263                sensors_next
                0x000000000001327d                sensors_changed
                0x00000000000132b1                sensors_find
 .text          0x00000000000134ba      0x349 build/cooja/mtype850.a(leds.o)
                0x00000000000134ba                leds_init
                0x0000000000013501                leds_single_on
                0x0000000000013560                leds_single_off
                0x00000000000135bf                leds_single_toggle
                0x00000000000135f1                leds_on
                0x0000000000013673                leds_off
                0x00000000000136f5                leds_toggle
                0x000000000001374a                leds_set
                0x0000000000013776                leds_get
 .text          0x0000000000013803      0x343 build/cooja/mtype850.a(gpio-hal-arch.o)
                0x0000000000013803                gpio_hal_arch_register_pin_callback
                0x000000000001386f                gpio_hal_arch_init
                0x00000000000138b4                gpio_hal_arch_no_port_interrupt_enable
                0x00000000000138e4                gpio_hal_arch_no_port_interrupt_disable
                0x0000000000013914                gpio_hal_arch_no_port_pin_cfg_set
                0x0000000000013939                gpio_hal_arch_no_port_pin_cfg_get
                0x000000000001395f                gpio_hal_arch_no_port_pin_set_input
                0x0000000000013971                gpio_hal_arch_no_port_pin_set_output
                0x0000000000013983                gpio_hal_arch_no_port_set_pin
                0x00000000000139a4                gpio_hal_arch_no_port_clear_pin
                0x00000000000139c5                gpio_hal_arch_no_port_read_pin
                0x00000000000139eb                gpio_hal_arch_no_port_write_pin
                0x0000000000013a15                gpio_hal_arch_no_port_set_pins
                0x0000000000013a5c                gpio_hal_arch_no_port_clear_pins
                0x0000000000013aa3                gpio_hal_arch_no_port_read_pins
                0x0000000000013ae6                gpio_hal_arch_no_port_write_pins
 .text          0x0000000000013b46       0x89 build/cooja/mtype850.a(buttons.o)
 .text          0x0000000000013bcf      0x208 build/cooja/mtype850.a(res_presence.o)
 .text          0x0000000000013dd7      0x2e3 build/cooja/mtype850.a(res_lock.o)
 .text          0x00000000000140ba      0x27b build/cooja/mtype850.a(coap-blocking-a)
                0x00000000000140ba                coap_blocking_request_callback
                0x00000000000140e4                coap_blocking_request
 .text          0x0000000000014335      0xbea build/cooja/mtype850.a(coap-engine.o)
                0x00000000000143ca                coap_add_handler
                0x00000000000143e7                coap_remove_handler
                0x0000000000014404                coap_call_handlers
                0x000000000001450c                coap_receive
                0x0000000000014b07                coap_engine_init
                0x0000000000014b65                coap_activate_resource
                0x0000000000014c10                coap_get_first_resource
                0x0000000000014c29                coap_get_next_resource
 .text          0x0000000000014f1f      0x2d9 build/cooja/mtype850.a(coap-res-well-k)
 .text          0x00000000000151f8      0x96a build/cooja/mtype850.a(coap-observe.o)
                0x000000000001530d                coap_remove_observer
                0x000000000001533d                coap_remove_observer_by_client
                0x00000000000153a5                coap_remove_observer_by_token
                0x0000000000015438                coap_remove_observer_by_uri
                0x00000000000154df                coap_remove_observer_by_mid
                0x000000000001555b                coap_notify_observers
                0x0000000000015574                coap_notify_observers_sub
                0x00000000000159de                coap_observe_handler
                0x0000000000015af9                coap_has_observers
 .text          0x0000000000015b62      0x733 build/cooja/mtype850.a(coap-uip.o)
                0x0000000000015b62                coap_endpoint_log
                0x0000000000015be8                coap_endpoint_print
                0x0000000000015c6e                coap_endpoint_snprint
                0x0000000000015da1                coap_endpoint_copy
                0x0000000000015dde                coap_endpoint_cmp
                0x0000000000015eec                coap_endpoint_parse
                0x00000000000160d7                coap_endpoint_is_secure
                0x00000000000160e6                coap_endpoint_is_connected
                0x000000000001611a                coap_endpoint_connect
                0x0000000000016136                coap_endpoint_disconnect
                0x000000000001613c                coap_databuf
                0x0000000000016146                coap_transport_init
                0x0000000000016196                coap_sendto
 .text          0x0000000000016295      0x324 build/cooja/mtype850.a(coap-timer.o)
                0x0000000000016392                coap_timer_stop
                0x00000000000163bd                coap_timer_set
                0x0000000000016400                coap_timer_reset
                0x0000000000016443                coap_timer_time_to_next_expiration
                0x00000000000164af                coap_timer_run
                0x000000000001657b                coap_timer_init
 .text          0x00000000000165b9      0x2c6 build/cooja/mtype850.a(coap-transactio)
                0x000000000001661f                coap_new_transaction
                0x0000000000016685                coap_send_transaction
                0x00000000000167e6                coap_clear_transaction
                0x000000000001682e                coap_get_transaction_by_mid
 .text          0x000000000001687f     0x1c53 build/cooja/mtype850.a(coap.o)
                0x0000000000016dec                coap_init_connection
                0x0000000000016e00                coap_get_mid
                0x0000000000016e1c                coap_init_message
                0x0000000000016e65                coap_serialize_message
                0x00000000000174e7                coap_parse_message
                0x0000000000017b4e                coap_get_query_variable
                0x0000000000017b90                coap_get_post_variable
                0x0000000000017bd4                coap_set_status_code
                0x0000000000017bf9                coap_set_token
                0x0000000000017c40                coap_get_header_content_format
                0x0000000000017c71                coap_set_header_content_format
                0x0000000000017c94                coap_get_header_accept
                0x0000000000017cc5                coap_set_header_accept
                0x0000000000017ce8                coap_get_header_max_age
                0x0000000000017d19                coap_set_header_max_age
                0x0000000000017d39                coap_get_header_etag
                0x0000000000017d6b                coap_set_header_etag
                0x0000000000017dc2                coap_get_header_if_match
                0x0000000000017df4                coap_set_header_if_match
                0x0000000000017e4b                coap_get_header_if_none_match
                0x0000000000017e65                coap_set_header_if_none_match
                0x0000000000017e7c                coap_get_header_proxy_uri
                0x0000000000017eaa                coap_set_header_proxy_uri
                0x0000000000017ee7                coap_get_header_uri_host
                0x0000000000017f15                coap_set_header_uri_host
                0x0000000000017f52                coap_get_header_uri_path
                0x0000000000017f80                coap_set_header_uri_path
                0x0000000000017fcd                coap_get_header_uri_query
                0x0000000000018001                coap_set_header_uri_query
                0x0000000000018057                coap_get_header_location_path
                0x0000000000018085                coap_set_header_location_path
                0x000000000001811e                coap_get_header_location_query
                0x000000000001814c                coap_set_header_location_query
                0x0000000000018199                coap_get_header_observe
                0x00000000000181c8                coap_set_header_observe
                0x00000000000181e8                coap_get_header_block2
                0x0000000000018254                coap_set_header_block2
                0x00000000000182cb                coap_get_header_block1
                0x0000000000018340                coap_set_header_block1
                0x00000000000183bb                coap_get_header_size2
                0x00000000000183eb                coap_set_header_size2
                0x000000000001840e                coap_get_header_size1
                0x000000000001843e                coap_set_header_size1
                0x0000000000018461                coap_get_payload
                0x000000000001849b                coap_set_payload
 .text          0x00000000000184d2      0x332 build/cooja/mtype850.a(contiki-main.o)
                0x00000000000184d2                main
 .text          0x0000000000018804       0x92 build/cooja/mtype850.a(autostart.o)
                0x0000000000018804                autostart_start
                0x000000000001884e                autostart_exit
 .text          0x0000000000018896      0x355 build/cooja/mtype850.a(ctimer.o)
                0x00000000000189be                ctimer_init
                0x00000000000189f1                ctimer_set
                0x0000000000018a17                ctimer_set_with_process
                0x0000000000018a94                ctimer_reset
                0x0000000000018ae8                ctimer_restart
                0x0000000000018b3c                ctimer_stop
                0x0000000000018b8c                ctimer_expired
 .text          0x0000000000018beb      0x394 build/cooja/mtype850.a(log.o)
                0x0000000000018beb                log_6addr
                0x0000000000018c3e                log_6addr_compact_snprint
                0x0000000000018cdc                log_6addr_compact
                0x0000000000018d2f                log_lladdr
                0x0000000000018da1                log_lladdr_compact
                0x0000000000018e09                log_set_level
                0x0000000000018ec4                log_get_level
                0x0000000000018f3d                log_level_to_str
 .text          0x0000000000018f7f       0x1b build/cooja/mtype850.a(energest.o)
                0x0000000000018f7f                energest_init
                0x0000000000018f85                energest_flush
                0x0000000000018f8b                energest_get_total_time
 .text          0x0000000000018f9a      0x43f build/cooja/mtype850.a(etimer.o)
                0x00000000000191be                etimer_request_poll
                0x0000000000019247                etimer_set
                0x0000000000019270                etimer_reset_with_new_interval
                0x000000000001929f                etimer_reset
                0x00000000000192c5                etimer_restart
                0x00000000000192eb                etimer_adjust
                0x0000000000019308                etimer_expired
                0x000000000001931b                etimer_expiration_time
                0x000000000001932d                etimer_start_time
                0x0000000000019337                etimer_pending
                0x0000000000019349                etimer_next_expiration_time
                0x0000000000019363                etimer_stop
 .text          0x00000000000193d9       0x25 build/cooja/mtype850.a(node-id.o)
                0x00000000000193d9                node_id_init
 .text          0x00000000000193fe       0xeb build/cooja/mtype850.a(rtimer.o)
                0x00000000000193fe                rtimer_init
                0x000000000001940c                rtimer_set
                0x0000000000019487                rtimer_run_next
 .text          0x00000000000194e9      0x4fb build/cooja/mtype850.a(process.o)
                0x00000000000194e9                process_alloc_event
                0x00000000000194fe                process_start
                0x00000000000196d8                process_exit
                0x00000000000196f5                process_init
                0x000000000001988a                process_run
                0x00000000000198bd                process_nevents
                0x00000000000198d8                process_post
                0x000000000001996b                process_post_synch
                0x00000000000199a0                process_poll
                0x00000000000199d0                process_is_running
 .text          0x00000000000199e4       0xb1 build/cooja/mtype850.a(timer.o)
                0x00000000000199e4                timer_set
                0x0000000000019a02                timer_reset
                0x0000000000019a2f                timer_restart
                0x0000000000019a44                timer_expired
                0x0000000000019a71                timer_remaining
 .text          0x0000000000019a95      0x28f build/cooja/mtype850.a(list.o)
                0x0000000000019a95                list_init
                0x0000000000019aa4                list_head
                0x0000000000019aae                list_copy
                0x0000000000019abe                list_tail
                0x0000000000019af4                list_add
                0x0000000000019b40                list_push
                0x0000000000019b6c                list_chop
                0x0000000000019bd6                list_pop
                0x0000000000019bfe                list_remove
                0x0000000000019c66                list_length
                0x0000000000019c94                list_insert
                0x0000000000019cd9                list_item_next
                0x0000000000019cf0                list_contains
 .text          0x0000000000019d24      0x1b5 build/cooja/mtype850.a(memb.o)
                0x0000000000019d24                memb_init
                0x0000000000019d79                memb_alloc
                0x0000000000019ddc                memb_free
                0x0000000000019e53                memb_inmemb
                0x0000000000019e92                memb_numfree
 .text          0x0000000000019ed9      0x41c build/cooja/mtype850.a(button-hal.o)
                0x000000000001a052                button_hal_get_by_id
                0x000000000001a090                button_hal_get_by_index
                0x000000000001a0bc                button_hal_get_state
                0x000000000001a10e                button_hal_init
 .text          0x000000000001a2f5      0x1f3 build/cooja/mtype850.a(serial-line.o)
                0x000000000001a2f5                serial_line_input_byte
                0x000000000001a4b3                serial_line_init
 .text          0x000000000001a4e8      0x168 build/cooja/mtype850.a(gpio-hal.o)
                0x000000000001a4e8                gpio_hal_register_handler
                0x000000000001a505                gpio_hal_event_handler
                0x000000000001a561                gpio_hal_init
                0x000000000001a580                gpio_hal_arch_port_toggle_pin
                0x000000000001a5bc                gpio_hal_arch_port_toggle_pins
                0x000000000001a5ea                gpio_hal_arch_no_port_toggle_pin
                0x000000000001a628                gpio_hal_arch_no_port_toggle_pins
 .text          0x000000000001a650      0x2e7 build/cooja/mtype850.a(queuebuf.o)
                0x000000000001a65a                queuebuf_init
                0x000000000001a683                queuebuf_numfree
                0x000000000001a69b                queuebuf_new_from_packetbuf
                0x000000000001a73a                queuebuf_update_attr_from_packetbuf
                0x000000000001a76f                queuebuf_update_from_packetbuf
                0x000000000001a7bf                queuebuf_free
                0x000000000001a808                queuebuf_to_packetbuf
                0x000000000001a874                queuebuf_dataptr
                0x000000000001a8ae                queuebuf_datalen
                0x000000000001a8d1                queuebuf_addr
                0x000000000001a906                queuebuf_attr
                0x000000000001a931                queuebuf_debug_print
 .text          0x000000000001a937      0x407 build/cooja/mtype850.a(packetbuf.o)
                0x000000000001a937                packetbuf_clear
                0x000000000001a962                packetbuf_copyfrom
                0x000000000001a9b1                packetbuf_copyto
                0x000000000001aa44                packetbuf_hdralloc
                0x000000000001aac0                packetbuf_hdrreduce
                0x000000000001ab06                packetbuf_set_datalen
                0x000000000001ab20                packetbuf_dataptr
                0x000000000001ab3d                packetbuf_hdrptr
                0x000000000001ab47                packetbuf_datalen
                0x000000000001ab53                packetbuf_hdrlen
                0x000000000001ab6a                packetbuf_totlen
                0x000000000001ab80                packetbuf_remaininglen
                0x000000000001ab93                packetbuf_attr_clear
                0x000000000001abdf                packetbuf_attr_copyto
                0x000000000001ac37                packetbuf_attr_copyfrom
                0x000000000001ac8f                packetbuf_set_attr
                0x000000000001acb9                packetbuf_attr
                0x000000000001acd3                packetbuf_set_addr
                0x000000000001ad04                packetbuf_addr
                0x000000000001ad21                packetbuf_holds_broadcast
 .text          0x000000000001ad3e       0xef build/cooja/mtype850.a(netstack.o)
                0x000000000001ad3e                netstack_process_ip_callback
                0x000000000001adcf                netstack_ip_packet_processor_add
                0x000000000001adf2                uip_ds6_ip_packet_processor_rm
                0x000000000001ae0f                netstack_init
 .text          0x000000000001ae2d       0x4f build/cooja/mtype850.a(linkaddr.o)
                0x000000000001ae2d                linkaddr_copy
                0x000000000001ae43                linkaddr_cmp
                0x000000000001ae66                linkaddr_set_node_addr
 .text          0x000000000001ae7c      0x1f6 build/cooja/mtype850.a(csma.o)
 .text          0x000000000001b072      0x95d build/cooja/mtype850.a(csma-output.o)
                0x000000000001b709                csma_output_packet
                0x000000000001b996                csma_output_init
 .text          0x000000000001b9cf      0xc11 build/cooja/mtype850.a(uip-ds6.o)
                0x000000000001b9cf                uip_ds6_default_prefix
                0x000000000001b9d9                uip_ds6_set_default_prefix
                0x000000000001ba04                uip_ds6_init
                0x000000000001bc66                uip_ds6_periodic
                0x000000000001bced                uip_ds6_list_loop
                0x000000000001bdad                uip_ds6_prefix_add
                0x000000000001be59                uip_ds6_prefix_rm
                0x000000000001be6c                uip_ds6_prefix_lookup
                0x000000000001beab                uip_ds6_is_addr_onlink
                0x000000000001bf1e                uip_ds6_addr_add
                0x000000000001c03e                uip_ds6_addr_rm
                0x000000000001c0e7                uip_ds6_addr_lookup
                0x000000000001c120                uip_ds6_get_link_local
                0x000000000001c1a1                uip_ds6_get_global
                0x000000000001c222                uip_ds6_maddr_add
                0x000000000001c282                uip_ds6_maddr_rm
                0x000000000001c295                uip_ds6_maddr_lookup
                0x000000000001c2ce                uip_ds6_aaddr_add
                0x000000000001c32e                uip_ds6_aaddr_rm
                0x000000000001c341                uip_ds6_aaddr_lookup
                0x000000000001c37a                uip_ds6_select_src
                0x000000000001c4c3                uip_ds6_set_addr_iid
                0x000000000001c4ee                uip_ds6_set_lladdr_from_iid
                0x000000000001c517                get_match_length
                0x000000000001c5a8                uip_ds6_compute_reachable_time
 .text          0x000000000001c5e0      0x128 build/cooja/mtype850.a(uip-udp-packet.)
                0x000000000001c5e0                uip_udp_packet_send
                0x000000000001c63b                uip_udp_packet_sendto
 .text          0x000000000001c708      0x35b build/cooja/mtype850.a(uip-ds6-route.o)
                0x000000000001c759                uip_ds6_route_init
                0x000000000001c783                uip_ds6_route_nexthop
                0x000000000001c78d                uip_ds6_route_head
                0x000000000001c797                uip_ds6_route_next
                0x000000000001c7a1                uip_ds6_route_is_nexthop
                0x000000000001c7ab                uip_ds6_route_num_routes
                0x000000000001c7b5                uip_ds6_route_lookup
                0x000000000001c7bf                uip_ds6_route_add
                0x000000000001c7d2                uip_ds6_route_rm
                0x000000000001c7d8                uip_ds6_route_rm_by_nexthop
                0x000000000001c7de                uip_ds6_defrt_head
                0x000000000001c7f7                uip_ds6_defrt_add
                0x000000000001c8a5                uip_ds6_defrt_rm
                0x000000000001c90b                uip_ds6_defrt_lookup
                0x000000000001c972                uip_ds6_defrt_choose
                0x000000000001c9e8                uip_ds6_defrt_periodic
 .text          0x000000000001ca63      0x6f7 build/cooja/mtype850.a(tcpip.o)
                0x000000000001ca7d                tcpip_output
                0x000000000001cafc                udp_attach
                0x000000000001cb14                udp_new
                0x000000000001cb5e                udp_broadcast_new
                0x000000000001ccd0                tcpip_input
                0x000000000001ce60                tcpip_ipv6_output
                0x000000000001d054                tcpip_poll_udp
                0x000000000001d072                tcpip_uipcall
 .text          0x000000000001d15a     0x1205 build/cooja/mtype850.a(uip6.o)
                0x000000000001d209                uip_chksum
                0x000000000001d2e0                uip_icmp6chksum
                0x000000000001d2f5                uip_udpchksum
                0x000000000001d30a                uip_init
                0x000000000001d353                uip_remove_ext_hdr
                0x000000000001d42d                uip_udp_new
                0x000000000001d741                uip_process
                0x000000000001e239                uip_htons
                0x000000000001e25b                uip_htonl
                0x000000000001e299                uip_send
 .text          0x000000000001e35f      0x369 build/cooja/mtype850.a(uip-ds6-nbr.o)
                0x000000000001e35f                uip_ds6_neighbors_init
                0x000000000001e383                uip_ds6_nbr_add
                0x000000000001e409                uip_ds6_nbr_rm
                0x000000000001e454                uip_ds6_nbr_update_ll
                0x000000000001e542                uip_ds6_nbr_get_ipaddr
                0x000000000001e557                uip_ds6_nbr_get_ll
                0x000000000001e573                uip_ds6_nbr_num
                0x000000000001e5bc                uip_ds6_nbr_head
                0x000000000001e5d5                uip_ds6_nbr_next
                0x000000000001e5f1                uip_ds6_nbr_lookup
                0x000000000001e649                uip_ds6_nbr_ll_lookup
                0x000000000001e665                uip_ds6_nbr_ipaddr_from_lladdr
                0x000000000001e68e                uip_ds6_nbr_lladdr_from_ipaddr
                0x000000000001e6c2                uip_ds6_link_callback
 .text          0x000000000001e6c8      0x6a7 build/cooja/mtype850.a(uip-nd6.o)
                0x000000000001ed56                uip_nd6_init
 .text          0x000000000001ed6f     0x2c17 build/cooja/mtype850.a(sicslowpan.o)
                0x000000000001f376                netstack_sniffer_add
                0x000000000001f384                netstack_sniffer_remove
                0x000000000002195a                sicslowpan_init
                0x000000000002197c                sicslowpan_get_last_rssi
 .text          0x0000000000021986      0x4d1 build/cooja/mtype850.a(uiplib.o)
                0x0000000000021986                uiplib_ip6addrconv
                0x0000000000021b3e                uiplib_ip4addrconv
                0x0000000000021c01                uiplib_ipaddr_print
                0x0000000000021c54                uiplib_ipaddr_snprint
 .text          0x0000000000021e57      0x4c9 build/cooja/mtype850.a(rpl.o)
                0x0000000000021e57                rpl_lollipop_greater_than
                0x0000000000021eb1                rpl_get_global_address
                0x0000000000021fa9                rpl_link_callback
                0x0000000000021fed                rpl_has_joined
                0x0000000000022012                rpl_is_reachable
                0x0000000000022093                rpl_reset_prefix
                0x00000000000220fd                rpl_set_prefix_from_addr
                0x00000000000221e2                rpl_set_prefix
                0x00000000000222fc                rpl_set_leaf_only
                0x0000000000022314                rpl_get_leaf_only
 .text          0x0000000000022320     0x138c build/cooja/mtype850.a(rpl-icmp6.o)
                0x0000000000022445                rpl_icmp6_update_nbr_table
                0x00000000000224ce                rpl_icmp6_dis_output
                0x0000000000022b14                rpl_icmp6_dio_output
                0x0000000000023312                rpl_icmp6_dao_output
                0x00000000000235f3                rpl_icmp6_dao_ack_output
                0x0000000000023663                rpl_icmp6_init
 .text          0x00000000000236ac      0x264 build/cooja/mtype850.a(rpl-dag-root.o)
                0x00000000000236ac                rpl_dag_root_print_links
                0x00000000000237d8                rpl_dag_root_set_prefix
                0x0000000000023804                rpl_dag_root_start
                0x00000000000238e1                rpl_dag_root_is_root
 .text          0x0000000000023910       0x30 build/cooja/mtype850.a(watchdog.o)
                0x0000000000023910                watchdog_init
                0x0000000000023916                watchdog_start
                0x000000000002391c                watchdog_periodic
                0x0000000000023934                watchdog_stop
                0x000000000002393a                watchdog_reboot
 .text          0x0000000000023940       0x4a build/cooja/mtype850.a(int-master.o)
                0x0000000000023940                int_master_enable
                0x0000000000023950                int_master_read_and_disable
                0x000000000002396d                int_master_status_set
                0x000000000002397b                int_master_is_enabled
 .text          0x000000000002398a      0x226 build/cooja/mtype850.a(coap-timer-defa)
 .text          0x0000000000023bb0       0xc7 build/cooja/mtype850.a(stimer.o)
                0x0000000000023bb0                stimer_set
                0x0000000000023bce                stimer_reset
                0x0000000000023bfb                stimer_restart
                0x0000000000023c10                stimer_expired
                0x0000000000023c3b                stimer_remaining
                0x0000000000023c5f                stimer_elapsed
 .text          0x0000000000023c77      0x156 build/cooja/mtype850.a(ringbuf.o)
                0x0000000000023c77                ringbuf_init
                0x0000000000023ca9                ringbuf_put
                0x0000000000023d27                ringbuf_get
                0x0000000000023d94                ringbuf_size
                0x0000000000023da6                ringbuf_elements
 .text          0x0000000000023dcd       0x1f build/cooja/mtype850.a(assert.o)
                0x0000000000023dcd                _xassert
 .text          0x0000000000023dec      0x79b build/cooja/mtype850.a(nbr-table.o)
                0x0000000000024265                nbr_table_register
                0x00000000000242d2                nbr_table_is_registered
                0x000000000002430d                nbr_table_head
                0x0000000000024368                nbr_table_next
                0x00000000000243c9                nbr_table_add_lladdr
                0x00000000000244a3                nbr_table_get_from_lladdr
                0x00000000000244ef                nbr_table_remove
                0x0000000000024527                nbr_table_lock
                0x0000000000024541                nbr_table_unlock
                0x000000000002455b                nbr_table_get_lladdr
 .text          0x0000000000024587      0x3a5 build/cooja/mtype850.a(link-stats.o)
                0x0000000000024587                link_stats_from_lladdr
                0x00000000000245a3                link_stats_get_lladdr
                0x00000000000245bf                link_stats_is_fresh
                0x00000000000245fb                guess_etx_from_rssi
                0x0000000000024677                link_stats_packet_sent
                0x0000000000024797                link_stats_input_callback
                0x00000000000248a7                link_stats_reset
                0x00000000000248f7                link_stats_init
 .text          0x000000000002492c      0x187 build/cooja/mtype850.a(mac-sequence.o)
                0x000000000002492c                mac_sequence_is_duplicate
                0x00000000000249cc                mac_sequence_register_seqno
 .text          0x0000000000024ab3       0x23 build/cooja/mtype850.a(mac.o)
                0x0000000000024ab3                mac_call_sent_callback
 .text          0x0000000000024ad6      0x432 build/cooja/mtype850.a(framer-802154.o)
                0x0000000000024c65                framer_802154_setup_params
 .text          0x0000000000024f08      0xb6f build/cooja/mtype850.a(frame802154.o)
                0x0000000000024f39                frame802154_get_pan_id
                0x0000000000024f45                frame802154_set_pan_id
                0x0000000000024f5f                frame802154_has_panid
                0x000000000002510e                frame802154_check_dest_panid
                0x0000000000025196                frame802154_is_broadcast_addr
                0x00000000000251e3                frame802154_extract_linkaddr
                0x0000000000025448                frame802154_hdrlen
                0x00000000000254bb                frame802154_create_fcf
                0x0000000000025573                frame802154_create
                0x00000000000256e8                frame802154_parse_fcf
                0x00000000000257ca                frame802154_parse
 .text          0x0000000000025a77       0x2d build/cooja/mtype850.a(csma-security.o)
                0x0000000000025a77                csma_security_create_frame
                0x0000000000025a95                csma_security_parse_frame
 .text          0x0000000000025aa4      0x4e4 build/cooja/mtype850.a(uipbuf.o)
                0x0000000000025aa4                uipbuf_clear
                0x0000000000025acb                uipbuf_add_ext_hdr
                0x0000000000025b4b                uipbuf_set_len
                0x0000000000025b78                uipbuf_set_len_field
                0x0000000000025ba4                uipbuf_get_len_field
                0x0000000000025bc4                uipbuf_get_next_header
                0x0000000000025cf6                uipbuf_get_last_header
                0x0000000000025d6f                uipbuf_search_header
                0x0000000000025e25                uipbuf_get_attr
                0x0000000000025e4c                uipbuf_set_attr
                0x0000000000025e83                uipbuf_set_default_attr
                0x0000000000025eba                uipbuf_clear_attr
                0x0000000000025ede                uipbuf_set_attr_flag
                0x0000000000025eff                uipbuf_clr_attr_flag
                0x0000000000025f26                uipbuf_is_attr_flag
                0x0000000000025f4a                uipbuf_init
 .text          0x0000000000025f88      0x73f build/cooja/mtype850.a(uip-icmp6.o)
                0x0000000000025ffd                uip_icmp6_input
                0x0000000000026054                uip_icmp6_register_input_handler
                0x00000000000261a7                uip_icmp6_error_output
                0x0000000000026458                uip_icmp6_send
                0x000000000002664f                uip_icmp6_echo_reply_callback_add
                0x0000000000026681                uip_icmp6_echo_reply_callback_rm
                0x000000000002669e                uip_icmp6_init
 .text          0x00000000000266c7      0x69b build/cooja/mtype850.a(uip-sr.o)
                0x00000000000266c7                uip_sr_num_nodes
                0x0000000000026755                uip_sr_get_node
                0x00000000000267ac                uip_sr_is_addr_reachable
                0x000000000002685a                uip_sr_expire_parent
                0x00000000000268a3                uip_sr_update_node
                0x00000000000269d3                uip_sr_init
                0x0000000000026a07                uip_sr_node_head
                0x0000000000026a20                uip_sr_node_next
                0x0000000000026a36                uip_sr_periodic
                0x0000000000026b3c                uip_sr_free_all
                0x0000000000026bac                uip_sr_link_snprint
 .text          0x0000000000026d62      0x146 build/cooja/mtype850.a(uip-packetqueue)
                0x0000000000026d90                uip_packetqueue_new
                0x0000000000026d9f                uip_packetqueue_alloc
                0x0000000000026dfa                uip_packetqueue_free
                0x0000000000026e41                uip_packetqueue_buf
                0x0000000000026e5e                uip_packetqueue_buflen
                0x0000000000026e7f                uip_packetqueue_set_buflen
 .text          0x0000000000026ea8      0x1b0 build/cooja/mtype850.a(rpl-nbr-policy.)
                0x0000000000027015                rpl_nbr_policy_find_removable
 .text          0x0000000000027058      0x915 build/cooja/mtype850.a(rpl-neighbor.o)
                0x00000000000270d4                rpl_neighbor_snprint
                0x0000000000027387                rpl_neighbor_print_list
                0x000000000002743c                rpl_neighbor_count
                0x00000000000274e3                rpl_neighbor_get_from_lladdr
                0x00000000000274ff                rpl_neighbor_is_acceptable_parent
                0x0000000000027533                rpl_neighbor_get_link_metric
                0x0000000000027567                rpl_neighbor_rank_via_nbr
                0x000000000002759b                rpl_neighbor_get_lladdr
                0x00000000000275b7                rpl_neighbor_get_ipaddr
                0x00000000000275de                rpl_neighbor_get_link_stats
                0x0000000000027605                rpl_neighbor_is_fresh
                0x000000000002762c                rpl_neighbor_is_reachable
                0x0000000000027677                rpl_neighbor_is_parent
                0x00000000000276a1                rpl_neighbor_set_preferred_parent
                0x0000000000027738                rpl_neighbor_remove_all
                0x0000000000027794                rpl_neighbor_get_from_ipaddr
                0x00000000000278a2                rpl_neighbor_select_best
                0x000000000002794e                rpl_neighbor_init
 .text          0x000000000002796d      0xe69 build/cooja/mtype850.a(rpl-dag.o)
                0x000000000002796d                rpl_dag_state_to_str
                0x00000000000279ac                rpl_dag_get_root_ipaddr
                0x00000000000279f4                rpl_dag_leave
                0x0000000000027a7d                rpl_dag_poison_and_leave
                0x0000000000027a95                rpl_dag_periodic
                0x0000000000027b1d                rpl_is_addr_in_our_dag
                0x0000000000027b61                rpl_get_default_instance
                0x0000000000027b7d                rpl_get_any_dag
                0x0000000000027bd6                rpl_refresh_routes
                0x0000000000027c16                rpl_global_repair
                0x0000000000027caf                rpl_local_repair
                0x0000000000027cf9                rpl_dag_ready_to_advertise
                0x0000000000027d3c                rpl_dag_update_state
                0x0000000000028469                rpl_process_dio
                0x00000000000284e7                rpl_process_dis
                0x000000000002852c                rpl_process_dao
                0x00000000000285bb                rpl_process_dao_ack
                0x0000000000028652                rpl_process_hbh
                0x00000000000286a2                rpl_dag_init_root
                0x00000000000287b6                rpl_dag_init
 .text          0x00000000000287d6      0x9e7 build/cooja/mtype850.a(rpl-timers.o)
                0x00000000000287d6                rpl_timers_schedule_periodic_dis
                0x0000000000028924                rpl_timers_dio_reset
                0x0000000000028a32                rpl_timers_schedule_unicast_dio
                0x0000000000028b86                rpl_timers_schedule_dao
                0x0000000000028c45                rpl_timers_schedule_dao_ack
                0x0000000000028ccb                rpl_timers_notify_dao_ack
                0x0000000000028d29                get_probing_delay
                0x0000000000028d5d                get_probing_target
                0x0000000000028f47                rpl_schedule_probing
                0x0000000000028f75                rpl_schedule_probing_now
                0x0000000000028fdf                rpl_timers_unschedule_leaving
                0x0000000000029017                rpl_timers_schedule_leaving
                0x0000000000029058                rpl_timers_init
                0x00000000000290e8                rpl_timers_stop_dag_timers
                0x0000000000029161                rpl_timers_unschedule_state_update
                0x0000000000029185                rpl_timers_schedule_state_update
 .text          0x00000000000291bd      0xb8e build/cooja/mtype850.a(rpl-ext-header.)
                0x00000000000291bd                rpl_ext_header_srh_get_next_hop
                0x00000000000292a4                rpl_ext_header_srh_update
                0x0000000000029810                rpl_ext_header_hbh_update
                0x0000000000029b10                rpl_ext_header_update
                0x0000000000029b99                rpl_ext_header_remove
 .text          0x0000000000029d4b      0x31b build/cooja/mtype850.a(rpl-mrhof.o)
 *fill*         0x000000000002a066        0xa 
 .text          0x000000000002a070      0x122 /usr/lib/gcc/i686-linux-gnu/5/libgcc.a(_udivdi3.o)
                0x000000000002a070                __udivdi3
 .text          0x000000000002a192        0x0 /usr/lib/gcc/i686-linux-gnu/5/crtendS.o
 .text          0x000000000002a192        0x0 /usr/lib/gcc/i686-linux-gnu/5/../../../i386-linux-gnu/crtn.o
 *(.gnu.warning)

.fini           0x000000000002a194       0x14
 *(SORT(.fini))
 .fini          0x000000000002a194        0xf /usr/lib/gcc/i686-linux-gnu/5/../../../i386-linux-gnu/crti.o
                0x000000000002a194                _fini
 .fini          0x000000000002a1a3        0x5 /usr/lib/gcc/i686-linux-gnu/5/../../../i386-linux-gnu/crtn.o
                [!provide]                        PROVIDE (__etext, .)
                [!provide]                        PROVIDE (_etext, .)
                [!provide]                        PROVIDE (etext, .)

.rodata         0x000000000002a1c0      0xb4b
 *(.rodata .rodata.* .gnu.linkonce.r.*)
 .rodata        0x000000000002a1c0      0x12e lock.o
                0x000000000002a1d8                autostart_processes
 *fill*         0x000000000002a2ee        0x2 
 .rodata        0x000000000002a2f0        0x8 build/cooja/mtype850.a(beep.o)
                0x000000000002a2f0                beep_interface
 .rodata        0x000000000002a2f8        0xe build/cooja/mtype850.a(leds-arch.o)
                0x000000000002a2f8                leds_interface
                0x000000000002a300                leds_arch_leds
 *fill*         0x000000000002a306        0x2 
 .rodata        0x000000000002a308        0x8 build/cooja/mtype850.a(moteid.o)
                0x000000000002a308                moteid_interface
 .rodata        0x000000000002a310       0x1c build/cooja/mtype850.a(pir-sensor.o)
                0x000000000002a310                pir_interface
                0x000000000002a31c                pir_sensor
 .rodata        0x000000000002a32c        0xe build/cooja/mtype850.a(rs232.o)
                0x000000000002a32c                rs232_interface
 *fill*         0x000000000002a33a        0x2 
 .rodata        0x000000000002a33c       0x24 build/cooja/mtype850.a(vib-sensor.o)
                0x000000000002a33c                vib_interface
                0x000000000002a350                vib_sensor
 .rodata        0x000000000002a360        0x8 build/cooja/mtype850.a(clock.o)
                0x000000000002a360                clock_interface
 .rodata        0x000000000002a368        0x8 build/cooja/mtype850.a(cooja-log.o)
                0x000000000002a368                simlog_interface
 .rodata        0x000000000002a370       0x2f build/cooja/mtype850.a(cfs-cooja.o)
                0x000000000002a370                cfs_interface
 *fill*         0x000000000002a39f        0x1 
 .rodata        0x000000000002a3a0       0xb8 build/cooja/mtype850.a(cooja-radio.o)
                0x000000000002a3a0                radio_interface
                0x000000000002a420                cooja_radio_driver
 .rodata        0x000000000002a458        0x8 build/cooja/mtype850.a(eeprom.o)
                0x000000000002a458                eeprom_interface
 .rodata        0x000000000002a460        0x8 build/cooja/mtype850.a(sensors.o)
 .rodata        0x000000000002a468       0x2c build/cooja/mtype850.a(buttons.o)
                0x000000000002a468                button_interface
                0x000000000002a47c                button_hal_button_count
                0x000000000002a484                button_sensor
 .rodata        0x000000000002a494       0x5a build/cooja/mtype850.a(res_presence.o)
 *fill*         0x000000000002a4ee        0x2 
 .rodata        0x000000000002a4f0       0x6b build/cooja/mtype850.a(res_lock.o)
 .rodata        0x000000000002a55b       0x41 build/cooja/mtype850.a(coap-engine.o)
 .rodata        0x000000000002a59c       0x19 build/cooja/mtype850.a(coap-res-well-k)
 .rodata        0x000000000002a5b5       0x11 build/cooja/mtype850.a(coap-observe.o)
 .rodata        0x000000000002a5c6       0x35 build/cooja/mtype850.a(coap-uip.o)
 *fill*         0x000000000002a5fb        0x1 
 .rodata        0x000000000002a5fc      0x1ac build/cooja/mtype850.a(coap.o)
 .rodata        0x000000000002a7a8       0xf8 build/cooja/mtype850.a(contiki-main.o)
 .rodata        0x000000000002a8a0        0xf build/cooja/mtype850.a(ctimer.o)
 *fill*         0x000000000002a8af        0x1 
 .rodata        0x000000000002a8b0       0xc4 build/cooja/mtype850.a(log.o)
 .rodata        0x000000000002a974        0xc build/cooja/mtype850.a(etimer.o)
 .rodata        0x000000000002a980       0x13 build/cooja/mtype850.a(button-hal.o)
 .rodata        0x000000000002a993        0xe build/cooja/mtype850.a(serial-line.o)
 *fill*         0x000000000002a9a1        0x3 
 .rodata        0x000000000002a9a4        0x8 build/cooja/mtype850.a(linkaddr.o)
                0x000000000002a9a4                linkaddr_null
 .rodata        0x000000000002a9ac       0x24 build/cooja/mtype850.a(csma.o)
                0x000000000002a9b4                csma_driver
 .rodata        0x000000000002a9d0       0x27 build/cooja/mtype850.a(csma-output.o)
 *fill*         0x000000000002a9f7        0x1 
 .rodata        0x000000000002a9f8       0x4d build/cooja/mtype850.a(uip-ds6-route.o)
 .rodata        0x000000000002aa45        0xd build/cooja/mtype850.a(tcpip.o)
 *fill*         0x000000000002aa52        0x2 
 .rodata        0x000000000002aa54       0x30 build/cooja/mtype850.a(sicslowpan.o)
                0x000000000002aa54                unc_llconf
                0x000000000002aa58                unc_ctxconf
                0x000000000002aa5c                unc_mxconf
                0x000000000002aa60                llprefix
                0x000000000002aa74                sicslowpan_driver
 .rodata        0x000000000002aa84       0x2d build/cooja/mtype850.a(uiplib.o)
 *fill*         0x000000000002aab1        0xf 
 .rodata        0x000000000002aac0       0x74 build/cooja/mtype850.a(rpl.o)
                0x000000000002aae0                rpl_lite_driver
 .rodata        0x000000000002ab34       0x20 build/cooja/mtype850.a(coap-timer-defa)
                0x000000000002ab48                coap_timer_default_driver
 .rodata        0x000000000002ab54       0x25 build/cooja/mtype850.a(assert.o)
 *fill*         0x000000000002ab79        0x3 
 .rodata        0x000000000002ab7c        0xc build/cooja/mtype850.a(framer-802154.o)
                0x000000000002ab7c                framer_802154
 .rodata        0x000000000002ab88       0x44 build/cooja/mtype850.a(uip-sr.o)
 .rodata        0x000000000002abcc       0x58 build/cooja/mtype850.a(rpl-neighbor.o)
 .rodata        0x000000000002ac24       0xdb build/cooja/mtype850.a(rpl-dag.o)
 .rodata        0x000000000002acff        0xc build/cooja/mtype850.a(rpl-timers.o)

.rodata1
 *(.rodata1)

.eh_frame_hdr   0x000000000002ad0c     0x19ec
 *(.eh_frame_hdr)
 .eh_frame_hdr  0x000000000002ad0c     0x19ec lock.o
                0x000000000002ad0c                __GNU_EH_FRAME_HDR
 *(.eh_frame_entry .eh_frame_entry.*)

.eh_frame       0x000000000002c6f8     0x6934
 *(.eh_frame)
 .eh_frame      0x000000000002c6f8       0x3c /usr/lib/gcc/i686-linux-gnu/5/../../../i386-linux-gnu/crti.o
                                         0x40 (size before relaxing)
 .eh_frame      0x000000000002c734       0x64 lock.o
                                         0x7c (size before relaxing)
 .eh_frame      0x000000000002c798      0x178 build/cooja/mtype850.o
                                        0x190 (size before relaxing)
 .eh_frame      0x000000000002c910       0x40 build/cooja/mtype850.a(simEnvChange.o)
                                         0x58 (size before relaxing)
 .eh_frame      0x000000000002c950       0x60 build/cooja/mtype850.a(cooja_mt.o)
                                         0x78 (size before relaxing)
 .eh_frame      0x000000000002c9b0       0x80 build/cooja/mtype850.a(cooja_mtarch.o)
                                         0x98 (size before relaxing)
 .eh_frame      0x000000000002ca30       0xc8 build/cooja/mtype850.a(rtimer-arch.o)
                                         0xe0 (size before relaxing)
 .eh_frame      0x000000000002caf8      0x160 build/cooja/mtype850.a(beep.o)
                                        0x178 (size before relaxing)
 .eh_frame      0x000000000002cc58       0x80 build/cooja/mtype850.a(leds-arch.o)
                                         0x98 (size before relaxing)
 .eh_frame      0x000000000002ccd8       0x40 build/cooja/mtype850.a(moteid.o)
                                         0x58 (size before relaxing)
 .eh_frame      0x000000000002cd18       0xa0 build/cooja/mtype850.a(pir-sensor.o)
                                         0xb8 (size before relaxing)
 .eh_frame      0x000000000002cdb8      0x100 build/cooja/mtype850.a(rs232.o)
                                        0x118 (size before relaxing)
 .eh_frame      0x000000000002ceb8       0xa0 build/cooja/mtype850.a(vib-sensor.o)
                                         0xb8 (size before relaxing)
 .eh_frame      0x000000000002cf58       0xc0 build/cooja/mtype850.a(clock.o)
                                         0xd8 (size before relaxing)
 .eh_frame      0x000000000002d018      0x120 build/cooja/mtype850.a(cooja-log.o)
                                        0x138 (size before relaxing)
 .eh_frame      0x000000000002d138      0x160 build/cooja/mtype850.a(cfs-cooja.o)
                                        0x178 (size before relaxing)
 .eh_frame      0x000000000002d298      0x340 build/cooja/mtype850.a(cooja-radio.o)
                                        0x358 (size before relaxing)
 .eh_frame      0x000000000002d5d8       0xa0 build/cooja/mtype850.a(eeprom.o)
                                         0xb8 (size before relaxing)
 .eh_frame      0x000000000002d678       0x40 build/cooja/mtype850.a(random.o)
                                         0x58 (size before relaxing)
 .eh_frame      0x000000000002d6b8       0xc0 build/cooja/mtype850.a(sensors.o)
                                         0xd8 (size before relaxing)
 .eh_frame      0x000000000002d778      0x120 build/cooja/mtype850.a(leds.o)
                                        0x138 (size before relaxing)
 .eh_frame      0x000000000002d898      0x220 build/cooja/mtype850.a(gpio-hal-arch.o)
                                        0x238 (size before relaxing)
 .eh_frame      0x000000000002dab8       0xa0 build/cooja/mtype850.a(buttons.o)
                                         0xb8 (size before relaxing)
 .eh_frame      0x000000000002db58       0x44 build/cooja/mtype850.a(res_presence.o)
                                         0x5c (size before relaxing)
 .eh_frame      0x000000000002db9c       0x44 build/cooja/mtype850.a(res_lock.o)
                                         0x5c (size before relaxing)
 .eh_frame      0x000000000002dbe0       0x44 build/cooja/mtype850.a(coap-blocking-a)
                                         0x5c (size before relaxing)
 .eh_frame      0x000000000002dc24      0x220 build/cooja/mtype850.a(coap-engine.o)
                                        0x238 (size before relaxing)
 .eh_frame      0x000000000002de44       0x24 build/cooja/mtype850.a(coap-res-well-k)
                                         0x3c (size before relaxing)
 .eh_frame      0x000000000002de68      0x188 build/cooja/mtype850.a(coap-observe.o)
                                        0x1a0 (size before relaxing)
 .eh_frame      0x000000000002dff0      0x250 build/cooja/mtype850.a(coap-uip.o)
                                        0x268 (size before relaxing)
 .eh_frame      0x000000000002e240      0x114 build/cooja/mtype850.a(coap-timer.o)
                                        0x12c (size before relaxing)
 .eh_frame      0x000000000002e354      0x100 build/cooja/mtype850.a(coap-transactio)
                                        0x118 (size before relaxing)
 .eh_frame      0x000000000002e454      0x6ec build/cooja/mtype850.a(coap.o)
                                        0x704 (size before relaxing)
 .eh_frame      0x000000000002eb40       0x30 build/cooja/mtype850.a(contiki-main.o)
                                         0x48 (size before relaxing)
 .eh_frame      0x000000000002eb70       0x40 build/cooja/mtype850.a(autostart.o)
                                         0x58 (size before relaxing)
 .eh_frame      0x000000000002ebb0      0x100 build/cooja/mtype850.a(ctimer.o)
                                        0x118 (size before relaxing)
 .eh_frame      0x000000000002ecb0      0x100 build/cooja/mtype850.a(log.o)
                                        0x118 (size before relaxing)
 .eh_frame      0x000000000002edb0       0x60 build/cooja/mtype850.a(energest.o)
                                         0x78 (size before relaxing)
 .eh_frame      0x000000000002ee10      0x1e0 build/cooja/mtype850.a(etimer.o)
                                        0x1f8 (size before relaxing)
 .eh_frame      0x000000000002eff0       0x20 build/cooja/mtype850.a(node-id.o)
                                         0x38 (size before relaxing)
 .eh_frame      0x000000000002f010       0x60 build/cooja/mtype850.a(rtimer.o)
                                         0x78 (size before relaxing)
 .eh_frame      0x000000000002f070      0x1c4 build/cooja/mtype850.a(process.o)
                                        0x1dc (size before relaxing)
 .eh_frame      0x000000000002f234       0xa4 build/cooja/mtype850.a(timer.o)
                                         0xbc (size before relaxing)
 .eh_frame      0x000000000002f2d8      0x1a0 build/cooja/mtype850.a(list.o)
                                        0x1b8 (size before relaxing)
 .eh_frame      0x000000000002f478       0xa0 build/cooja/mtype850.a(memb.o)
                                         0xb8 (size before relaxing)
 .eh_frame      0x000000000002f518      0x144 build/cooja/mtype850.a(button-hal.o)
                                        0x15c (size before relaxing)
 .eh_frame      0x000000000002f65c       0x60 build/cooja/mtype850.a(serial-line.o)
                                         0x78 (size before relaxing)
 .eh_frame      0x000000000002f6bc       0xe0 build/cooja/mtype850.a(gpio-hal.o)
                                         0xf8 (size before relaxing)
 .eh_frame      0x000000000002f79c      0x1a0 build/cooja/mtype850.a(queuebuf.o)
                                        0x1b8 (size before relaxing)
 .eh_frame      0x000000000002f93c      0x28c build/cooja/mtype850.a(packetbuf.o)
                                        0x2a4 (size before relaxing)
 .eh_frame      0x000000000002fbc8       0x80 build/cooja/mtype850.a(netstack.o)
                                         0x98 (size before relaxing)
 .eh_frame      0x000000000002fc48       0x60 build/cooja/mtype850.a(linkaddr.o)
                                         0x78 (size before relaxing)
 .eh_frame      0x000000000002fca8       0xe0 build/cooja/mtype850.a(csma.o)
                                         0xf8 (size before relaxing)
 .eh_frame      0x000000000002fd88      0x1d0 build/cooja/mtype850.a(csma-output.o)
                                        0x1e8 (size before relaxing)
 .eh_frame      0x000000000002ff58      0x328 build/cooja/mtype850.a(uip-ds6.o)
                                        0x340 (size before relaxing)
 .eh_frame      0x0000000000030280       0x40 build/cooja/mtype850.a(uip-udp-packet.)
                                         0x58 (size before relaxing)
 .eh_frame      0x00000000000302c0      0x220 build/cooja/mtype850.a(uip-ds6-route.o)
                                        0x238 (size before relaxing)
 .eh_frame      0x00000000000304e0      0x244 build/cooja/mtype850.a(tcpip.o)
                                        0x25c (size before relaxing)
 .eh_frame      0x0000000000030724      0x1e8 build/cooja/mtype850.a(uip6.o)
                                        0x200 (size before relaxing)
 .eh_frame      0x000000000003090c      0x1c0 build/cooja/mtype850.a(uip-ds6-nbr.o)
                                        0x1d8 (size before relaxing)
 .eh_frame      0x0000000000030acc       0x84 build/cooja/mtype850.a(uip-nd6.o)
                                         0x9c (size before relaxing)
 .eh_frame      0x0000000000030b50      0x2f8 build/cooja/mtype850.a(sicslowpan.o)
                                        0x310 (size before relaxing)
 .eh_frame      0x0000000000030e48       0x88 build/cooja/mtype850.a(uiplib.o)
                                         0xa0 (size before relaxing)
 .eh_frame      0x0000000000030ed0      0x1e0 build/cooja/mtype850.a(rpl.o)
                                        0x1f8 (size before relaxing)
 .eh_frame      0x00000000000310b0      0x1c4 build/cooja/mtype850.a(rpl-icmp6.o)
                                        0x1dc (size before relaxing)
 .eh_frame      0x0000000000031274       0xa0 build/cooja/mtype850.a(rpl-dag-root.o)
                                         0xb8 (size before relaxing)
 .eh_frame      0x0000000000031314       0xa0 build/cooja/mtype850.a(watchdog.o)
                                         0xb8 (size before relaxing)
 .eh_frame      0x00000000000313b4       0x80 build/cooja/mtype850.a(int-master.o)
                                         0x98 (size before relaxing)
 .eh_frame      0x0000000000031434       0xa4 build/cooja/mtype850.a(coap-timer-defa)
                                         0xbc (size before relaxing)
 .eh_frame      0x00000000000314d8       0xc4 build/cooja/mtype850.a(stimer.o)
                                         0xdc (size before relaxing)
 .eh_frame      0x000000000003159c       0xa0 build/cooja/mtype850.a(ringbuf.o)
                                         0xb8 (size before relaxing)
 .eh_frame      0x000000000003163c       0x20 build/cooja/mtype850.a(assert.o)
                                         0x38 (size before relaxing)
 .eh_frame      0x000000000003165c      0x2ac build/cooja/mtype850.a(nbr-table.o)
                                        0x2c4 (size before relaxing)
 .eh_frame      0x0000000000031908      0x120 build/cooja/mtype850.a(link-stats.o)
                                        0x138 (size before relaxing)
 .eh_frame      0x0000000000031a28       0x48 build/cooja/mtype850.a(mac-sequence.o)
                                         0x60 (size before relaxing)
 .eh_frame      0x0000000000031a70       0x20 build/cooja/mtype850.a(mac.o)
                                         0x38 (size before relaxing)
 .eh_frame      0x0000000000031a90       0xa4 build/cooja/mtype850.a(framer-802154.o)
                                         0xbc (size before relaxing)
 .eh_frame      0x0000000000031b34      0x1a4 build/cooja/mtype850.a(frame802154.o)
                                        0x1bc (size before relaxing)
 .eh_frame      0x0000000000031cd8       0x40 build/cooja/mtype850.a(csma-security.o)
                                         0x58 (size before relaxing)
 .eh_frame      0x0000000000031d18      0x200 build/cooja/mtype850.a(uipbuf.o)
                                        0x218 (size before relaxing)
 .eh_frame      0x0000000000031f18      0x150 build/cooja/mtype850.a(uip-icmp6.o)
                                        0x168 (size before relaxing)
 .eh_frame      0x0000000000032068      0x184 build/cooja/mtype850.a(uip-sr.o)
                                        0x19c (size before relaxing)
 .eh_frame      0x00000000000321ec       0xe0 build/cooja/mtype850.a(uip-packetqueue)
                                         0xf8 (size before relaxing)
 .eh_frame      0x00000000000322cc       0x80 build/cooja/mtype850.a(rpl-nbr-policy.)
                                         0x98 (size before relaxing)
 .eh_frame      0x000000000003234c      0x2d4 build/cooja/mtype850.a(rpl-neighbor.o)
                                        0x2ec (size before relaxing)
 .eh_frame      0x0000000000032620      0x370 build/cooja/mtype850.a(rpl-dag.o)
                                        0x388 (size before relaxing)
 .eh_frame      0x0000000000032990      0x3a8 build/cooja/mtype850.a(rpl-timers.o)
                                        0x3c0 (size before relaxing)
 .eh_frame      0x0000000000032d38      0x124 build/cooja/mtype850.a(rpl-ext-header.)
                                        0x13c (size before relaxing)
 .eh_frame      0x0000000000032e5c      0x148 build/cooja/mtype850.a(rpl-mrhof.o)
                                        0x160 (size before relaxing)
 .eh_frame      0x0000000000032fa4       0x84 /usr/lib/gcc/i686-linux-gnu/5/libgcc.a(_udivdi3.o)
                                         0x9c (size before relaxing)
 .eh_frame      0x0000000000033028        0x4 /usr/lib/gcc/i686-linux-gnu/5/crtendS.o
 *(.eh_frame.*)

.gcc_except_table
 *(.gcc_except_table .gcc_except_table.*)

.gnu_extab
 *(.gnu_extab*)

.exception_ranges
 *(.exception_ranges .exception_ranges*)
                0x0000000000034f10                . = DATA_SEGMENT_ALIGN (0x1000, 0x1000)

.eh_frame
 *(.eh_frame)
 *(.eh_frame.*)

.gnu_extab
 *(.gnu_extab)

.gcc_except_table
 *(.gcc_except_table .gcc_except_table.*)

.exception_ranges
 *(.exception_ranges .exception_ranges*)

.tdata
 *(.tdata .tdata.* .gnu.linkonce.td.*)

.tbss
 *(.tbss .tbss.* .gnu.linkonce.tb.*)
 *(.tcommon)

.preinit_array
 *(.preinit_array)

.init_array     0x0000000000034f10        0x4
 *(SORT(.init_array.*) SORT(.ctors.*))
 *(.init_array EXCLUDE_FILE(*crtend?.o *crtend.o *crtbegin?.o *crtbegin.o) .ctors)
 .init_array    0x0000000000034f10        0x4 /usr/lib/gcc/i686-linux-gnu/5/crtbeginS.o

.fini_array     0x0000000000034f14        0x4
 *(SORT(.fini_array.*) SORT(.dtors.*))
 *(.fini_array EXCLUDE_FILE(*crtend?.o *crtend.o *crtbegin?.o *crtbegin.o) .dtors)
 .fini_array    0x0000000000034f14        0x4 /usr/lib/gcc/i686-linux-gnu/5/crtbeginS.o

.ctors
 *crtbegin.o(.ctors)
 *crtbegin?.o(.ctors)
 *(EXCLUDE_FILE(*crtend?.o *crtend.o) .ctors)
 *(SORT(.ctors.*))
 *(.ctors)

.dtors
 *crtbegin.o(.dtors)
 *crtbegin?.o(.dtors)
 *(EXCLUDE_FILE(*crtend?.o *crtend.o) .dtors)
 *(SORT(.dtors.*))
 *(.dtors)

.jcr            0x0000000000034f18        0x4
 *(.jcr)
 .jcr           0x0000000000034f18        0x0 /usr/lib/gcc/i686-linux-gnu/5/crtbeginS.o
 .jcr           0x0000000000034f18        0x4 /usr/lib/gcc/i686-linux-gnu/5/crtendS.o

.data.rel.ro
 *(.data.rel.ro.local* .gnu.linkonce.d.rel.ro.local.*)
 *(.data.rel.ro .data.rel.ro.* .gnu.linkonce.d.rel.ro.*)

.dynamic        0x0000000000034f1c       0xd0
 *(.dynamic)
 .dynamic       0x0000000000034f1c       0xd0 /usr/lib/gcc/i686-linux-gnu/5/../../../i386-linux-gnu/crti.o
                0x0000000000034f1c                _DYNAMIC

.got            0x0000000000034fec       0x14
 *(.got)
 .got           0x0000000000034fec       0x14 /usr/lib/gcc/i686-linux-gnu/5/../../../i386-linux-gnu/crti.o
 *(.igot)
                0x0000000000035ff4                . = DATA_SEGMENT_RELRO_END (., (SIZEOF (.got.plt) >= 0xc)?0xc:0x0)

.got.plt        0x0000000000035000        0xc
 *(.got.plt)
 .got.plt       0x0000000000035000        0xc /usr/lib/gcc/i686-linux-gnu/5/../../../i386-linux-gnu/crti.o
                0x0000000000035000                _GLOBAL_OFFSET_TABLE_
 *(.igot.plt)

.data           0x0000000000035020      0x4a4
 *(.data .data.* .gnu.linkonce.d.*)
 .data          0x0000000000035020        0x0 /usr/lib/gcc/i686-linux-gnu/5/../../../i386-linux-gnu/crti.o
 .data          0x0000000000035020        0x0 /usr/lib/gcc/i686-linux-gnu/5/crtbeginS.o
 .data.rel.local
                0x0000000000035020        0x4 /usr/lib/gcc/i686-linux-gnu/5/crtbeginS.o
                0x0000000000035020                __dso_handle
 .data          0x0000000000035024       0x20 lock.o
                0x0000000000035024                coap_client
                0x0000000000035034                sensor_node
 *fill*         0x0000000000035044       0x1c 
 .data          0x0000000000035060       0x44 build/cooja/mtype850.o
                0x0000000000035060                simInterfaces
                0x0000000000035094                sensors
 .data          0x00000000000350a4        0x0 build/cooja/mtype850.a(simEnvChange.o)
 .data          0x00000000000350a4        0x0 build/cooja/mtype850.a(cooja_mt.o)
 .data          0x00000000000350a4        0x0 build/cooja/mtype850.a(cooja_mtarch.o)
 .data          0x00000000000350a4        0x0 build/cooja/mtype850.a(rtimer-arch.o)
 .data          0x00000000000350a4        0x0 build/cooja/mtype850.a(beep.o)
 .data          0x00000000000350a4        0x0 build/cooja/mtype850.a(leds-arch.o)
 .data          0x00000000000350a4        0x0 build/cooja/mtype850.a(moteid.o)
 .data          0x00000000000350a4        0x0 build/cooja/mtype850.a(pir-sensor.o)
 .data          0x00000000000350a4        0x0 build/cooja/mtype850.a(rs232.o)
 .data          0x00000000000350a4        0x0 build/cooja/mtype850.a(vib-sensor.o)
 .data          0x00000000000350a4        0x0 build/cooja/mtype850.a(clock.o)
 .data          0x00000000000350a4        0x0 build/cooja/mtype850.a(cooja-log.o)
 .data          0x00000000000350a4        0x0 build/cooja/mtype850.a(cfs-cooja.o)
 .data          0x00000000000350a4       0x2c build/cooja/mtype850.a(cooja-radio.o)
                0x00000000000350a4                simRadioHWOn
                0x00000000000350a8                simSignalStrength
                0x00000000000350ac                simLastSignalStrength
                0x00000000000350b0                simPower
                0x00000000000350b4                simRadioChannel
                0x00000000000350b8                simLQI
                0x00000000000350c0                cooja_radio_process
 .data          0x00000000000350d0        0x0 build/cooja/mtype850.a(eeprom.o)
 .data          0x00000000000350d0        0x0 build/cooja/mtype850.a(random.o)
 .data          0x00000000000350d0       0x10 build/cooja/mtype850.a(sensors.o)
                0x00000000000350d0                sensors_process
 .data          0x00000000000350e0        0x0 build/cooja/mtype850.a(leds.o)
 .data          0x00000000000350e0        0x0 build/cooja/mtype850.a(gpio-hal-arch.o)
 .data          0x00000000000350e0       0x78 build/cooja/mtype850.a(buttons.o)
                0x00000000000350e0                simButtonIsActive
                0x0000000000035150                button_hal_buttons
 *fill*         0x0000000000035158        0x8 
 .data          0x0000000000035160       0x24 build/cooja/mtype850.a(res_presence.o)
                0x0000000000035160                res_presence
 *fill*         0x0000000000035184       0x1c 
 .data          0x00000000000351a0       0x24 build/cooja/mtype850.a(res_lock.o)
                0x00000000000351a0                res_lock
 .data          0x00000000000351c4        0x0 build/cooja/mtype850.a(coap-blocking-a)
 .data          0x00000000000351c4        0x8 build/cooja/mtype850.a(coap-engine.o)
 *fill*         0x00000000000351cc       0x14 
 .data          0x00000000000351e0       0x24 build/cooja/mtype850.a(coap-res-well-k)
                0x00000000000351e0                res_well_known_core
 .data          0x0000000000035204       0x10 build/cooja/mtype850.a(coap-observe.o)
 .data          0x0000000000035214       0x10 build/cooja/mtype850.a(coap-uip.o)
                0x0000000000035214                coap_engine
 .data          0x0000000000035224        0x4 build/cooja/mtype850.a(coap-timer.o)
 .data          0x0000000000035228       0x10 build/cooja/mtype850.a(coap-transactio)
 .data          0x0000000000035238        0x4 build/cooja/mtype850.a(coap.o)
                0x0000000000035238                coap_error_message
 .data          0x000000000003523c        0x0 build/cooja/mtype850.a(contiki-main.o)
 .data          0x000000000003523c        0x0 build/cooja/mtype850.a(autostart.o)
 .data          0x000000000003523c       0x14 build/cooja/mtype850.a(ctimer.o)
                0x0000000000035240                ctimer_process
 *fill*         0x0000000000035250       0x10 
 .data          0x0000000000035260       0xbc build/cooja/mtype850.a(log.o)
                0x0000000000035260                curr_log_level_main
                0x0000000000035280                all_modules
 .data          0x000000000003531c        0x0 build/cooja/mtype850.a(energest.o)
 .data          0x000000000003531c       0x10 build/cooja/mtype850.a(etimer.o)
                0x000000000003531c                etimer_process
 .data          0x000000000003532c        0x0 build/cooja/mtype850.a(node-id.o)
 .data          0x000000000003532c        0x0 build/cooja/mtype850.a(rtimer.o)
 .data          0x000000000003532c        0x0 build/cooja/mtype850.a(process.o)
 .data          0x000000000003532c        0x0 build/cooja/mtype850.a(timer.o)
 .data          0x000000000003532c        0x0 build/cooja/mtype850.a(list.o)
 .data          0x000000000003532c        0x0 build/cooja/mtype850.a(memb.o)
 .data          0x000000000003532c       0x10 build/cooja/mtype850.a(button-hal.o)
                0x000000000003532c                button_hal_process
 .data          0x000000000003533c       0x10 build/cooja/mtype850.a(serial-line.o)
                0x000000000003533c                serial_line_process
 .data          0x000000000003534c        0x4 build/cooja/mtype850.a(gpio-hal.o)
 .data          0x0000000000035350       0x18 build/cooja/mtype850.a(queuebuf.o)
 .data          0x0000000000035368        0x4 build/cooja/mtype850.a(packetbuf.o)
 .data          0x000000000003536c        0x4 build/cooja/mtype850.a(netstack.o)
 .data          0x0000000000035370        0x0 build/cooja/mtype850.a(linkaddr.o)
 .data          0x0000000000035370        0x0 build/cooja/mtype850.a(csma.o)
 .data          0x0000000000035370       0x28 build/cooja/mtype850.a(csma-output.o)
 .data          0x0000000000035398        0x0 build/cooja/mtype850.a(uip-ds6.o)
 .data          0x0000000000035398        0x0 build/cooja/mtype850.a(uip-udp-packet.)
 .data          0x0000000000035398       0x10 build/cooja/mtype850.a(uip-ds6-route.o)
 .data          0x00000000000353a8       0x10 build/cooja/mtype850.a(tcpip.o)
                0x00000000000353a8                tcpip_process
 .data          0x00000000000353b8        0x0 build/cooja/mtype850.a(uip6.o)
 .data          0x00000000000353b8       0x14 build/cooja/mtype850.a(uip-ds6-nbr.o)
 .data          0x00000000000353cc        0xc build/cooja/mtype850.a(uip-nd6.o)
 .data          0x00000000000353d8        0x0 build/cooja/mtype850.a(sicslowpan.o)
 .data          0x00000000000353d8        0x0 build/cooja/mtype850.a(uiplib.o)
 .data          0x00000000000353d8        0x0 build/cooja/mtype850.a(rpl.o)
 .data          0x00000000000353d8       0x30 build/cooja/mtype850.a(rpl-icmp6.o)
 .data          0x0000000000035408        0x0 build/cooja/mtype850.a(rpl-dag-root.o)
 .data          0x0000000000035408        0x0 build/cooja/mtype850.a(watchdog.o)
 .data          0x0000000000035408        0x0 build/cooja/mtype850.a(int-master.o)
 .data          0x0000000000035408       0x10 build/cooja/mtype850.a(coap-timer-defa)
                0x0000000000035408                coap_timer_process
 .data          0x0000000000035418        0x0 build/cooja/mtype850.a(stimer.o)
 .data          0x0000000000035418        0x0 build/cooja/mtype850.a(ringbuf.o)
 .data          0x0000000000035418        0x0 build/cooja/mtype850.a(assert.o)
 .data          0x0000000000035418       0x10 build/cooja/mtype850.a(nbr-table.o)
 .data          0x0000000000035428       0x14 build/cooja/mtype850.a(link-stats.o)
 .data          0x000000000003543c        0x0 build/cooja/mtype850.a(mac-sequence.o)
 .data          0x000000000003543c        0x0 build/cooja/mtype850.a(mac.o)
 .data          0x000000000003543c        0x0 build/cooja/mtype850.a(framer-802154.o)
 .data          0x000000000003543c        0x2 build/cooja/mtype850.a(frame802154.o)
 .data          0x000000000003543e        0x0 build/cooja/mtype850.a(csma-security.o)
 .data          0x000000000003543e        0x0 build/cooja/mtype850.a(uipbuf.o)
 *fill*         0x000000000003543e        0x2 
 .data          0x0000000000035440       0x20 build/cooja/mtype850.a(uip-icmp6.o)
 .data          0x0000000000035460       0x10 build/cooja/mtype850.a(uip-sr.o)
 .data          0x0000000000035470        0xc build/cooja/mtype850.a(uip-packetqueue)
 .data          0x000000000003547c        0x0 build/cooja/mtype850.a(rpl-nbr-policy.)
 .data          0x000000000003547c       0x14 build/cooja/mtype850.a(rpl-neighbor.o)
                0x000000000003548c                rpl_neighbors
 .data          0x0000000000035490        0x0 build/cooja/mtype850.a(rpl-dag.o)
 .data          0x0000000000035490        0x0 build/cooja/mtype850.a(rpl-timers.o)
 .data          0x0000000000035490        0x0 build/cooja/mtype850.a(rpl-ext-header.)
 *fill*         0x0000000000035490       0x10 
 .data          0x00000000000354a0       0x24 build/cooja/mtype850.a(rpl-mrhof.o)
                0x00000000000354a0                rpl_mrhof
 .data          0x00000000000354c4        0x0 /usr/lib/gcc/i686-linux-gnu/5/libgcc.a(_udivdi3.o)
 .data          0x00000000000354c4        0x0 /usr/lib/gcc/i686-linux-gnu/5/crtendS.o
 .data          0x00000000000354c4        0x0 /usr/lib/gcc/i686-linux-gnu/5/../../../i386-linux-gnu/crtn.o

.tm_clone_table
                0x00000000000354c4        0x0
 .tm_clone_table
                0x00000000000354c4        0x0 /usr/lib/gcc/i686-linux-gnu/5/crtbeginS.o
 .tm_clone_table
                0x00000000000354c4        0x0 /usr/lib/gcc/i686-linux-gnu/5/crtendS.o

.data1
 *(.data1)
                0x00000000000354c4                _edata = .
                [!provide]                        PROVIDE (edata, .)
                0x00000000000354c4                . = .
                0x00000000000354c4                __bss_start = .

.bss            0x00000000000354e0    0x13f84
 *(.dynbss)
 .dynbss        0x00000000000354e0        0x0 /usr/lib/gcc/i686-linux-gnu/5/../../../i386-linux-gnu/crti.o
 *(.bss .bss.* .gnu.linkonce.b.*)
 .bss           0x00000000000354e0        0x0 /usr/lib/gcc/i686-linux-gnu/5/../../../i386-linux-gnu/crti.o
 .bss           0x00000000000354e0        0x1 /usr/lib/gcc/i686-linux-gnu/5/crtbeginS.o
 *fill*         0x00000000000354e1       0x1f 
 .bss           0x0000000000035500      0x12c lock.o
                0x0000000000035500                registered
                0x0000000000035501                pressed
                0x0000000000035502                occupied
 *fill*         0x000000000003562c       0x14 
 .bss           0x0000000000035640     0x2030 build/cooja/mtype850.o
 .bss           0x0000000000037670        0x1 build/cooja/mtype850.a(simEnvChange.o)
                0x0000000000037670                simDontFallAsleep
 *fill*         0x0000000000037671        0x3 
 .bss           0x0000000000037674        0x4 build/cooja/mtype850.a(cooja_mt.o)
 .bss           0x0000000000037678        0x4 build/cooja/mtype850.a(cooja_mtarch.o)
 .bss           0x000000000003767c        0x0 build/cooja/mtype850.a(rtimer-arch.o)
 .bss           0x000000000003767c        0x0 build/cooja/mtype850.a(beep.o)
 .bss           0x000000000003767c        0x1 build/cooja/mtype850.a(leds-arch.o)
                0x000000000003767c                simLedsValue
 .bss           0x000000000003767d        0x0 build/cooja/mtype850.a(moteid.o)
 .bss           0x000000000003767d        0x1 build/cooja/mtype850.a(pir-sensor.o)
                0x000000000003767d                simPirValue
 *fill*         0x000000000003767e        0x2 
 .bss           0x0000000000037680        0x4 build/cooja/mtype850.a(rs232.o)
 .bss           0x0000000000037684        0x1 build/cooja/mtype850.a(vib-sensor.o)
                0x0000000000037684                simVibValue
 .bss           0x0000000000037685        0x0 build/cooja/mtype850.a(clock.o)
 *fill*         0x0000000000037685       0x1b 
 .bss           0x00000000000376a0     0x2020 build/cooja/mtype850.a(cooja-log.o)
 .bss           0x00000000000396c0      0xfc0 build/cooja/mtype850.a(cfs-cooja.o)
                0x00000000000396c0                simCFSData
                0x000000000003a660                simCFSSize
                0x000000000003a664                simCFSChanged
                0x000000000003a668                simCFSRead
                0x000000000003a66c                simCFSWritten
 .bss           0x000000000003a680       0x24 build/cooja/mtype850.a(cooja-radio.o)
                0x000000000003a680                simReceiving
                0x000000000003a684                simInSize
                0x000000000003a688                simLastPacketTimestamp
                0x000000000003a690                simOutSize
 .bss           0x000000000003a6a4        0xc build/cooja/mtype850.a(eeprom.o)
                0x000000000003a6a4                simEEPROMChanged
                0x000000000003a6a8                simEEPROMRead
                0x000000000003a6ac                simEEPROMWritten
 .bss           0x000000000003a6b0        0x0 build/cooja/mtype850.a(random.o)
 .bss           0x000000000003a6b0        0xc build/cooja/mtype850.a(sensors.o)
 .bss           0x000000000003a6bc        0x0 build/cooja/mtype850.a(leds.o)
 .bss           0x000000000003a6bc       0x24 build/cooja/mtype850.a(gpio-hal-arch.o)
 .bss           0x000000000003a6e0        0x0 build/cooja/mtype850.a(buttons.o)
 .bss           0x000000000003a6e0        0x0 build/cooja/mtype850.a(res_presence.o)
 .bss           0x000000000003a6e0        0x1 build/cooja/mtype850.a(res_lock.o)
                0x000000000003a6e0                lockOn
 .bss           0x000000000003a6e1        0x0 build/cooja/mtype850.a(coap-blocking-a)
 *fill*         0x000000000003a6e1       0x1f 
 .bss           0x000000000003a700      0x190 build/cooja/mtype850.a(coap-engine.o)
 .bss           0x000000000003a890        0x0 build/cooja/mtype850.a(coap-res-well-k)
 *fill*         0x000000000003a890       0x10 
 .bss           0x000000000003a8a0      0x120 build/cooja/mtype850.a(coap-observe.o)
 .bss           0x000000000003a9c0       0x18 build/cooja/mtype850.a(coap-uip.o)
 .bss           0x000000000003a9d8        0x5 build/cooja/mtype850.a(coap-timer.o)
 *fill*         0x000000000003a9dd        0x3 
 .bss           0x000000000003a9e0      0x334 build/cooja/mtype850.a(coap-transactio)
 .bss           0x000000000003ad14        0x6 build/cooja/mtype850.a(coap.o)
                0x000000000003ad14                coap_status_code
 .bss           0x000000000003ad1a        0x0 build/cooja/mtype850.a(contiki-main.o)
 .bss           0x000000000003ad1a        0x0 build/cooja/mtype850.a(autostart.o)
 *fill*         0x000000000003ad1a        0x2 
 .bss           0x000000000003ad1c        0x5 build/cooja/mtype850.a(ctimer.o)
 *fill*         0x000000000003ad21        0x3 
 .bss           0x000000000003ad24       0x2c build/cooja/mtype850.a(log.o)
                0x000000000003ad24                curr_log_level_rpl
                0x000000000003ad28                curr_log_level_tcpip
                0x000000000003ad2c                curr_log_level_ipv6
                0x000000000003ad30                curr_log_level_6lowpan
                0x000000000003ad34                curr_log_level_nullnet
                0x000000000003ad38                curr_log_level_mac
                0x000000000003ad3c                curr_log_level_framer
                0x000000000003ad40                curr_log_level_6top
                0x000000000003ad44                curr_log_level_coap
                0x000000000003ad48                curr_log_level_snmp
                0x000000000003ad4c                curr_log_level_lwm2m
 .bss           0x000000000003ad50        0x0 build/cooja/mtype850.a(energest.o)
 .bss           0x000000000003ad50        0x8 build/cooja/mtype850.a(etimer.o)
 .bss           0x000000000003ad58        0x2 build/cooja/mtype850.a(node-id.o)
                0x000000000003ad58                node_id
 *fill*         0x000000000003ad5a        0x2 
 .bss           0x000000000003ad5c        0x4 build/cooja/mtype850.a(rtimer.o)
 .bss           0x000000000003ad60      0x1a1 build/cooja/mtype850.a(process.o)
                0x000000000003ad60                process_list
                0x000000000003ad64                process_current
 .bss           0x000000000003af01        0x0 build/cooja/mtype850.a(timer.o)
 .bss           0x000000000003af01        0x0 build/cooja/mtype850.a(list.o)
 .bss           0x000000000003af01        0x0 build/cooja/mtype850.a(memb.o)
 *fill*         0x000000000003af01        0x3 
 .bss           0x000000000003af04       0x10 build/cooja/mtype850.a(button-hal.o)
 *fill*         0x000000000003af14        0xc 
 .bss           0x000000000003af20      0x140 build/cooja/mtype850.a(serial-line.o)
 .bss           0x000000000003b060        0x4 build/cooja/mtype850.a(gpio-hal.o)
 *fill*         0x000000000003b064       0x1c 
 .bss           0x000000000003b080     0x2c80 build/cooja/mtype850.a(queuebuf.o)
 .bss           0x000000000003dd00       0xa0 build/cooja/mtype850.a(packetbuf.o)
 .bss           0x000000000003dda0        0x4 build/cooja/mtype850.a(netstack.o)
 .bss           0x000000000003dda4        0x0 build/cooja/mtype850.a(linkaddr.o)
 .bss           0x000000000003dda4        0x0 build/cooja/mtype850.a(csma.o)
 *fill*         0x000000000003dda4       0x1c 
 .bss           0x000000000003ddc0      0x726 build/cooja/mtype850.a(csma-output.o)
 *fill*         0x000000000003e4e6        0x2 
 .bss           0x000000000003e4e8       0x30 build/cooja/mtype850.a(uip-ds6.o)
 .bss           0x000000000003e518        0x0 build/cooja/mtype850.a(uip-udp-packet.)
 *fill*         0x000000000003e518        0x8 
 .bss           0x000000000003e520       0x60 build/cooja/mtype850.a(uip-ds6-route.o)
 .bss           0x000000000003e580       0x10 build/cooja/mtype850.a(tcpip.o)
 .bss           0x000000000003e590        0x8 build/cooja/mtype850.a(uip6.o)
                0x000000000003e590                uip_ext_bitmap