Archive member included to satisfy reference by file (symbol)

build/cooja/mtype581.a(simEnvChange.o)
                              build/cooja/mtype581.o (simDontFallAsleep)
build/cooja/mtype581.a(cooja_mt.o)
                              build/cooja/mtype581.o (cooja_mt_start)
build/cooja/mtype581.a(cooja_mtarch.o)
                              build/cooja/mtype581.a(cooja_mt.o) (cooja_mtarch_start)
build/cooja/mtype581.a(rtimer-arch.o)
                              build/cooja/mtype581.o (rtimer_arch_check)
build/cooja/mtype581.a(beep.o)
                              build/cooja/mtype581.o (beep_interface)
build/cooja/mtype581.a(leds-arch.o)
                              build/cooja/mtype581.o (leds_interface)
build/cooja/mtype581.a(moteid.o)
                              build/cooja/mtype581.o (moteid_interface)
build/cooja/mtype581.a(pir-sensor.o)
                              build/cooja/mtype581.o (pir_interface)
build/cooja/mtype581.a(rs232.o)
                              build/cooja/mtype581.o (rs232_interface)
build/cooja/mtype581.a(vib-sensor.o)
                              build/cooja/mtype581.o (vib_interface)
build/cooja/mtype581.a(clock.o)
                              build/cooja/mtype581.o (clock_interface)
build/cooja/mtype581.a(cooja-log.o)
                              build/cooja/mtype581.o (simlog_interface)
build/cooja/mtype581.a(cfs-cooja.o)
                              build/cooja/mtype581.o (cfs_interface)
build/cooja/mtype581.a(cooja-radio.o)
                              build/cooja/mtype581.o (radio_interface)
build/cooja/mtype581.a(eeprom.o)
                              build/cooja/mtype581.o (eeprom_interface)
build/cooja/mtype581.a(random.o)
                              build/cooja/mtype581.a(moteid.o) (random_init)
build/cooja/mtype581.a(sensors.o)
                              build/cooja/mtype581.a(pir-sensor.o) (sensors_changed)
build/cooja/mtype581.a(leds.o)
                              build/cooja/mtype581.a(leds-arch.o) (leds_get)
build/cooja/mtype581.a(gpio-hal-arch.o)
                              build/cooja/mtype581.a(leds-arch.o) (gpio_hal_arch_register_pin_callback)
build/cooja/mtype581.a(buttons.o)
                              build/cooja/mtype581.o (button_interface)
build/cooja/mtype581.a(res_presence.o)
                              lock.o (res_presence)
build/cooja/mtype581.a(res_lock.o)
                              build/cooja/mtype581.a(res_presence.o) (lockOn)
build/cooja/mtype581.a(coap-blocking-a)
                              lock.o (coap_blocking_request)
build/cooja/mtype581.a(coap-engine.o)
                              lock.o (coap_activate_resource)
build/cooja/mtype581.a(coap-res-well-k)
                              build/cooja/mtype581.a(coap-engine.o) (res_well_known_core)
build/cooja/mtype581.a(coap-observe.o)
                              build/cooja/mtype581.a(coap-engine.o) (coap_remove_observer_by_mid)
build/cooja/mtype581.a(coap-uip.o)
                              build/cooja/mtype581.a(coap-observe.o) (coap_endpoint_copy)
build/cooja/mtype581.a(coap-timer.o)
                              build/cooja/mtype581.a(coap-engine.o) (coap_timer_set)
build/cooja/mtype581.a(coap-transactio)
                              build/cooja/mtype581.a(coap-blocking-a) (coap_send_transaction)
build/cooja/mtype581.a(coap.o)
                              build/cooja/mtype581.a(coap-engine.o) (coap_status_code)
build/cooja/mtype581.a(contiki-main.o)
                              build/cooja/mtype581.o (main)
build/cooja/mtype581.a(autostart.o)
                              build/cooja/mtype581.a(contiki-main.o) (autostart_start)
build/cooja/mtype581.a(ctimer.o)
                              build/cooja/mtype581.a(contiki-main.o) (ctimer_init)
build/cooja/mtype581.a(log.o)
                              build/cooja/mtype581.a(contiki-main.o) (curr_log_level_main)
build/cooja/mtype581.a(energest.o)
                              build/cooja/mtype581.a(contiki-main.o) (energest_init)
build/cooja/mtype581.a(etimer.o)
                              build/cooja/mtype581.a(contiki-main.o) (etimer_process)
build/cooja/mtype581.a(node-id.o)
                              lock.o (node_id)
build/cooja/mtype581.a(rtimer.o)
                              build/cooja/mtype581.a(contiki-main.o) (rtimer_init)
build/cooja/mtype581.a(process.o)
                              build/cooja/mtype581.a(coap-blocking-a) (process_current)
build/cooja/mtype581.a(timer.o)
                              build/cooja/mtype581.a(etimer.o) (timer_set)
build/cooja/mtype581.a(list.o)
                              build/cooja/mtype581.a(coap-engine.o) (list_init)
build/cooja/mtype581.a(memb.o)
                              build/cooja/mtype581.a(coap-observe.o) (memb_alloc)
build/cooja/mtype581.a(button-hal.o)
                              build/cooja/mtype581.o (button_hal_init)
build/cooja/mtype581.a(serial-line.o)
[...]
Memory Configuration

Name             Origin             Length             Attributes
*default*        0x0000000000000000 0xffffffffffffffff

Linker script and memory map

LOAD /usr/lib/gcc/i686-linux-gnu/5/../../../i386-linux-gnu/crti.o
LOAD /usr/lib/gcc/i686-linux-gnu/5/crtbeginS.o
LOAD lock.o
LOAD build/cooja/mtype581.o
LOAD build/cooja/mtype581.a
LOAD /usr/lib/gcc/i686-linux-gnu/5/libgcc.a
LOAD /usr/lib/gcc/i686-linux-gnu/5/libgcc_s.so
LOAD /usr/lib/gcc/i686-linux-gnu/5/../../../i386-linux-gnu/libc.so
START GROUP
LOAD /lib/i386-linux-gnu/libc.so.6
LOAD /usr/lib/i386-linux-gnu/libc_nonshared.a
LOAD /lib/i386-linux-gnu/ld-linux.so.2
END GROUP
LOAD /usr/lib/gcc/i686-linux-gnu/5/libgcc.a
LOAD /usr/lib/gcc/i686-linux-gnu/5/libgcc_s.so
LOAD /usr/lib/gcc/i686-linux-gnu/5/crtendS.o
LOAD /usr/lib/gcc/i686-linux-gnu/5/../../../i386-linux-gnu/crtn.o
                0x0000000000000114                . = (0x0 + SIZEOF_HEADERS)

.note.gnu.build-id
                0x0000000000000114       0x24
 *(.note.gnu.build-id)
 .note.gnu.build-id
                0x0000000000000114       0x24 /usr/lib/gcc/i686-linux-gnu/5/../../../i386-linux-gnu/crti.o

.hash
 *(.hash)

.gnu.hash       0x0000000000000138     0x15a4
 *(.gnu.hash)
 .gnu.hash      0x0000000000000138     0x15a4 /usr/lib/gcc/i686-linux-gnu/5/../../../i386-linux-gnu/crti.o

.dynsym         0x00000000000016dc     0x2f50
 *(.dynsym)
 .dynsym        0x00000000000016dc     0x2f50 /usr/lib/gcc/i686-linux-gnu/5/../../../i386-linux-gnu/crti.o

.dynstr         0x000000000000462c     0x36cc
 *(.dynstr)
 .dynstr        0x000000000000462c     0x36cc /usr/lib/gcc/i686-linux-gnu/5/../../../i386-linux-gnu/crti.o

.gnu.version    0x0000000000007cf8      0x5ea
 *(.gnu.version)
 .gnu.version   0x0000000000007cf8      0x5ea /usr/lib/gcc/i686-linux-gnu/5/../../../i386-linux-gnu/crti.o

.gnu.version_d  0x00000000000082e4        0x0
 *(.gnu.version_d)
 .gnu.version_d
                0x00000000000082e4        0x0 /usr/lib/gcc/i686-linux-gnu/5/../../../i386-linux-gnu/crti.o

.gnu.version_r  0x00000000000082e4       0x40
 *(.gnu.version_r)
 .gnu.version_r
                0x00000000000082e4       0x40 /usr/lib/gcc/i686-linux-gnu/5/../../../i386-linux-gnu/crti.o

.rel.dyn        0x0000000000008324     0x9138
 *(.rel.init)
 .rel.init      0x0000000000008324        0x0 /usr/lib/gcc/i686-linux-gnu/5/../../../i386-linux-gnu/crti.o
 *(.rel.text .rel.text.* .rel.gnu.linkonce.t.*)
 .rel.text      0x0000000000008324     0x8750 /usr/lib/gcc/i686-linux-gnu/5/../../../i386-linux-gnu/crti.o
 *(.rel.fini)
 .rel.fini      0x0000000000010a74        0x0 /usr/lib/gcc/i686-linux-gnu/5/../../../i386-linux-gnu/crti.o
 *(.rel.rodata .rel.rodata.* .rel.gnu.linkonce.r.*)
 .rel.rodata    0x0000000000010a74      0x590 /usr/lib/gcc/i686-linux-gnu/5/../../../i386-linux-gnu/crti.o
 *(.rel.data.rel.ro .rel.data.rel.ro.* .rel.gnu.linkonce.d.rel.ro.*)
 *(.rel.data .rel.data.* .rel.gnu.linkonce.d.*)
 .rel.data.rel.local
                0x0000000000011004        0x8 /usr/lib/gcc/i686-linux-gnu/5/../../../i386-linux-gnu/crti.o
 .rel.data      0x000000000001100c      0x418 /usr/lib/gcc/i686-linux-gnu/5/../../../i386-linux-gnu/crti.o
 *(.rel.tdata .rel.tdata.* .rel.gnu.linkonce.td.*)
 *(.rel.tbss .rel.tbss.* .rel.gnu.linkonce.tb.*)
 *(.rel.ctors)
 *(.rel.dtors)
 *(.rel.got)
 .rel.got       0x0000000000011424       0x28 /usr/lib/gcc/i686-linux-gnu/5/../../../i386-linux-gnu/crti.o
 *(.rel.bss .rel.bss.* .rel.gnu.linkonce.b.*)
 *(.rel.ifunc)
 .rel.ifunc     0x000000000001144c        0x0 /usr/lib/gcc/i686-linux-gnu/5/../../../i386-linux-gnu/crti.o
 .rel.fini_array
                0x000000000001144c        0x8 /usr/lib/gcc/i686-linux-gnu/5/../../../i386-linux-gnu/crti.o
 .rel.init_array
                0x0000000000011454        0x8 /usr/lib/gcc/i686-linux-gnu/5/../../../i386-linux-gnu/crti.o

.rel.plt        0x000000000001145c        0x0
 *(.rel.plt)
 .rel.plt       0x000000000001145c        0x0 /usr/lib/gcc/i686-linux-gnu/5/../../../i386-linux-gnu/crti.o
 *(.rel.iplt)

.init           0x000000000001145c       0x23
 *(SORT(.init))
 .init          0x000000000001145c       0x1e /usr/lib/gcc/i686-linux-gnu/5/../../../i386-linux-gnu/crti.o
                0x000000000001145c                _init
 .init          0x000000000001147a        0x5 /usr/lib/gcc/i686-linux-gnu/5/../../../i386-linux-gnu/crtn.o

.plt            0x0000000000011480       0x10
 *(.plt)
 .plt           0x0000000000011480       0x10 /usr/lib/gcc/i686-linux-gnu/5/../../../i386-linux-gnu/crti.o
 *(.iplt)

.plt.got        0x0000000000011490       0x10
 *(.plt.got)
 .plt.got       0x0000000000011490       0x10 /usr/lib/gcc/i686-linux-gnu/5/../../../i386-linux-gnu/crti.o

.text           0x00000000000114a0    0x18a32
 *(.text.unlikely .text.*_unlikely .text.unlikely.*)
 .text.unlikely
                0x00000000000114a0        0x0 /usr/lib/gcc/i686-linux-gnu/5/crtbeginS.o
 .text.unlikely
                0x00000000000114a0        0x0 /usr/lib/gcc/i686-linux-gnu/5/libgcc.a(_udivdi3.o)
 *(.text.exit .text.exit.*)
 *(.text.startup .text.startup.*)
 *(.text.hot .text.hot.*)
 *(.text .stub .text.* .gnu.linkonce.t.*)
 .text          0x00000000000114a0        0x0 /usr/lib/gcc/i686-linux-gnu/5/../../../i386-linux-gnu/crti.o
 .gnu.linkonce.t.__x86.get_pc_thunk.bx
                0x00000000000114a0        0x4 /usr/lib/gcc/i686-linux-gnu/5/../../../i386-linux-gnu/crti.o
                0x00000000000114a0                __x86.get_pc_thunk.bx
 *fill*         0x00000000000114a4        0xc 
 .text          0x00000000000114b0      0x11c /usr/lib/gcc/i686-linux-gnu/5/crtbeginS.o
 .text.__x86.get_pc_thunk.dx
                0x00000000000115cc        0x4 /usr/lib/gcc/i686-linux-gnu/5/crtbeginS.o
                0x00000000000115cc                __x86.get_pc_thunk.dx
 .text          0x00000000000115d0      0x43e lock.o
                0x00000000000115d0                response_handler
 .text          0x0000000000011a0e      0x283 build/cooja/mtype581.o
                0x0000000000011aa0                platform_init_stage_one
                0x0000000000011ab3                platform_init_stage_two
                0x0000000000011ac6                platform_init_stage_three
                0x0000000000011ad9                platform_main_loop
                0x0000000000011b4c                Java_org_contikios_cooja_corecomm_Lib14_init
                0x0000000000011b83                Java_org_contikios_cooja_corecomm_Lib14_getMemory
                0x0000000000011bb6                Java_org_contikios_cooja_corecomm_Lib14_setMemory
                0x0000000000011c16                Java_org_contikios_cooja_corecomm_Lib14_tick
                0x0000000000011c7e                Java_org_contikios_cooja_corecomm_Lib14_setReferenceAddress
 .text          0x0000000000011c91       0x65 build/cooja/mtype581.a(simEnvChange.o)
                0x0000000000011c91                doActionsBeforeTick
                0x0000000000011cc3                doActionsAfterTick
 .text          0x0000000000011cf6       0x83 build/cooja/mtype581.a(cooja_mt.o)
                0x0000000000011cf6                cooja_mt_start
                0x0000000000011d20                cooja_mt_exec
                0x0000000000011d56                cooja_mt_yield
 .text          0x0000000000011d79       0xbe build/cooja/mtype581.a(cooja_mtarch.o)
                0x0000000000011d79                cooja_mtarch_start
                0x0000000000011dec                cooja_sw
                0x0000000000011e0f                cooja_mtarch_exec
                0x0000000000011e2c                cooja_mtarch_yield
 .text          0x0000000000011e37       0xc5 build/cooja/mtype581.a(rtimer-arch.o)
                0x0000000000011e37                rtimer_arch_init
                0x0000000000011e5b                rtimer_arch_schedule
                0x0000000000011e8b                rtimer_arch_next
                0x0000000000011e9b                rtimer_arch_pending
                0x0000000000011ea5                rtimer_arch_check
                0x0000000000011eec                rtimer_arch_now
 .text          0x0000000000011efc       0x81 build/cooja/mtype581.a(beep.o)
                0x0000000000011efc                beep_alarm
                0x0000000000011f09                beep_beep
                0x0000000000011f16                beep
                0x0000000000011f23                beep_down
                0x0000000000011f30                beep_on
                0x0000000000011f3d                beep_off
                0x0000000000011f4a                beep_spinup
                0x0000000000011f57                beep_quick
                0x0000000000011f64                beep_long
 .text          0x0000000000011f7d       0x65 build/cooja/mtype581.a(leds-arch.o)
                0x0000000000011f90                leds_arch_init
 .text          0x0000000000011fe2       0x35 build/cooja/mtype581.a(moteid.o)
 .text          0x0000000000012017       0xb7 build/cooja/mtype581.a(pir-sensor.o)
 .text          0x00000000000120ce      0x148 build/cooja/mtype581.a(rs232.o)
                0x00000000000120ce                rs232_init
                0x00000000000120d4                rs232_set_speed
                0x00000000000120e3                rs232_set_input
                0x00000000000120f1                rs232_send
                0x0000000000012115                rs232_print
                0x0000000000012131                slip_arch_writeb
 .text          0x0000000000012216       0xb7 build/cooja/mtype581.a(vib-sensor.o)
 .text          0x00000000000122cd       0x38 build/cooja/mtype581.a(clock.o)
                0x00000000000122cd                clock_init
                0x00000000000122d3                clock_time
                0x00000000000122dd                clock_seconds
                0x00000000000122f3                clock_delay
 .text          0x0000000000012305      0x219 build/cooja/mtype581.a(cooja-log.o)
                0x0000000000012305                simlog_char
                0x0000000000012348                simlog
                0x00000000000123be                log_message
                0x00000000000123ef                log_set_putchar_with_slip
                0x00000000000123fd                log_putchar
                0x0000000000012478                log_puts
                0x00000000000124a0                log_printf
 .text          0x000000000001251e      0x2b9 build/cooja/mtype581.a(cfs-cooja.o)
                0x000000000001251e                cfs_open
                0x0000000000012587                cfs_close
                0x0000000000012594                cfs_read
                0x0000000000012629                cfs_write
                0x0000000000012705                cfs_seek
                0x000000000001278d                cfs_remove
                0x00000000000127b1                cfs_opendir
                0x00000000000127bb                cfs_readdir
                0x00000000000127c5                cfs_closedir
 .text          0x00000000000127d7      0x620 build/cooja/mtype581.a(cooja-radio.o)
                0x0000000000012819                radio_set_channel
                0x0000000000012827                radio_set_txpower
                0x000000000001283f                radio_signal_strength_last
                0x0000000000012849                radio_signal_strength_current
                0x0000000000012853                radio_LQI
 .text          0x0000000000012df7       0xee build/cooja/mtype581.a(eeprom.o)
                0x0000000000012df7                eeprom_init
                0x0000000000012dfd                eeprom_read
                0x0000000000012e6b                eeprom_write
 .text          0x0000000000012ee5       0x2d build/cooja/mtype581.a(random.o)
                0x0000000000012ee5                random_init
                0x0000000000012f05                random_rand
 .text          0x0000000000012f12      0x29c build/cooja/mtype581.a(sensors.o)
                0x0000000000012f4d                sensors_first
                0x0000000000012f57                sensors_next
                0x0000000000012f71                sensors_changed
                0x0000000000012fa5                sensors_find
 .text          0x00000000000131ae      0x349 build/cooja/mtype581.a(leds.o)
                0x00000000000131ae                leds_init
                0x00000000000131f5                leds_single_on
                0x0000000000013254                leds_single_off
                0x00000000000132b3                leds_single_toggle
                0x00000000000132e5                leds_on
                0x0000000000013367                leds_off
                0x00000000000133e9                leds_toggle
                0x000000000001343e                leds_set
                0x000000000001346a                leds_get
 .text          0x00000000000134f7      0x343 build/cooja/mtype581.a(gpio-hal-arch.o)
                0x00000000000134f7                gpio_hal_arch_register_pin_callback
                0x0000000000013563                gpio_hal_arch_init
                0x00000000000135a8                gpio_hal_arch_no_port_interrupt_enable
                0x00000000000135d8                gpio_hal_arch_no_port_interrupt_disable
                0x0000000000013608                gpio_hal_arch_no_port_pin_cfg_set
                0x000000000001362d                gpio_hal_arch_no_port_pin_cfg_get
                0x0000000000013653                gpio_hal_arch_no_port_pin_set_input
                0x0000000000013665                gpio_hal_arch_no_port_pin_set_output
                0x0000000000013677                gpio_hal_arch_no_port_set_pin
                0x0000000000013698                gpio_hal_arch_no_port_clear_pin
                0x00000000000136b9                gpio_hal_arch_no_port_read_pin
                0x00000000000136df                gpio_hal_arch_no_port_write_pin
                0x0000000000013709                gpio_hal_arch_no_port_set_pins
                0x0000000000013750                gpio_hal_arch_no_port_clear_pins
                0x0000000000013797                gpio_hal_arch_no_port_read_pins
                0x00000000000137da                gpio_hal_arch_no_port_write_pins
 .text          0x000000000001383a       0x89 build/cooja/mtype581.a(buttons.o)
 .text          0x00000000000138c3      0x21a build/cooja/mtype581.a(res_presence.o)
                0x00000000000138c3                generate_random_presence
 .text          0x0000000000013add      0x319 build/cooja/mtype581.a(res_lock.o)
 .text          0x0000000000013df6      0x27b build/cooja/mtype581.a(coap-blocking-a)
                0x0000000000013df6                coap_blocking_request_callback
                0x0000000000013e20                coap_blocking_request
 .text          0x0000000000014071      0xbea build/cooja/mtype581.a(coap-engine.o)
                0x0000000000014106                coap_add_handler
                0x0000000000014123                coap_remove_handler
                0x0000000000014140                coap_call_handlers
                0x0000000000014248                coap_receive
                0x0000000000014843                coap_engine_init
                0x00000000000148a1                coap_activate_resource
                0x000000000001494c                coap_get_first_resource
                0x0000000000014965                coap_get_next_resource
 .text          0x0000000000014c5b      0x2d9 build/cooja/mtype581.a(coap-res-well-k)
 .text          0x0000000000014f34      0x96a build/cooja/mtype581.a(coap-observe.o)
                0x0000000000015049                coap_remove_observer
                0x0000000000015079                coap_remove_observer_by_client
                0x00000000000150e1                coap_remove_observer_by_token
                0x0000000000015174                coap_remove_observer_by_uri
                0x000000000001521b                coap_remove_observer_by_mid
                0x0000000000015297                coap_notify_observers
                0x00000000000152b0                coap_notify_observers_sub
                0x000000000001571a                coap_observe_handler
                0x0000000000015835                coap_has_observers
 .text          0x000000000001589e      0x733 build/cooja/mtype581.a(coap-uip.o)
                0x000000000001589e                coap_endpoint_log
                0x0000000000015924                coap_endpoint_print
                0x00000000000159aa                coap_endpoint_snprint
                0x0000000000015add                coap_endpoint_copy
                0x0000000000015b1a                coap_endpoint_cmp
                0x0000000000015c28                coap_endpoint_parse
                0x0000000000015e13                coap_endpoint_is_secure
                0x0000000000015e22                coap_endpoint_is_connected
                0x0000000000015e56                coap_endpoint_connect
                0x0000000000015e72                coap_endpoint_disconnect
                0x0000000000015e78                coap_databuf
                0x0000000000015e82                coap_transport_init
                0x0000000000015ed2                coap_sendto
 .text          0x0000000000015fd1      0x324 build/cooja/mtype581.a(coap-timer.o)
                0x00000000000160ce                coap_timer_stop
                0x00000000000160f9                coap_timer_set
                0x000000000001613c                coap_timer_reset
                0x000000000001617f                coap_timer_time_to_next_expiration
                0x00000000000161eb                coap_timer_run
                0x00000000000162b7                coap_timer_init
 .text          0x00000000000162f5      0x2c6 build/cooja/mtype581.a(coap-transactio)
                0x000000000001635b                coap_new_transaction
                0x00000000000163c1                coap_send_transaction
                0x0000000000016522                coap_clear_transaction
                0x000000000001656a                coap_get_transaction_by_mid
 .text          0x00000000000165bb     0x1c53 build/cooja/mtype581.a(coap.o)
                0x0000000000016b28                coap_init_connection
                0x0000000000016b3c                coap_get_mid
                0x0000000000016b58                coap_init_message
                0x0000000000016ba1                coap_serialize_message
                0x0000000000017223                coap_parse_message
                0x000000000001788a                coap_get_query_variable
                0x00000000000178cc                coap_get_post_variable
                0x0000000000017910                coap_set_status_code
                0x0000000000017935                coap_set_token
                0x000000000001797c                coap_get_header_content_format
                0x00000000000179ad                coap_set_header_content_format
                0x00000000000179d0                coap_get_header_accept
                0x0000000000017a01                coap_set_header_accept
                0x0000000000017a24                coap_get_header_max_age
                0x0000000000017a55                coap_set_header_max_age
                0x0000000000017a75                coap_get_header_etag
                0x0000000000017aa7                coap_set_header_etag
                0x0000000000017afe                coap_get_header_if_match
                0x0000000000017b30                coap_set_header_if_match
                0x0000000000017b87                coap_get_header_if_none_match
                0x0000000000017ba1                coap_set_header_if_none_match
                0x0000000000017bb8                coap_get_header_proxy_uri
                0x0000000000017be6                coap_set_header_proxy_uri
                0x0000000000017c23                coap_get_header_uri_host
                0x0000000000017c51                coap_set_header_uri_host
                0x0000000000017c8e                coap_get_header_uri_path
                0x0000000000017cbc                coap_set_header_uri_path
                0x0000000000017d09                coap_get_header_uri_query
                0x0000000000017d3d                coap_set_header_uri_query
                0x0000000000017d93                coap_get_header_location_path
                0x0000000000017dc1                coap_set_header_location_path
                0x0000000000017e5a                coap_get_header_location_query
                0x0000000000017e88                coap_set_header_location_query
                0x0000000000017ed5                coap_get_header_observe
                0x0000000000017f04                coap_set_header_observe
                0x0000000000017f24                coap_get_header_block2
                0x0000000000017f90                coap_set_header_block2
                0x0000000000018007                coap_get_header_block1
                0x000000000001807c                coap_set_header_block1
                0x00000000000180f7                coap_get_header_size2
                0x0000000000018127                coap_set_header_size2
                0x000000000001814a                coap_get_header_size1
                0x000000000001817a                coap_set_header_size1
                0x000000000001819d                coap_get_payload
                0x00000000000181d7                coap_set_payload
 .text          0x000000000001820e      0x332 build/cooja/mtype581.a(contiki-main.o)
                0x000000000001820e                main
 .text          0x0000000000018540       0x92 build/cooja/mtype581.a(autostart.o)
                0x0000000000018540                autostart_start
                0x000000000001858a                autostart_exit
 .text          0x00000000000185d2      0x355 build/cooja/mtype581.a(ctimer.o)
                0x00000000000186fa                ctimer_init
                0x000000000001872d                ctimer_set
                0x0000000000018753                ctimer_set_with_process
                0x00000000000187d0                ctimer_reset
                0x0000000000018824                ctimer_restart
                0x0000000000018878                ctimer_stop
                0x00000000000188c8                ctimer_expired
 .text          0x0000000000018927      0x394 build/cooja/mtype581.a(log.o)
                0x0000000000018927                log_6addr
                0x000000000001897a                log_6addr_compact_snprint
                0x0000000000018a18                log_6addr_compact
                0x0000000000018a6b                log_lladdr
                0x0000000000018add                log_lladdr_compact
                0x0000000000018b45                log_set_level
                0x0000000000018c00                log_get_level
                0x0000000000018c79                log_level_to_str
 .text          0x0000000000018cbb       0x1b build/cooja/mtype581.a(energest.o)
                0x0000000000018cbb                energest_init
                0x0000000000018cc1                energest_flush
                0x0000000000018cc7                energest_get_total_time
 .text          0x0000000000018cd6      0x43f build/cooja/mtype581.a(etimer.o)
                0x0000000000018efa                etimer_request_poll
                0x0000000000018f83                etimer_set
                0x0000000000018fac                etimer_reset_with_new_interval
                0x0000000000018fdb                etimer_reset
                0x0000000000019001                etimer_restart
                0x0000000000019027                etimer_adjust
                0x0000000000019044                etimer_expired
                0x0000000000019057                etimer_expiration_time
                0x0000000000019069                etimer_start_time
                0x0000000000019073                etimer_pending
                0x0000000000019085                etimer_next_expiration_time
                0x000000000001909f                etimer_stop
 .text          0x0000000000019115       0x25 build/cooja/mtype581.a(node-id.o)
                0x0000000000019115                node_id_init
 .text          0x000000000001913a       0xeb build/cooja/mtype581.a(rtimer.o)
                0x000000000001913a                rtimer_init
                0x0000000000019148                rtimer_set
                0x00000000000191c3                rtimer_run_next
 .text          0x0000000000019225      0x4fb build/cooja/mtype581.a(process.o)
                0x0000000000019225                process_alloc_event
                0x000000000001923a                process_start
                0x0000000000019414                process_exit
                0x0000000000019431                process_init
                0x00000000000195c6                process_run
                0x00000000000195f9                process_nevents
                0x0000000000019614                process_post
                0x00000000000196a7                process_post_synch
                0x00000000000196dc                process_poll
                0x000000000001970c                process_is_running
 .text          0x0000000000019720       0xb1 build/cooja/mtype581.a(timer.o)
                0x0000000000019720                timer_set
                0x000000000001973e                timer_reset
                0x000000000001976b                timer_restart
                0x0000000000019780                timer_expired
                0x00000000000197ad                timer_remaining
 .text          0x00000000000197d1      0x28f build/cooja/mtype581.a(list.o)
                0x00000000000197d1                list_init
                0x00000000000197e0                list_head
                0x00000000000197ea                list_copy
                0x00000000000197fa                list_tail
                0x0000000000019830                list_add
                0x000000000001987c                list_push
                0x00000000000198a8                list_chop
                0x0000000000019912                list_pop
                0x000000000001993a                list_remove
                0x00000000000199a2                list_length
                0x00000000000199d0                list_insert
                0x0000000000019a15                list_item_next
                0x0000000000019a2c                list_contains
 .text          0x0000000000019a60      0x1b5 build/cooja/mtype581.a(memb.o)
                0x0000000000019a60                memb_init
                0x0000000000019ab5                memb_alloc
                0x0000000000019b18                memb_free
                0x0000000000019b8f                memb_inmemb
                0x0000000000019bce                memb_numfree
 .text          0x0000000000019c15      0x41c build/cooja/mtype581.a(button-hal.o)
                0x0000000000019d8e                button_hal_get_by_id
                0x0000000000019dcc                button_hal_get_by_index
                0x0000000000019df8                button_hal_get_state
                0x0000000000019e4a                button_hal_init
 .text          0x000000000001a031      0x1f3 build/cooja/mtype581.a(serial-line.o)
                0x000000000001a031                serial_line_input_byte
                0x000000000001a1ef                serial_line_init
 .text          0x000000000001a224      0x168 build/cooja/mtype581.a(gpio-hal.o)
                0x000000000001a224                gpio_hal_register_handler
                0x000000000001a241                gpio_hal_event_handler
                0x000000000001a29d                gpio_hal_init
                0x000000000001a2bc                gpio_hal_arch_port_toggle_pin
                0x000000000001a2f8                gpio_hal_arch_port_toggle_pins
                0x000000000001a326                gpio_hal_arch_no_port_toggle_pin
                0x000000000001a364                gpio_hal_arch_no_port_toggle_pins
 .text          0x000000000001a38c      0x2e7 build/cooja/mtype581.a(queuebuf.o)
                0x000000000001a396                queuebuf_init
                0x000000000001a3bf                queuebuf_numfree
                0x000000000001a3d7                queuebuf_new_from_packetbuf
                0x000000000001a476                queuebuf_update_attr_from_packetbuf
                0x000000000001a4ab                queuebuf_update_from_packetbuf
                0x000000000001a4fb                queuebuf_free
                0x000000000001a544                queuebuf_to_packetbuf
                0x000000000001a5b0                queuebuf_dataptr
                0x000000000001a5ea                queuebuf_datalen
                0x000000000001a60d                queuebuf_addr
                0x000000000001a642                queuebuf_attr
                0x000000000001a66d                queuebuf_debug_print
 .text          0x000000000001a673      0x407 build/cooja/mtype581.a(packetbuf.o)
                0x000000000001a673                packetbuf_clear
                0x000000000001a69e                packetbuf_copyfrom
                0x000000000001a6ed                packetbuf_copyto
                0x000000000001a780                packetbuf_hdralloc
                0x000000000001a7fc                packetbuf_hdrreduce
                0x000000000001a842                packetbuf_set_datalen
                0x000000000001a85c                packetbuf_dataptr
                0x000000000001a879                packetbuf_hdrptr
                0x000000000001a883                packetbuf_datalen
                0x000000000001a88f                packetbuf_hdrlen
                0x000000000001a8a6                packetbuf_totlen
                0x000000000001a8bc                packetbuf_remaininglen
                0x000000000001a8cf                packetbuf_attr_clear
                0x000000000001a91b                packetbuf_attr_copyto
                0x000000000001a973                packetbuf_attr_copyfrom
                0x000000000001a9cb                packetbuf_set_attr
                0x000000000001a9f5                packetbuf_attr
                0x000000000001aa0f                packetbuf_set_addr
                0x000000000001aa40                packetbuf_addr
                0x000000000001aa5d                packetbuf_holds_broadcast
 .text          0x000000000001aa7a       0xef build/cooja/mtype581.a(netstack.o)
                0x000000000001aa7a                netstack_process_ip_callback
                0x000000000001ab0b                netstack_ip_packet_processor_add
                0x000000000001ab2e                uip_ds6_ip_packet_processor_rm
                0x000000000001ab4b                netstack_init
 .text          0x000000000001ab69       0x4f build/cooja/mtype581.a(linkaddr.o)
                0x000000000001ab69                linkaddr_copy
                0x000000000001ab7f                linkaddr_cmp
                0x000000000001aba2                linkaddr_set_node_addr
 .text          0x000000000001abb8      0x1f6 build/cooja/mtype581.a(csma.o)
 .text          0x000000000001adae      0x95d build/cooja/mtype581.a(csma-output.o)
                0x000000000001b445                csma_output_packet
                0x000000000001b6d2                csma_output_init
 .text          0x000000000001b70b      0xc11 build/cooja/mtype581.a(uip-ds6.o)
                0x000000000001b70b                uip_ds6_default_prefix
                0x000000000001b715                uip_ds6_set_default_prefix
                0x000000000001b740                uip_ds6_init
                0x000000000001b9a2                uip_ds6_periodic
                0x000000000001ba29                uip_ds6_list_loop
                0x000000000001bae9                uip_ds6_prefix_add
                0x000000000001bb95                uip_ds6_prefix_rm
                0x000000000001bba8                uip_ds6_prefix_lookup
                0x000000000001bbe7                uip_ds6_is_addr_onlink
                0x000000000001bc5a                uip_ds6_addr_add
                0x000000000001bd7a                uip_ds6_addr_rm
                0x000000000001be23                uip_ds6_addr_lookup
                0x000000000001be5c                uip_ds6_get_link_local
                0x000000000001bedd                uip_ds6_get_global
                0x000000000001bf5e                uip_ds6_maddr_add
                0x000000000001bfbe                uip_ds6_maddr_rm
                0x000000000001bfd1                uip_ds6_maddr_lookup
                0x000000000001c00a                uip_ds6_aaddr_add
                0x000000000001c06a                uip_ds6_aaddr_rm
                0x000000000001c07d                uip_ds6_aaddr_lookup
                0x000000000001c0b6                uip_ds6_select_src
                0x000000000001c1ff                uip_ds6_set_addr_iid
                0x000000000001c22a                uip_ds6_set_lladdr_from_iid
                0x000000000001c253                get_match_length
                0x000000000001c2e4                uip_ds6_compute_reachable_time
 .text          0x000000000001c31c      0x128 build/cooja/mtype581.a(uip-udp-packet.)
                0x000000000001c31c                uip_udp_packet_send
                0x000000000001c377                uip_udp_packet_sendto
 .text          0x000000000001c444      0x35b build/cooja/mtype581.a(uip-ds6-route.o)
                0x000000000001c495                uip_ds6_route_init
                0x000000000001c4bf                uip_ds6_route_nexthop
                0x000000000001c4c9                uip_ds6_route_head
                0x000000000001c4d3                uip_ds6_route_next
                0x000000000001c4dd                uip_ds6_route_is_nexthop
                0x000000000001c4e7                uip_ds6_route_num_routes
                0x000000000001c4f1                uip_ds6_route_lookup
                0x000000000001c4fb                uip_ds6_route_add
                0x000000000001c50e                uip_ds6_route_rm
                0x000000000001c514                uip_ds6_route_rm_by_nexthop
                0x000000000001c51a                uip_ds6_defrt_head
                0x000000000001c533                uip_ds6_defrt_add
                0x000000000001c5e1                uip_ds6_defrt_rm
                0x000000000001c647                uip_ds6_defrt_lookup
                0x000000000001c6ae                uip_ds6_defrt_choose
                0x000000000001c724                uip_ds6_defrt_periodic
 .text          0x000000000001c79f      0x6f7 build/cooja/mtype581.a(tcpip.o)
                0x000000000001c7b9                tcpip_output
                0x000000000001c838                udp_attach
                0x000000000001c850                udp_new
                0x000000000001c89a                udp_broadcast_new
                0x000000000001ca0c                tcpip_input
                0x000000000001cb9c                tcpip_ipv6_output
                0x000000000001cd90                tcpip_poll_udp
                0x000000000001cdae                tcpip_uipcall
 .text          0x000000000001ce96     0x1205 build/cooja/mtype581.a(uip6.o)
                0x000000000001cf45                uip_chksum
                0x000000000001d01c                uip_icmp6chksum
                0x000000000001d031                uip_udpchksum
                0x000000000001d046                uip_init
                0x000000000001d08f                uip_remove_ext_hdr
                0x000000000001d169                uip_udp_new
                0x000000000001d47d                uip_process
                0x000000000001df75                uip_htons
                0x000000000001df97                uip_htonl
                0x000000000001dfd5                uip_send
 .text          0x000000000001e09b      0x369 build/cooja/mtype581.a(uip-ds6-nbr.o)
                0x000000000001e09b                uip_ds6_neighbors_init
                0x000000000001e0bf                uip_ds6_nbr_add
                0x000000000001e145                uip_ds6_nbr_rm
                0x000000000001e190                uip_ds6_nbr_update_ll
                0x000000000001e27e                uip_ds6_nbr_get_ipaddr
                0x000000000001e293                uip_ds6_nbr_get_ll
                0x000000000001e2af                uip_ds6_nbr_num
                0x000000000001e2f8                uip_ds6_nbr_head
                0x000000000001e311                uip_ds6_nbr_next
                0x000000000001e32d                uip_ds6_nbr_lookup
                0x000000000001e385                uip_ds6_nbr_ll_lookup
                0x000000000001e3a1                uip_ds6_nbr_ipaddr_from_lladdr
                0x000000000001e3ca                uip_ds6_nbr_lladdr_from_ipaddr
                0x000000000001e3fe                uip_ds6_link_callback
 .text          0x000000000001e404      0x6a7 build/cooja/mtype581.a(uip-nd6.o)
                0x000000000001ea92                uip_nd6_init
 .text          0x000000000001eaab     0x2c17 build/cooja/mtype581.a(sicslowpan.o)
                0x000000000001f0b2                netstack_sniffer_add
                0x000000000001f0c0                netstack_sniffer_remove
                0x0000000000021696                sicslowpan_init
                0x00000000000216b8                sicslowpan_get_last_rssi
 .text          0x00000000000216c2      0x4d1 build/cooja/mtype581.a(uiplib.o)
                0x00000000000216c2                uiplib_ip6addrconv
                0x000000000002187a                uiplib_ip4addrconv
                0x000000000002193d                uiplib_ipaddr_print
                0x0000000000021990                uiplib_ipaddr_snprint
 .text          0x0000000000021b93      0x4c9 build/cooja/mtype581.a(rpl.o)
                0x0000000000021b93                rpl_lollipop_greater_than
                0x0000000000021bed                rpl_get_global_address
                0x0000000000021ce5                rpl_link_callback
                0x0000000000021d29                rpl_has_joined
                0x0000000000021d4e                rpl_is_reachable
                0x0000000000021dcf                rpl_reset_prefix
                0x0000000000021e39                rpl_set_prefix_from_addr
                0x0000000000021f1e                rpl_set_prefix
                0x0000000000022038                rpl_set_leaf_only
                0x0000000000022050                rpl_get_leaf_only
 .text          0x000000000002205c     0x138c build/cooja/mtype581.a(rpl-icmp6.o)
                0x0000000000022181                rpl_icmp6_update_nbr_table
                0x000000000002220a                rpl_icmp6_dis_output
                0x0000000000022850                rpl_icmp6_dio_output
                0x000000000002304e                rpl_icmp6_dao_output
                0x000000000002332f                rpl_icmp6_dao_ack_output
                0x000000000002339f                rpl_icmp6_init
 .text          0x00000000000233e8      0x264 build/cooja/mtype581.a(rpl-dag-root.o)
                0x00000000000233e8                rpl_dag_root_print_links
                0x0000000000023514                rpl_dag_root_set_prefix
                0x0000000000023540                rpl_dag_root_start
                0x000000000002361d                rpl_dag_root_is_root
 .text          0x000000000002364c       0x30 build/cooja/mtype581.a(watchdog.o)
                0x000000000002364c                watchdog_init
                0x0000000000023652                watchdog_start
                0x0000000000023658                watchdog_periodic
                0x0000000000023670                watchdog_stop
                0x0000000000023676                watchdog_reboot
 .text          0x000000000002367c       0x4a build/cooja/mtype581.a(int-master.o)
                0x000000000002367c                int_master_enable
                0x000000000002368c                int_master_read_and_disable
                0x00000000000236a9                int_master_status_set
                0x00000000000236b7                int_master_is_enabled
 .text          0x00000000000236c6      0x226 build/cooja/mtype581.a(coap-timer-defa)
 .text          0x00000000000238ec       0xc7 build/cooja/mtype581.a(stimer.o)
                0x00000000000238ec                stimer_set
                0x000000000002390a                stimer_reset
                0x0000000000023937                stimer_restart
                0x000000000002394c                stimer_expired
                0x0000000000023977                stimer_remaining
                0x000000000002399b                stimer_elapsed
 .text          0x00000000000239b3      0x156 build/cooja/mtype581.a(ringbuf.o)
                0x00000000000239b3                ringbuf_init
                0x00000000000239e5                ringbuf_put
                0x0000000000023a63                ringbuf_get
                0x0000000000023ad0                ringbuf_size
                0x0000000000023ae2                ringbuf_elements
 .text          0x0000000000023b09       0x1f build/cooja/mtype581.a(assert.o)
                0x0000000000023b09                _xassert
 .text          0x0000000000023b28      0x79b build/cooja/mtype581.a(nbr-table.o)
                0x0000000000023fa1                nbr_table_register
                0x000000000002400e                nbr_table_is_registered
                0x0000000000024049                nbr_table_head
                0x00000000000240a4                nbr_table_next
                0x0000000000024105                nbr_table_add_lladdr
                0x00000000000241df                nbr_table_get_from_lladdr
                0x000000000002422b                nbr_table_remove
                0x0000000000024263                nbr_table_lock
                0x000000000002427d                nbr_table_unlock
                0x0000000000024297                nbr_table_get_lladdr
 .text          0x00000000000242c3      0x3a5 build/cooja/mtype581.a(link-stats.o)
                0x00000000000242c3                link_stats_from_lladdr
                0x00000000000242df                link_stats_get_lladdr
                0x00000000000242fb                link_stats_is_fresh
                0x0000000000024337                guess_etx_from_rssi
                0x00000000000243b3                link_stats_packet_sent
                0x00000000000244d3                link_stats_input_callback
                0x00000000000245e3                link_stats_reset
                0x0000000000024633                link_stats_init
 .text          0x0000000000024668      0x187 build/cooja/mtype581.a(mac-sequence.o)
                0x0000000000024668                mac_sequence_is_duplicate
                0x0000000000024708                mac_sequence_register_seqno
 .text          0x00000000000247ef       0x23 build/cooja/mtype581.a(mac.o)
                0x00000000000247ef                mac_call_sent_callback
 .text          0x0000000000024812      0x432 build/cooja/mtype581.a(framer-802154.o)
                0x00000000000249a1                framer_802154_setup_params
 .text          0x0000000000024c44      0xb6f build/cooja/mtype581.a(frame802154.o)
                0x0000000000024c75                frame802154_get_pan_id
                0x0000000000024c81                frame802154_set_pan_id
                0x0000000000024c9b                frame802154_has_panid
                0x0000000000024e4a                frame802154_check_dest_panid
                0x0000000000024ed2                frame802154_is_broadcast_addr
                0x0000000000024f1f                frame802154_extract_linkaddr
                0x0000000000025184                frame802154_hdrlen
                0x00000000000251f7                frame802154_create_fcf
                0x00000000000252af                frame802154_create
                0x0000000000025424                frame802154_parse_fcf
                0x0000000000025506                frame802154_parse
 .text          0x00000000000257b3       0x2d build/cooja/mtype581.a(csma-security.o)
                0x00000000000257b3                csma_security_create_frame
                0x00000000000257d1                csma_security_parse_frame
 .text          0x00000000000257e0      0x4e4 build/cooja/mtype581.a(uipbuf.o)
                0x00000000000257e0                uipbuf_clear
                0x0000000000025807                uipbuf_add_ext_hdr
                0x0000000000025887                uipbuf_set_len
                0x00000000000258b4                uipbuf_set_len_field
                0x00000000000258e0                uipbuf_get_len_field
                0x0000000000025900                uipbuf_get_next_header
                0x0000000000025a32                uipbuf_get_last_header
                0x0000000000025aab                uipbuf_search_header
                0x0000000000025b61                uipbuf_get_attr
                0x0000000000025b88                uipbuf_set_attr
                0x0000000000025bbf                uipbuf_set_default_attr
                0x0000000000025bf6                uipbuf_clear_attr
                0x0000000000025c1a                uipbuf_set_attr_flag
                0x0000000000025c3b                uipbuf_clr_attr_flag
                0x0000000000025c62                uipbuf_is_attr_flag
                0x0000000000025c86                uipbuf_init
 .text          0x0000000000025cc4      0x73f build/cooja/mtype581.a(uip-icmp6.o)
                0x0000000000025d39                uip_icmp6_input
                0x0000000000025d90                uip_icmp6_register_input_handler
                0x0000000000025ee3                uip_icmp6_error_output
                0x0000000000026194                uip_icmp6_send
                0x000000000002638b                uip_icmp6_echo_reply_callback_add
                0x00000000000263bd                uip_icmp6_echo_reply_callback_rm
                0x00000000000263da                uip_icmp6_init
 .text          0x0000000000026403      0x69b build/cooja/mtype581.a(uip-sr.o)
                0x0000000000026403                uip_sr_num_nodes
                0x0000000000026491                uip_sr_get_node
                0x00000000000264e8                uip_sr_is_addr_reachable
                0x0000000000026596                uip_sr_expire_parent
                0x00000000000265df                uip_sr_update_node
                0x000000000002670f                uip_sr_init
                0x0000000000026743                uip_sr_node_head
                0x000000000002675c                uip_sr_node_next
                0x0000000000026772                uip_sr_periodic
                0x0000000000026878                uip_sr_free_all
                0x00000000000268e8                uip_sr_link_snprint
 .text          0x0000000000026a9e      0x146 build/cooja/mtype581.a(uip-packetqueue)
                0x0000000000026acc                uip_packetqueue_new
                0x0000000000026adb                uip_packetqueue_alloc
                0x0000000000026b36                uip_packetqueue_free
                0x0000000000026b7d                uip_packetqueue_buf
                0x0000000000026b9a                uip_packetqueue_buflen
                0x0000000000026bbb                uip_packetqueue_set_buflen
 .text          0x0000000000026be4      0x1b0 build/cooja/mtype581.a(rpl-nbr-policy.)
                0x0000000000026d51                rpl_nbr_policy_find_removable
 .text          0x0000000000026d94      0x915 build/cooja/mtype581.a(rpl-neighbor.o)
                0x0000000000026e10                rpl_neighbor_snprint
                0x00000000000270c3                rpl_neighbor_print_list
                0x0000000000027178                rpl_neighbor_count
                0x000000000002721f                rpl_neighbor_get_from_lladdr
                0x000000000002723b                rpl_neighbor_is_acceptable_parent
                0x000000000002726f                rpl_neighbor_get_link_metric
                0x00000000000272a3                rpl_neighbor_rank_via_nbr
                0x00000000000272d7                rpl_neighbor_get_lladdr
                0x00000000000272f3                rpl_neighbor_get_ipaddr
                0x000000000002731a                rpl_neighbor_get_link_stats
                0x0000000000027341                rpl_neighbor_is_fresh
                0x0000000000027368                rpl_neighbor_is_reachable
                0x00000000000273b3                rpl_neighbor_is_parent
                0x00000000000273dd                rpl_neighbor_set_preferred_parent
                0x0000000000027474                rpl_neighbor_remove_all
                0x00000000000274d0                rpl_neighbor_get_from_ipaddr
                0x00000000000275de                rpl_neighbor_select_best
                0x000000000002768a                rpl_neighbor_init
 .text          0x00000000000276a9      0xe69 build/cooja/mtype581.a(rpl-dag.o)
                0x00000000000276a9                rpl_dag_state_to_str
                0x00000000000276e8                rpl_dag_get_root_ipaddr
                0x0000000000027730                rpl_dag_leave
                0x00000000000277b9                rpl_dag_poison_and_leave
                0x00000000000277d1                rpl_dag_periodic
                0x0000000000027859                rpl_is_addr_in_our_dag
                0x000000000002789d                rpl_get_default_instance
                0x00000000000278b9                rpl_get_any_dag
                0x0000000000027912                rpl_refresh_routes
                0x0000000000027952                rpl_global_repair
                0x00000000000279eb                rpl_local_repair
                0x0000000000027a35                rpl_dag_ready_to_advertise
                0x0000000000027a78                rpl_dag_update_state
                0x00000000000281a5                rpl_process_dio
                0x0000000000028223                rpl_process_dis
                0x0000000000028268                rpl_process_dao
                0x00000000000282f7                rpl_process_dao_ack
                0x000000000002838e                rpl_process_hbh
                0x00000000000283de                rpl_dag_init_root
                0x00000000000284f2                rpl_dag_init
 .text          0x0000000000028512      0x9e7 build/cooja/mtype581.a(rpl-timers.o)
                0x0000000000028512                rpl_timers_schedule_periodic_dis
                0x0000000000028660                rpl_timers_dio_reset
                0x000000000002876e                rpl_timers_schedule_unicast_dio
                0x00000000000288c2                rpl_timers_schedule_dao
                0x0000000000028981                rpl_timers_schedule_dao_ack
                0x0000000000028a07                rpl_timers_notify_dao_ack
                0x0000000000028a65                get_probing_delay
                0x0000000000028a99                get_probing_target
                0x0000000000028c83                rpl_schedule_probing
                0x0000000000028cb1                rpl_schedule_probing_now
                0x0000000000028d1b                rpl_timers_unschedule_leaving
                0x0000000000028d53                rpl_timers_schedule_leaving
                0x0000000000028d94                rpl_timers_init
                0x0000000000028e24                rpl_timers_stop_dag_timers
                0x0000000000028e9d                rpl_timers_unschedule_state_update
                0x0000000000028ec1                rpl_timers_schedule_state_update
 .text          0x0000000000028ef9      0xb8e build/cooja/mtype581.a(rpl-ext-header.)
                0x0000000000028ef9                rpl_ext_header_srh_get_next_hop
                0x0000000000028fe0                rpl_ext_header_srh_update
                0x000000000002954c                rpl_ext_header_hbh_update
                0x000000000002984c                rpl_ext_header_update
                0x00000000000298d5                rpl_ext_header_remove
 .text          0x0000000000029a87      0x31b build/cooja/mtype581.a(rpl-mrhof.o)
 *fill*         0x0000000000029da2        0xe 
 .text          0x0000000000029db0      0x122 /usr/lib/gcc/i686-linux-gnu/5/libgcc.a(_udivdi3.o)
                0x0000000000029db0                __udivdi3
 .text          0x0000000000029ed2        0x0 /usr/lib/gcc/i686-linux-gnu/5/crtendS.o
 .text          0x0000000000029ed2        0x0 /usr/lib/gcc/i686-linux-gnu/5/../../../i386-linux-gnu/crtn.o
 *(.gnu.warning)

.fini           0x0000000000029ed4       0x14
 *(SORT(.fini))
 .fini          0x0000000000029ed4        0xf /usr/lib/gcc/i686-linux-gnu/5/../../../i386-linux-gnu/crti.o
                0x0000000000029ed4                _fini
 .fini          0x0000000000029ee3        0x5 /usr/lib/gcc/i686-linux-gnu/5/../../../i386-linux-gnu/crtn.o
                [!provide]                        PROVIDE (__etext, .)
                [!provide]                        PROVIDE (_etext, .)
                [!provide]                        PROVIDE (etext, .)

.rodata         0x0000000000029f00      0xacb
 *(.rodata .rodata.* .gnu.linkonce.r.*)
 .rodata        0x0000000000029f00       0xb2 lock.o
                0x0000000000029f18                autostart_processes
 *fill*         0x0000000000029fb2        0x2 
 .rodata        0x0000000000029fb4        0x8 build/cooja/mtype581.a(beep.o)
                0x0000000000029fb4                beep_interface
 .rodata        0x0000000000029fbc        0xe build/cooja/mtype581.a(leds-arch.o)
                0x0000000000029fbc                leds_interface
                0x0000000000029fc4                leds_arch_leds
 *fill*         0x0000000000029fca        0x2 
 .rodata        0x0000000000029fcc        0x8 build/cooja/mtype581.a(moteid.o)
                0x0000000000029fcc                moteid_interface
 .rodata        0x0000000000029fd4       0x1c build/cooja/mtype581.a(pir-sensor.o)
                0x0000000000029fd4                pir_interface
                0x0000000000029fe0                pir_sensor
 .rodata        0x0000000000029ff0        0xe build/cooja/mtype581.a(rs232.o)
                0x0000000000029ff0                rs232_interface
 *fill*         0x0000000000029ffe        0x2 
 .rodata        0x000000000002a000       0x24 build/cooja/mtype581.a(vib-sensor.o)
                0x000000000002a000                vib_interface
                0x000000000002a014                vib_sensor
 .rodata        0x000000000002a024        0x8 build/cooja/mtype581.a(clock.o)
                0x000000000002a024                clock_interface
 .rodata        0x000000000002a02c        0x8 build/cooja/mtype581.a(cooja-log.o)
                0x000000000002a02c                simlog_interface
 .rodata        0x000000000002a034       0x2f build/cooja/mtype581.a(cfs-cooja.o)
                0x000000000002a034                cfs_interface
 *fill*         0x000000000002a063       0x1d 
 .rodata        0x000000000002a080       0xb8 build/cooja/mtype581.a(cooja-radio.o)
                0x000000000002a080                radio_interface
                0x000000000002a100                cooja_radio_driver
 .rodata        0x000000000002a138        0x8 build/cooja/mtype581.a(eeprom.o)
                0x000000000002a138                eeprom_interface
 .rodata        0x000000000002a140        0x8 build/cooja/mtype581.a(sensors.o)
 .rodata        0x000000000002a148       0x2c build/cooja/mtype581.a(buttons.o)
                0x000000000002a148                button_interface
                0x000000000002a15c                button_hal_button_count
                0x000000000002a164                button_sensor
 .rodata        0x000000000002a174       0x37 build/cooja/mtype581.a(res_presence.o)
 *fill*         0x000000000002a1ab        0x1 
 .rodata        0x000000000002a1ac       0x6e build/cooja/mtype581.a(res_lock.o)
 .rodata        0x000000000002a21a       0x41 build/cooja/mtype581.a(coap-engine.o)
 .rodata        0x000000000002a25b       0x19 build/cooja/mtype581.a(coap-res-well-k)
 .rodata        0x000000000002a274       0x11 build/cooja/mtype581.a(coap-observe.o)
 .rodata        0x000000000002a285       0x35 build/cooja/mtype581.a(coap-uip.o)
 *fill*         0x000000000002a2ba        0x2 
 .rodata        0x000000000002a2bc      0x1ac build/cooja/mtype581.a(coap.o)
 .rodata        0x000000000002a468       0xf8 build/cooja/mtype581.a(contiki-main.o)
 .rodata        0x000000000002a560        0xf build/cooja/mtype581.a(ctimer.o)
 *fill*         0x000000000002a56f        0x1 
 .rodata        0x000000000002a570       0xc4 build/cooja/mtype581.a(log.o)
 .rodata        0x000000000002a634        0xc build/cooja/mtype581.a(etimer.o)
 .rodata        0x000000000002a640       0x13 build/cooja/mtype581.a(button-hal.o)
 .rodata        0x000000000002a653        0xe build/cooja/mtype581.a(serial-line.o)
 *fill*         0x000000000002a661        0x3 
 .rodata        0x000000000002a664        0x8 build/cooja/mtype581.a(linkaddr.o)
                0x000000000002a664                linkaddr_null
 .rodata        0x000000000002a66c       0x24 build/cooja/mtype581.a(csma.o)
                0x000000000002a674                csma_driver
 .rodata        0x000000000002a690       0x27 build/cooja/mtype581.a(csma-output.o)
 *fill*         0x000000000002a6b7        0x1 
 .rodata        0x000000000002a6b8       0x4d build/cooja/mtype581.a(uip-ds6-route.o)
 .rodata        0x000000000002a705        0xd build/cooja/mtype581.a(tcpip.o)
 *fill*         0x000000000002a712        0x2 
 .rodata        0x000000000002a714       0x30 build/cooja/mtype581.a(sicslowpan.o)
                0x000000000002a714                unc_llconf
                0x000000000002a718                unc_ctxconf
                0x000000000002a71c                unc_mxconf
                0x000000000002a720                llprefix
                0x000000000002a734                sicslowpan_driver
 .rodata        0x000000000002a744       0x2d build/cooja/mtype581.a(uiplib.o)
 *fill*         0x000000000002a771        0xf 
 .rodata        0x000000000002a780       0x74 build/cooja/mtype581.a(rpl.o)
                0x000000000002a7a0                rpl_lite_driver
 .rodata        0x000000000002a7f4       0x20 build/cooja/mtype581.a(coap-timer-defa)
                0x000000000002a808                coap_timer_default_driver
 .rodata        0x000000000002a814       0x25 build/cooja/mtype581.a(assert.o)
 *fill*         0x000000000002a839        0x3 
 .rodata        0x000000000002a83c        0xc build/cooja/mtype581.a(framer-802154.o)
                0x000000000002a83c                framer_802154
 .rodata        0x000000000002a848       0x44 build/cooja/mtype581.a(uip-sr.o)
 .rodata        0x000000000002a88c       0x58 build/cooja/mtype581.a(rpl-neighbor.o)
 .rodata        0x000000000002a8e4       0xdb build/cooja/mtype581.a(rpl-dag.o)
 .rodata        0x000000000002a9bf        0xc build/cooja/mtype581.a(rpl-timers.o)

.rodata1
 *(.rodata1)

.eh_frame_hdr   0x000000000002a9cc     0x19f4
 *(.eh_frame_hdr)
 .eh_frame_hdr  0x000000000002a9cc     0x19f4 lock.o
                0x000000000002a9cc                __GNU_EH_FRAME_HDR
 *(.eh_frame_entry .eh_frame_entry.*)

.eh_frame       0x000000000002c3c0     0x6954
 *(.eh_frame)
 .eh_frame      0x000000000002c3c0       0x3c /usr/lib/gcc/i686-linux-gnu/5/../../../i386-linux-gnu/crti.o
                                         0x40 (size before relaxing)
 .eh_frame      0x000000000002c3fc       0x64 lock.o
                                         0x7c (size before relaxing)
 .eh_frame      0x000000000002c460      0x178 build/cooja/mtype581.o
                                        0x190 (size before relaxing)
 .eh_frame      0x000000000002c5d8       0x40 build/cooja/mtype581.a(simEnvChange.o)
                                         0x58 (size before relaxing)
 .eh_frame      0x000000000002c618       0x60 build/cooja/mtype581.a(cooja_mt.o)
                                         0x78 (size before relaxing)
 .eh_frame      0x000000000002c678       0x80 build/cooja/mtype581.a(cooja_mtarch.o)
                                         0x98 (size before relaxing)
 .eh_frame      0x000000000002c6f8       0xc8 build/cooja/mtype581.a(rtimer-arch.o)
                                         0xe0 (size before relaxing)
 .eh_frame      0x000000000002c7c0      0x160 build/cooja/mtype581.a(beep.o)
                                        0x178 (size before relaxing)
 .eh_frame      0x000000000002c920       0x80 build/cooja/mtype581.a(leds-arch.o)
                                         0x98 (size before relaxing)
 .eh_frame      0x000000000002c9a0       0x40 build/cooja/mtype581.a(moteid.o)
                                         0x58 (size before relaxing)
 .eh_frame      0x000000000002c9e0       0xa0 build/cooja/mtype581.a(pir-sensor.o)
                                         0xb8 (size before relaxing)
 .eh_frame      0x000000000002ca80      0x100 build/cooja/mtype581.a(rs232.o)
                                        0x118 (size before relaxing)
 .eh_frame      0x000000000002cb80       0xa0 build/cooja/mtype581.a(vib-sensor.o)
                                         0xb8 (size before relaxing)
 .eh_frame      0x000000000002cc20       0xc0 build/cooja/mtype581.a(clock.o)
                                         0xd8 (size before relaxing)
 .eh_frame      0x000000000002cce0      0x120 build/cooja/mtype581.a(cooja-log.o)
                                        0x138 (size before relaxing)
 .eh_frame      0x000000000002ce00      0x160 build/cooja/mtype581.a(cfs-cooja.o)
                                        0x178 (size before relaxing)
 .eh_frame      0x000000000002cf60      0x340 build/cooja/mtype581.a(cooja-radio.o)
                                        0x358 (size before relaxing)
 .eh_frame      0x000000000002d2a0       0xa0 build/cooja/mtype581.a(eeprom.o)
                                         0xb8 (size before relaxing)
 .eh_frame      0x000000000002d340       0x40 build/cooja/mtype581.a(random.o)
                                         0x58 (size before relaxing)
 .eh_frame      0x000000000002d380       0xc0 build/cooja/mtype581.a(sensors.o)
                                         0xd8 (size before relaxing)
 .eh_frame      0x000000000002d440      0x120 build/cooja/mtype581.a(leds.o)
                                        0x138 (size before relaxing)
 .eh_frame      0x000000000002d560      0x220 build/cooja/mtype581.a(gpio-hal-arch.o)
                                        0x238 (size before relaxing)
 .eh_frame      0x000000000002d780       0xa0 build/cooja/mtype581.a(buttons.o)
                                         0xb8 (size before relaxing)
 .eh_frame      0x000000000002d820       0x64 build/cooja/mtype581.a(res_presence.o)
                                         0x7c (size before relaxing)
 .eh_frame      0x000000000002d884       0x44 build/cooja/mtype581.a(res_lock.o)
                                         0x5c (size before relaxing)
 .eh_frame      0x000000000002d8c8       0x44 build/cooja/mtype581.a(coap-blocking-a)
                                         0x5c (size before relaxing)
 .eh_frame      0x000000000002d90c      0x220 build/cooja/mtype581.a(coap-engine.o)
                                        0x238 (size before relaxing)
 .eh_frame      0x000000000002db2c       0x24 build/cooja/mtype581.a(coap-res-well-k)
                                         0x3c (size before relaxing)
 .eh_frame      0x000000000002db50      0x188 build/cooja/mtype581.a(coap-observe.o)
                                        0x1a0 (size before relaxing)
 .eh_frame      0x000000000002dcd8      0x250 build/cooja/mtype581.a(coap-uip.o)
                                        0x268 (size before relaxing)
 .eh_frame      0x000000000002df28      0x114 build/cooja/mtype581.a(coap-timer.o)
                                        0x12c (size before relaxing)
 .eh_frame      0x000000000002e03c      0x100 build/cooja/mtype581.a(coap-transactio)
                                        0x118 (size before relaxing)
 .eh_frame      0x000000000002e13c      0x6ec build/cooja/mtype581.a(coap.o)
                                        0x704 (size before relaxing)
 .eh_frame      0x000000000002e828       0x30 build/cooja/mtype581.a(contiki-main.o)
                                         0x48 (size before relaxing)
 .eh_frame      0x000000000002e858       0x40 build/cooja/mtype581.a(autostart.o)
                                         0x58 (size before relaxing)
 .eh_frame      0x000000000002e898      0x100 build/cooja/mtype581.a(ctimer.o)
                                        0x118 (size before relaxing)
 .eh_frame      0x000000000002e998      0x100 build/cooja/mtype581.a(log.o)
                                        0x118 (size before relaxing)
 .eh_frame      0x000000000002ea98       0x60 build/cooja/mtype581.a(energest.o)
                                         0x78 (size before relaxing)
 .eh_frame      0x000000000002eaf8      0x1e0 build/cooja/mtype581.a(etimer.o)
                                        0x1f8 (size before relaxing)
 .eh_frame      0x000000000002ecd8       0x20 build/cooja/mtype581.a(node-id.o)
                                         0x38 (size before relaxing)
 .eh_frame      0x000000000002ecf8       0x60 build/cooja/mtype581.a(rtimer.o)
                                         0x78 (size before relaxing)
 .eh_frame      0x000000000002ed58      0x1c4 build/cooja/mtype581.a(process.o)
                                        0x1dc (size before relaxing)
 .eh_frame      0x000000000002ef1c       0xa4 build/cooja/mtype581.a(timer.o)
                                         0xbc (size before relaxing)
 .eh_frame      0x000000000002efc0      0x1a0 build/cooja/mtype581.a(list.o)
                                        0x1b8 (size before relaxing)
 .eh_frame      0x000000000002f160       0xa0 build/cooja/mtype581.a(memb.o)
                                         0xb8 (size before relaxing)
 .eh_frame      0x000000000002f200      0x144 build/cooja/mtype581.a(button-hal.o)
                                        0x15c (size before relaxing)
 .eh_frame      0x000000000002f344       0x60 build/cooja/mtype581.a(serial-line.o)
                                         0x78 (size before relaxing)
 .eh_frame      0x000000000002f3a4       0xe0 build/cooja/mtype581.a(gpio-hal.o)
                                         0xf8 (size before relaxing)
 .eh_frame      0x000000000002f484      0x1a0 build/cooja/mtype581.a(queuebuf.o)
                                        0x1b8 (size before relaxing)
 .eh_frame      0x000000000002f624      0x28c build/cooja/mtype581.a(packetbuf.o)
                                        0x2a4 (size before relaxing)
 .eh_frame      0x000000000002f8b0       0x80 build/cooja/mtype581.a(netstack.o)
                                         0x98 (size before relaxing)
 .eh_frame      0x000000000002f930       0x60 build/cooja/mtype581.a(linkaddr.o)
                                         0x78 (size before relaxing)
 .eh_frame      0x000000000002f990       0xe0 build/cooja/mtype581.a(csma.o)
                                         0xf8 (size before relaxing)
 .eh_frame      0x000000000002fa70      0x1d0 build/cooja/mtype581.a(csma-output.o)
                                        0x1e8 (size before relaxing)
 .eh_frame      0x000000000002fc40      0x328 build/cooja/mtype581.a(uip-ds6.o)
                                        0x340 (size before relaxing)
 .eh_frame      0x000000000002ff68       0x40 build/cooja/mtype581.a(uip-udp-packet.)
                                         0x58 (size before relaxing)
 .eh_frame      0x000000000002ffa8      0x220 build/cooja/mtype581.a(uip-ds6-route.o)
                                        0x238 (size before relaxing)
 .eh_frame      0x00000000000301c8      0x244 build/cooja/mtype581.a(tcpip.o)
                                        0x25c (size before relaxing)
 .eh_frame      0x000000000003040c      0x1e8 build/cooja/mtype581.a(uip6.o)
                                        0x200 (size before relaxing)
 .eh_frame      0x00000000000305f4      0x1c0 build/cooja/mtype581.a(uip-ds6-nbr.o)
                                        0x1d8 (size before relaxing)
 .eh_frame      0x00000000000307b4       0x84 build/cooja/mtype581.a(uip-nd6.o)
                                         0x9c (size before relaxing)
 .eh_frame      0x0000000000030838      0x2f8 build/cooja/mtype581.a(sicslowpan.o)
                                        0x310 (size before relaxing)
 .eh_frame      0x0000000000030b30       0x88 build/cooja/mtype581.a(uiplib.o)
                                         0xa0 (size before relaxing)
 .eh_frame      0x0000000000030bb8      0x1e0 build/cooja/mtype581.a(rpl.o)
                                        0x1f8 (size before relaxing)
 .eh_frame      0x0000000000030d98      0x1c4 build/cooja/mtype581.a(rpl-icmp6.o)
                                        0x1dc (size before relaxing)
 .eh_frame      0x0000000000030f5c       0xa0 build/cooja/mtype581.a(rpl-dag-root.o)
                                         0xb8 (size before relaxing)
 .eh_frame      0x0000000000030ffc       0xa0 build/cooja/mtype581.a(watchdog.o)
                                         0xb8 (size before relaxing)
 .eh_frame      0x000000000003109c       0x80 build/cooja/mtype581.a(int-master.o)
                                         0x98 (size before relaxing)
 .eh_frame      0x000000000003111c       0xa4 build/cooja/mtype581.a(coap-timer-defa)
                                         0xbc (size before relaxing)
 .eh_frame      0x00000000000311c0       0xc4 build/cooja/mtype581.a(stimer.o)
                                         0xdc (size before relaxing)
 .eh_frame      0x0000000000031284       0xa0 build/cooja/mtype581.a(ringbuf.o)
                                         0xb8 (size before relaxing)
 .eh_frame      0x0000000000031324       0x20 build/cooja/mtype581.a(assert.o)
                                         0x38 (size before relaxing)
 .eh_frame      0x0000000000031344      0x2ac build/cooja/mtype581.a(nbr-table.o)
                                        0x2c4 (size before relaxing)
 .eh_frame      0x00000000000315f0      0x120 build/cooja/mtype581.a(link-stats.o)
                                        0x138 (size before relaxing)
 .eh_frame      0x0000000000031710       0x48 build/cooja/mtype581.a(mac-sequence.o)
                                         0x60 (size before relaxing)
 .eh_frame      0x0000000000031758       0x20 build/cooja/mtype581.a(mac.o)
                                         0x38 (size before relaxing)
 .eh_frame      0x0000000000031778       0xa4 build/cooja/mtype581.a(framer-802154.o)
                                         0xbc (size before relaxing)
 .eh_frame      0x000000000003181c      0x1a4 build/cooja/mtype581.a(frame802154.o)
                                        0x1bc (size before relaxing)
 .eh_frame      0x00000000000319c0       0x40 build/cooja/mtype581.a(csma-security.o)
                                         0x58 (size before relaxing)
 .eh_frame      0x0000000000031a00      0x200 build/cooja/mtype581.a(uipbuf.o)
                                        0x218 (size before relaxing)
 .eh_frame      0x0000000000031c00      0x150 build/cooja/mtype581.a(uip-icmp6.o)
                                        0x168 (size before relaxing)
 .eh_frame      0x0000000000031d50      0x184 build/cooja/mtype581.a(uip-sr.o)
                                        0x19c (size before relaxing)
 .eh_frame      0x0000000000031ed4       0xe0 build/cooja/mtype581.a(uip-packetqueue)
                                         0xf8 (size before relaxing)
 .eh_frame      0x0000000000031fb4       0x80 build/cooja/mtype581.a(rpl-nbr-policy.)
                                         0x98 (size before relaxing)
 .eh_frame      0x0000000000032034      0x2d4 build/cooja/mtype581.a(rpl-neighbor.o)
                                        0x2ec (size before relaxing)
 .eh_frame      0x0000000000032308      0x370 build/cooja/mtype581.a(rpl-dag.o)
                                        0x388 (size before relaxing)
 .eh_frame      0x0000000000032678      0x3a8 build/cooja/mtype581.a(rpl-timers.o)
                                        0x3c0 (size before relaxing)
 .eh_frame      0x0000000000032a20      0x124 build/cooja/mtype581.a(rpl-ext-header.)
                                        0x13c (size before relaxing)
 .eh_frame      0x0000000000032b44      0x148 build/cooja/mtype581.a(rpl-mrhof.o)
                                        0x160 (size before relaxing)
 .eh_frame      0x0000000000032c8c       0x84 /usr/lib/gcc/i686-linux-gnu/5/libgcc.a(_udivdi3.o)
                                         0x9c (size before relaxing)
 .eh_frame      0x0000000000032d10        0x4 /usr/lib/gcc/i686-linux-gnu/5/crtendS.o
 *(.eh_frame.*)

.gcc_except_table
 *(.gcc_except_table .gcc_except_table.*)

.gnu_extab
 *(.gnu_extab*)

.exception_ranges
 *(.exception_ranges .exception_ranges*)
                0x0000000000033f10                . = DATA_SEGMENT_ALIGN (0x1000, 0x1000)

.eh_frame
 *(.eh_frame)
 *(.eh_frame.*)

.gnu_extab
 *(.gnu_extab)

.gcc_except_table
 *(.gcc_except_table .gcc_except_table.*)

.exception_ranges
 *(.exception_ranges .exception_ranges*)

.tdata
 *(.tdata .tdata.* .gnu.linkonce.td.*)

.tbss
 *(.tbss .tbss.* .gnu.linkonce.tb.*)
 *(.tcommon)

.preinit_array
 *(.preinit_array)

.init_array     0x0000000000033f10        0x4
 *(SORT(.init_array.*) SORT(.ctors.*))
 *(.init_array EXCLUDE_FILE(*crtend?.o *crtend.o *crtbegin?.o *crtbegin.o) .ctors)
 .init_array    0x0000000000033f10        0x4 /usr/lib/gcc/i686-linux-gnu/5/crtbeginS.o

.fini_array     0x0000000000033f14        0x4
 *(SORT(.fini_array.*) SORT(.dtors.*))
 *(.fini_array EXCLUDE_FILE(*crtend?.o *crtend.o *crtbegin?.o *crtbegin.o) .dtors)
 .fini_array    0x0000000000033f14        0x4 /usr/lib/gcc/i686-linux-gnu/5/crtbeginS.o

.ctors
 *crtbegin.o(.ctors)
 *crtbegin?.o(.ctors)
 *(EXCLUDE_FILE(*crtend?.o *crtend.o) .ctors)
 *(SORT(.ctors.*))
 *(.ctors)

.dtors
 *crtbegin.o(.dtors)
 *crtbegin?.o(.dtors)
 *(EXCLUDE_FILE(*crtend?.o *crtend.o) .dtors)
 *(SORT(.dtors.*))
 *(.dtors)

.jcr            0x0000000000033f18        0x4
 *(.jcr)
 .jcr           0x0000000000033f18        0x0 /usr/lib/gcc/i686-linux-gnu/5/crtbeginS.o
 .jcr           0x0000000000033f18        0x4 /usr/lib/gcc/i686-linux-gnu/5/crtendS.o

.data.rel.ro
 *(.data.rel.ro.local* .gnu.linkonce.d.rel.ro.local.*)
 *(.data.rel.ro .data.rel.ro.* .gnu.linkonce.d.rel.ro.*)

.dynamic        0x0000000000033f1c       0xd0
 *(.dynamic)
 .dynamic       0x0000000000033f1c       0xd0 /usr/lib/gcc/i686-linux-gnu/5/../../../i386-linux-gnu/crti.o
                0x0000000000033f1c                _DYNAMIC

.got            0x0000000000033fec       0x14
 *(.got)
 .got           0x0000000000033fec       0x14 /usr/lib/gcc/i686-linux-gnu/5/../../../i386-linux-gnu/crti.o
 *(.igot)
                0x0000000000034ff4                . = DATA_SEGMENT_RELRO_END (., (SIZEOF (.got.plt) >= 0xc)?0xc:0x0)

.got.plt        0x0000000000034000        0xc
 *(.got.plt)
 .got.plt       0x0000000000034000        0xc /usr/lib/gcc/i686-linux-gnu/5/../../../i386-linux-gnu/crti.o
                0x0000000000034000                _GLOBAL_OFFSET_TABLE_
 *(.igot.plt)

.data           0x0000000000034020      0x4c4
 *(.data .data.* .gnu.linkonce.d.*)
 .data          0x0000000000034020        0x0 /usr/lib/gcc/i686-linux-gnu/5/../../../i386-linux-gnu/crti.o
 .data          0x0000000000034020        0x0 /usr/lib/gcc/i686-linux-gnu/5/crtbeginS.o
 .data.rel.local
                0x0000000000034020        0x4 /usr/lib/gcc/i686-linux-gnu/5/crtbeginS.o
                0x0000000000034020                __dso_handle
 .data          0x0000000000034024       0x20 lock.o
                0x0000000000034024                coap_client
                0x0000000000034034                sensor_node
 *fill*         0x0000000000034044       0x1c 
 .data          0x0000000000034060       0x44 build/cooja/mtype581.o
                0x0000000000034060                simInterfaces
                0x0000000000034094                sensors
 .data          0x00000000000340a4        0x0 build/cooja/mtype581.a(simEnvChange.o)
 .data          0x00000000000340a4        0x0 build/cooja/mtype581.a(cooja_mt.o)
 .data          0x00000000000340a4        0x0 build/cooja/mtype581.a(cooja_mtarch.o)
 .data          0x00000000000340a4        0x0 build/cooja/mtype581.a(rtimer-arch.o)
 .data          0x00000000000340a4        0x0 build/cooja/mtype581.a(beep.o)
 .data          0x00000000000340a4        0x0 build/cooja/mtype581.a(leds-arch.o)
 .data          0x00000000000340a4        0x0 build/cooja/mtype581.a(moteid.o)
 .data          0x00000000000340a4        0x0 build/cooja/mtype581.a(pir-sensor.o)
 .data          0x00000000000340a4        0x0 build/cooja/mtype581.a(rs232.o)
 .data          0x00000000000340a4        0x0 build/cooja/mtype581.a(vib-sensor.o)
 .data          0x00000000000340a4        0x0 build/cooja/mtype581.a(clock.o)
 .data          0x00000000000340a4        0x0 build/cooja/mtype581.a(cooja-log.o)
 .data          0x00000000000340a4        0x0 build/cooja/mtype581.a(cfs-cooja.o)
 .data          0x00000000000340a4       0x2c build/cooja/mtype581.a(cooja-radio.o)
                0x00000000000340a4                simRadioHWOn
                0x00000000000340a8                simSignalStrength
                0x00000000000340ac                simLastSignalStrength
                0x00000000000340b0                simPower
                0x00000000000340b4                simRadioChannel
                0x00000000000340b8                simLQI
                0x00000000000340c0                cooja_radio_process
 .data          0x00000000000340d0        0x0 build/cooja/mtype581.a(eeprom.o)
 .data          0x00000000000340d0        0x0 build/cooja/mtype581.a(random.o)
 .data          0x00000000000340d0       0x10 build/cooja/mtype581.a(sensors.o)
                0x00000000000340d0                sensors_process
 .data          0x00000000000340e0        0x0 build/cooja/mtype581.a(leds.o)
 .data          0x00000000000340e0        0x0 build/cooja/mtype581.a(gpio-hal-arch.o)
 .data          0x00000000000340e0       0x78 build/cooja/mtype581.a(buttons.o)
                0x00000000000340e0                simButtonIsActive
                0x0000000000034150                button_hal_buttons
 *fill*         0x0000000000034158        0x8 
 .data          0x0000000000034160       0x44 build/cooja/mtype581.a(res_presence.o)
                0x0000000000034160                presence
                0x0000000000034180                res_presence
 *fill*         0x00000000000341a4       0x1c 
 .data          0x00000000000341c0       0x24 build/cooja/mtype581.a(res_lock.o)
                0x00000000000341c0                res_lock
 .data          0x00000000000341e4        0x0 build/cooja/mtype581.a(coap-blocking-a)
 .data          0x00000000000341e4        0x8 build/cooja/mtype581.a(coap-engine.o)
 *fill*         0x00000000000341ec       0x14 
 .data          0x0000000000034200       0x24 build/cooja/mtype581.a(coap-res-well-k)
                0x0000000000034200                res_well_known_core
 .data          0x0000000000034224       0x10 build/cooja/mtype581.a(coap-observe.o)
 .data          0x0000000000034234       0x10 build/cooja/mtype581.a(coap-uip.o)
                0x0000000000034234                coap_engine
 .data          0x0000000000034244        0x4 build/cooja/mtype581.a(coap-timer.o)
 .data          0x0000000000034248       0x10 build/cooja/mtype581.a(coap-transactio)
 .data          0x0000000000034258        0x4 build/cooja/mtype581.a(coap.o)
                0x0000000000034258                coap_error_message
 .data          0x000000000003425c        0x0 build/cooja/mtype581.a(contiki-main.o)
 .data          0x000000000003425c        0x0 build/cooja/mtype581.a(autostart.o)
 .data          0x000000000003425c       0x14 build/cooja/mtype581.a(ctimer.o)
                0x0000000000034260                ctimer_process
 *fill*         0x0000000000034270       0x10 
 .data          0x0000000000034280       0xbc build/cooja/mtype581.a(log.o)
                0x0000000000034280                curr_log_level_main
                0x00000000000342a0                all_modules
 .data          0x000000000003433c        0x0 build/cooja/mtype581.a(energest.o)
 .data          0x000000000003433c       0x10 build/cooja/mtype581.a(etimer.o)
                0x000000000003433c                etimer_process
 .data          0x000000000003434c        0x0 build/cooja/mtype581.a(node-id.o)
 .data          0x000000000003434c        0x0 build/cooja/mtype581.a(rtimer.o)
 .data          0x000000000003434c        0x0 build/cooja/mtype581.a(process.o)
 .data          0x000000000003434c        0x0 build/cooja/mtype581.a(timer.o)
 .data          0x000000000003434c        0x0 build/cooja/mtype581.a(list.o)
 .data          0x000000000003434c        0x0 build/cooja/mtype581.a(memb.o)
 .data          0x000000000003434c       0x10 build/cooja/mtype581.a(button-hal.o)
                0x000000000003434c                button_hal_process
 .data          0x000000000003435c       0x10 build/cooja/mtype581.a(serial-line.o)
                0x000000000003435c                serial_line_process
 .data          0x000000000003436c        0x4 build/cooja/mtype581.a(gpio-hal.o)
 .data          0x0000000000034370       0x18 build/cooja/mtype581.a(queuebuf.o)
 .data          0x0000000000034388        0x4 build/cooja/mtype581.a(packetbuf.o)
 .data          0x000000000003438c        0x4 build/cooja/mtype581.a(netstack.o)
 .data          0x0000000000034390        0x0 build/cooja/mtype581.a(linkaddr.o)
 .data          0x0000000000034390        0x0 build/cooja/mtype581.a(csma.o)
 .data          0x0000000000034390       0x28 build/cooja/mtype581.a(csma-output.o)
 .data          0x00000000000343b8        0x0 build/cooja/mtype581.a(uip-ds6.o)
 .data          0x00000000000343b8        0x0 build/cooja/mtype581.a(uip-udp-packet.)
 .data          0x00000000000343b8       0x10 build/cooja/mtype581.a(uip-ds6-route.o)
 .data          0x00000000000343c8       0x10 build/cooja/mtype581.a(tcpip.o)
                0x00000000000343c8                tcpip_process
 .data          0x00000000000343d8        0x0 build/cooja/mtype581.a(uip6.o)
 .data          0x00000000000343d8       0x14 build/cooja/mtype581.a(uip-ds6-nbr.o)
 .data          0x00000000000343ec        0xc build/cooja/mtype581.a(uip-nd6.o)
 .data          0x00000000000343f8        0x0 build/cooja/mtype581.a(sicslowpan.o)
 .data          0x00000000000343f8        0x0 build/cooja/mtype581.a(uiplib.o)
 .data          0x00000000000343f8        0x0 build/cooja/mtype581.a(rpl.o)
 .data          0x00000000000343f8       0x30 build/cooja/mtype581.a(rpl-icmp6.o)
 .data          0x0000000000034428        0x0 build/cooja/mtype581.a(rpl-dag-root.o)
 .data          0x0000000000034428        0x0 build/cooja/mtype581.a(watchdog.o)
 .data          0x0000000000034428        0x0 build/cooja/mtype581.a(int-master.o)
 .data          0x0000000000034428       0x10 build/cooja/mtype581.a(coap-timer-defa)
                0x0000000000034428                coap_timer_process
 .data          0x0000000000034438        0x0 build/cooja/mtype581.a(stimer.o)
 .data          0x0000000000034438        0x0 build/cooja/mtype581.a(ringbuf.o)
 .data          0x0000000000034438        0x0 build/cooja/mtype581.a(assert.o)
 .data          0x0000000000034438       0x10 build/cooja/mtype581.a(nbr-table.o)
 .data          0x0000000000034448       0x14 build/cooja/mtype581.a(link-stats.o)
 .data          0x000000000003445c        0x0 build/cooja/mtype581.a(mac-sequence.o)
 .data          0x000000000003445c        0x0 build/cooja/mtype581.a(mac.o)
 .data          0x000000000003445c        0x0 build/cooja/mtype581.a(framer-802154.o)
 .data          0x000000000003445c        0x2 build/cooja/mtype581.a(frame802154.o)
 .data          0x000000000003445e        0x0 build/cooja/mtype581.a(csma-security.o)
 .data          0x000000000003445e        0x0 build/cooja/mtype581.a(uipbuf.o)
 *fill*         0x000000000003445e        0x2 
 .data          0x0000000000034460       0x20 build/cooja/mtype581.a(uip-icmp6.o)
 .data          0x0000000000034480       0x10 build/cooja/mtype581.a(uip-sr.o)
 .data          0x0000000000034490        0xc build/cooja/mtype581.a(uip-packetqueue)
 .data          0x000000000003449c        0x0 build/cooja/mtype581.a(rpl-nbr-policy.)
 .data          0x000000000003449c       0x14 build/cooja/mtype581.a(rpl-neighbor.o)
                0x00000000000344ac                rpl_neighbors
 .data          0x00000000000344b0        0x0 build/cooja/mtype581.a(rpl-dag.o)
 .data          0x00000000000344b0        0x0 build/cooja/mtype581.a(rpl-timers.o)
 .data          0x00000000000344b0        0x0 build/cooja/mtype581.a(rpl-ext-header.)
 *fill*         0x00000000000344b0       0x10 
 .data          0x00000000000344c0       0x24 build/cooja/mtype581.a(rpl-mrhof.o)
                0x00000000000344c0                rpl_mrhof
 .data          0x00000000000344e4        0x0 /usr/lib/gcc/i686-linux-gnu/5/libgcc.a(_udivdi3.o)
 .data          0x00000000000344e4        0x0 /usr/lib/gcc/i686-linux-gnu/5/crtendS.o
 .data          0x00000000000344e4        0x0 /usr/lib/gcc/i686-linux-gnu/5/../../../i386-linux-gnu/crtn.o

.tm_clone_table
                0x00000000000344e4        0x0
 .tm_clone_table
                0x00000000000344e4        0x0 /usr/lib/gcc/i686-linux-gnu/5/crtbeginS.o
 .tm_clone_table
                0x00000000000344e4        0x0 /usr/lib/gcc/i686-linux-gnu/5/crtendS.o

.data1
 *(.data1)
                0x00000000000344e4                _edata = .
                [!provide]                        PROVIDE (edata, .)
                0x00000000000344e4                . = .
                0x00000000000344e4                __bss_start = .

.bss            0x0000000000034500    0x13f84
 *(.dynbss)
 .dynbss        0x0000000000034500        0x0 /usr/lib/gcc/i686-linux-gnu/5/../../../i386-linux-gnu/crti.o
 *(.bss .bss.* .gnu.linkonce.b.*)
 .bss           0x0000000000034500        0x0 /usr/lib/gcc/i686-linux-gnu/5/../../../i386-linux-gnu/crti.o
 .bss           0x0000000000034500        0x1 /usr/lib/gcc/i686-linux-gnu/5/crtbeginS.o
 *fill*         0x0000000000034501       0x1f 
 .bss           0x0000000000034520      0x12c lock.o
                0x0000000000034520                registered
 *fill*         0x000000000003464c       0x14 
 .bss           0x0000000000034660     0x2030 build/cooja/mtype581.o
 .bss           0x0000000000036690        0x1 build/cooja/mtype581.a(simEnvChange.o)
                0x0000000000036690                simDontFallAsleep
 *fill*         0x0000000000036691        0x3 
 .bss           0x0000000000036694        0x4 build/cooja/mtype581.a(cooja_mt.o)
 .bss           0x0000000000036698        0x4 build/cooja/mtype581.a(cooja_mtarch.o)
 .bss           0x000000000003669c        0x0 build/cooja/mtype581.a(rtimer-arch.o)
 .bss           0x000000000003669c        0x0 build/cooja/mtype581.a(beep.o)
 .bss           0x000000000003669c        0x1 build/cooja/mtype581.a(leds-arch.o)
                0x000000000003669c                simLedsValue
 .bss           0x000000000003669d        0x0 build/cooja/mtype581.a(moteid.o)
 .bss           0x000000000003669d        0x1 build/cooja/mtype581.a(pir-sensor.o)
                0x000000000003669d                simPirValue
 *fill*         0x000000000003669e        0x2 
 .bss           0x00000000000366a0        0x4 build/cooja/mtype581.a(rs232.o)
 .bss           0x00000000000366a4        0x1 build/cooja/mtype581.a(vib-sensor.o)
                0x00000000000366a4                simVibValue
 .bss           0x00000000000366a5        0x0 build/cooja/mtype581.a(clock.o)
 *fill*         0x00000000000366a5       0x1b 
 .bss           0x00000000000366c0     0x2020 build/cooja/mtype581.a(cooja-log.o)
 .bss           0x00000000000386e0      0xfc0 build/cooja/mtype581.a(cfs-cooja.o)
                0x00000000000386e0                simCFSData
                0x0000000000039680                simCFSSize
                0x0000000000039684                simCFSChanged
                0x0000000000039688                simCFSRead
                0x000000000003968c                simCFSWritten
 .bss           0x00000000000396a0       0x24 build/cooja/mtype581.a(cooja-radio.o)
                0x00000000000396a0                simReceiving
                0x00000000000396a4                simInSize
                0x00000000000396a8                simLastPacketTimestamp
                0x00000000000396b0                simOutSize
 .bss           0x00000000000396c4        0xc build/cooja/mtype581.a(eeprom.o)
                0x00000000000396c4                simEEPROMChanged
                0x00000000000396c8                simEEPROMRead
                0x00000000000396cc                simEEPROMWritten
 .bss           0x00000000000396d0        0x0 build/cooja/mtype581.a(random.o)
 .bss           0x00000000000396d0        0xc build/cooja/mtype581.a(sensors.o)
 .bss           0x00000000000396dc        0x0 build/cooja/mtype581.a(leds.o)
 .bss           0x00000000000396dc       0x24 build/cooja/mtype581.a(gpio-hal-arch.o)
 .bss           0x0000000000039700        0x0 build/cooja/mtype581.a(buttons.o)
 .bss           0x0000000000039700        0x0 build/cooja/mtype581.a(res_presence.o)
 .bss           0x0000000000039700        0x1 build/cooja/mtype581.a(res_lock.o)
                0x0000000000039700                lockOn
 .bss           0x0000000000039701        0x0 build/cooja/mtype581.a(coap-blocking-a)
 *fill*         0x0000000000039701       0x1f 
 .bss           0x0000000000039720      0x190 build/cooja/mtype581.a(coap-engine.o)
 .bss           0x00000000000398b0        0x0 build/cooja/mtype581.a(coap-res-well-k)
 *fill*         0x00000000000398b0       0x10 
 .bss           0x00000000000398c0      0x120 build/cooja/mtype581.a(coap-observe.o)
 .bss           0x00000000000399e0       0x18 build/cooja/mtype581.a(coap-uip.o)
 .bss           0x00000000000399f8        0x5 build/cooja/mtype581.a(coap-timer.o)
 *fill*         0x00000000000399fd        0x3 
 .bss           0x0000000000039a00      0x334 build/cooja/mtype581.a(coap-transactio)
 .bss           0x0000000000039d34        0x6 build/cooja/mtype581.a(coap.o)
                0x0000000000039d34                coap_status_code
 .bss           0x0000000000039d3a        0x0 build/cooja/mtype581.a(contiki-main.o)
 .bss           0x0000000000039d3a        0x0 build/cooja/mtype581.a(autostart.o)
 *fill*         0x0000000000039d3a        0x2 
 .bss           0x0000000000039d3c        0x5 build/cooja/mtype581.a(ctimer.o)
 *fill*         0x0000000000039d41        0x3 
 .bss           0x0000000000039d44       0x2c build/cooja/mtype581.a(log.o)
                0x0000000000039d44                curr_log_level_rpl
                0x0000000000039d48                curr_log_level_tcpip
                0x0000000000039d4c                curr_log_level_ipv6
                0x0000000000039d50                curr_log_level_6lowpan
                0x0000000000039d54                curr_log_level_nullnet
                0x0000000000039d58                curr_log_level_mac
                0x0000000000039d5c                curr_log_level_framer
                0x0000000000039d60                curr_log_level_6top
                0x0000000000039d64                curr_log_level_coap
                0x0000000000039d68                curr_log_level_snmp
                0x0000000000039d6c                curr_log_level_lwm2m
 .bss           0x0000000000039d70        0x0 build/cooja/mtype581.a(energest.o)
 .bss           0x0000000000039d70        0x8 build/cooja/mtype581.a(etimer.o)
 .bss           0x0000000000039d78        0x2 build/cooja/mtype581.a(node-id.o)
                0x0000000000039d78                node_id
 *fill*         0x0000000000039d7a        0x2 
 .bss           0x0000000000039d7c        0x4 build/cooja/mtype581.a(rtimer.o)
 .bss           0x0000000000039d80      0x1a1 build/cooja/mtype581.a(process.o)
                0x0000000000039d80                process_list
                0x0000000000039d84                process_current
 .bss           0x0000000000039f21        0x0 build/cooja/mtype581.a(timer.o)
 .bss           0x0000000000039f21        0x0 build/cooja/mtype581.a(list.o)
 .bss           0x0000000000039f21        0x0 build/cooja/mtype581.a(memb.o)
 *fill*         0x0000000000039f21        0x3 
 .bss           0x0000000000039f24       0x10 build/cooja/mtype581.a(button-hal.o)
 *fill*         0x0000000000039f34        0xc 
 .bss           0x0000000000039f40      0x140 build/cooja/mtype581.a(serial-line.o)
 .bss           0x000000000003a080        0x4 build/cooja/mtype581.a(gpio-hal.o)
 *fill*         0x000000000003a084       0x1c 
 .bss           0x000000000003a0a0     0x2c80 build/cooja/mtype581.a(queuebuf.o)
 .bss           0x000000000003cd20       0xa0 build/cooja/mtype581.a(packetbuf.o)
 .bss           0x000000000003cdc0        0x4 build/cooja/mtype581.a(netstack.o)
 .bss           0x000000000003cdc4        0x0 build/cooja/mtype581.a(linkaddr.o)
 .bss           0x000000000003cdc4        0x0 build/cooja/mtype581.a(csma.o)
 *fill*         0x000000000003cdc4       0x1c 
 .bss           0x000000000003cde0      0x726 build/cooja/mtype581.a(csma-output.o)
 *fill*         0x000000000003d506        0x2 
 .bss           0x000000000003d508       0x30 build/cooja/mtype581.a(uip-ds6.o)
 .bss           0x000000000003d538        0x0 build/cooja/mtype581.a(uip-udp-packet.)
 *fill*         0x000000000003d538        0x8 
 .bss           0x000000000003d540       0x60 build/cooja/mtype581.a(uip-ds6-route.o)
 .bss           0x000000000003d5a0       0x10 build/cooja/mtype581.a(tcpip.o)
 .bss           0x000000000003d5b0        0x8 build/cooja/mtype581.a(uip6.o)
                0x000000000003d5b0                uip_ext_bitmap