Archive member included to satisfy reference by file (symbol)

build/cooja/mtype642.a(simEnvChange.o)
                              build/cooja/mtype642.o (simDontFallAsleep)
build/cooja/mtype642.a(cooja_mt.o)
                              build/cooja/mtype642.o (cooja_mt_start)
build/cooja/mtype642.a(cooja_mtarch.o)
                              build/cooja/mtype642.a(cooja_mt.o) (cooja_mtarch_start)
build/cooja/mtype642.a(rtimer-arch.o)
                              build/cooja/mtype642.o (rtimer_arch_check)
build/cooja/mtype642.a(beep.o)
                              build/cooja/mtype642.o (beep_interface)
build/cooja/mtype642.a(leds-arch.o)
                              build/cooja/mtype642.o (leds_interface)
build/cooja/mtype642.a(moteid.o)
                              build/cooja/mtype642.o (moteid_interface)
build/cooja/mtype642.a(pir-sensor.o)
                              build/cooja/mtype642.o (pir_interface)
build/cooja/mtype642.a(rs232.o)
                              build/cooja/mtype642.o (rs232_interface)
build/cooja/mtype642.a(vib-sensor.o)
                              build/cooja/mtype642.o (vib_interface)
build/cooja/mtype642.a(clock.o)
                              build/cooja/mtype642.o (clock_interface)
build/cooja/mtype642.a(cooja-log.o)
                              build/cooja/mtype642.o (simlog_interface)
build/cooja/mtype642.a(cfs-cooja.o)
                              build/cooja/mtype642.o (cfs_interface)
build/cooja/mtype642.a(cooja-radio.o)
                              build/cooja/mtype642.o (radio_interface)
build/cooja/mtype642.a(eeprom.o)
                              build/cooja/mtype642.o (eeprom_interface)
build/cooja/mtype642.a(random.o)
                              build/cooja/mtype642.a(moteid.o) (random_init)
build/cooja/mtype642.a(sensors.o)
                              build/cooja/mtype642.a(pir-sensor.o) (sensors_changed)
build/cooja/mtype642.a(leds.o)
                              build/cooja/mtype642.a(leds-arch.o) (leds_get)
build/cooja/mtype642.a(gpio-hal-arch.o)
                              build/cooja/mtype642.a(leds-arch.o) (gpio_hal_arch_register_pin_callback)
build/cooja/mtype642.a(buttons.o)
                              build/cooja/mtype642.o (button_interface)
build/cooja/mtype642.a(res_presence.o)
                              lock.o (res_presence)
build/cooja/mtype642.a(res_lock.o)
                              lock.o (res_lock)
build/cooja/mtype642.a(coap-blocking-a)
                              lock.o (coap_blocking_request)
build/cooja/mtype642.a(coap-engine.o)
                              lock.o (coap_activate_resource)
build/cooja/mtype642.a(coap-res-well-k)
                              build/cooja/mtype642.a(coap-engine.o) (res_well_known_core)
build/cooja/mtype642.a(coap-observe.o)
                              build/cooja/mtype642.a(coap-engine.o) (coap_remove_observer_by_mid)
build/cooja/mtype642.a(coap-uip.o)
                              build/cooja/mtype642.a(coap-observe.o) (coap_endpoint_copy)
build/cooja/mtype642.a(coap-timer.o)
                              build/cooja/mtype642.a(coap-engine.o) (coap_timer_set)
build/cooja/mtype642.a(coap-transactio)
                              build/cooja/mtype642.a(coap-blocking-a) (coap_send_transaction)
build/cooja/mtype642.a(coap.o)
                              build/cooja/mtype642.a(coap-engine.o) (coap_status_code)
build/cooja/mtype642.a(contiki-main.o)
                              build/cooja/mtype642.o (main)
build/cooja/mtype642.a(autostart.o)
                              build/cooja/mtype642.a(contiki-main.o) (autostart_start)
build/cooja/mtype642.a(ctimer.o)
                              build/cooja/mtype642.a(contiki-main.o) (ctimer_init)
build/cooja/mtype642.a(log.o)
                              build/cooja/mtype642.a(contiki-main.o) (curr_log_level_main)
build/cooja/mtype642.a(energest.o)
                              build/cooja/mtype642.a(contiki-main.o) (energest_init)
build/cooja/mtype642.a(etimer.o)
                              build/cooja/mtype642.a(contiki-main.o) (etimer_process)
build/cooja/mtype642.a(node-id.o)
                              lock.o (node_id)
build/cooja/mtype642.a(rtimer.o)
                              build/cooja/mtype642.a(contiki-main.o) (rtimer_init)
build/cooja/mtype642.a(process.o)
                              build/cooja/mtype642.a(coap-blocking-a) (process_current)
build/cooja/mtype642.a(timer.o)
                              build/cooja/mtype642.a(etimer.o) (timer_set)
build/cooja/mtype642.a(list.o)
                              build/cooja/mtype642.a(coap-engine.o) (list_init)
build/cooja/mtype642.a(memb.o)
                              build/cooja/mtype642.a(coap-observe.o) (memb_alloc)
build/cooja/mtype642.a(button-hal.o)
                              build/cooja/mtype642.o (button_hal_init)
build/cooja/mtype642.a(serial-line.o)
                              build/cooja/mtype642.a(rs232.o) (serial_line_input_byte)
[...]
Memory Configuration

Name             Origin             Length             Attributes
*default*        0x0000000000000000 0xffffffffffffffff

Linker script and memory map

LOAD /usr/lib/gcc/i686-linux-gnu/5/../../../i386-linux-gnu/crti.o
LOAD /usr/lib/gcc/i686-linux-gnu/5/crtbeginS.o
LOAD lock.o
LOAD build/cooja/mtype642.o
LOAD build/cooja/mtype642.a
LOAD /usr/lib/gcc/i686-linux-gnu/5/libgcc.a
LOAD /usr/lib/gcc/i686-linux-gnu/5/libgcc_s.so
LOAD /usr/lib/gcc/i686-linux-gnu/5/../../../i386-linux-gnu/libc.so
START GROUP
LOAD /lib/i386-linux-gnu/libc.so.6
LOAD /usr/lib/i386-linux-gnu/libc_nonshared.a
LOAD /lib/i386-linux-gnu/ld-linux.so.2
END GROUP
LOAD /usr/lib/gcc/i686-linux-gnu/5/libgcc.a
LOAD /usr/lib/gcc/i686-linux-gnu/5/libgcc_s.so
LOAD /usr/lib/gcc/i686-linux-gnu/5/crtendS.o
LOAD /usr/lib/gcc/i686-linux-gnu/5/../../../i386-linux-gnu/crtn.o
                0x0000000000000114                . = (0x0 + SIZEOF_HEADERS)

.note.gnu.build-id
                0x0000000000000114       0x24
 *(.note.gnu.build-id)
 .note.gnu.build-id
                0x0000000000000114       0x24 /usr/lib/gcc/i686-linux-gnu/5/../../../i386-linux-gnu/crti.o

.hash
 *(.hash)

.gnu.hash       0x0000000000000138     0x15a4
 *(.gnu.hash)
 .gnu.hash      0x0000000000000138     0x15a4 /usr/lib/gcc/i686-linux-gnu/5/../../../i386-linux-gnu/crti.o

.dynsym         0x00000000000016dc     0x2f50
 *(.dynsym)
 .dynsym        0x00000000000016dc     0x2f50 /usr/lib/gcc/i686-linux-gnu/5/../../../i386-linux-gnu/crti.o

.dynstr         0x000000000000462c     0x36cc
 *(.dynstr)
 .dynstr        0x000000000000462c     0x36cc /usr/lib/gcc/i686-linux-gnu/5/../../../i386-linux-gnu/crti.o

.gnu.version    0x0000000000007cf8      0x5ea
 *(.gnu.version)
 .gnu.version   0x0000000000007cf8      0x5ea /usr/lib/gcc/i686-linux-gnu/5/../../../i386-linux-gnu/crti.o

.gnu.version_d  0x00000000000082e4        0x0
 *(.gnu.version_d)
 .gnu.version_d
                0x00000000000082e4        0x0 /usr/lib/gcc/i686-linux-gnu/5/../../../i386-linux-gnu/crti.o

.gnu.version_r  0x00000000000082e4       0x40
 *(.gnu.version_r)
 .gnu.version_r
                0x00000000000082e4       0x40 /usr/lib/gcc/i686-linux-gnu/5/../../../i386-linux-gnu/crti.o

.rel.dyn        0x0000000000008324     0x9130
 *(.rel.init)
 .rel.init      0x0000000000008324        0x0 /usr/lib/gcc/i686-linux-gnu/5/../../../i386-linux-gnu/crti.o
 *(.rel.text .rel.text.* .rel.gnu.linkonce.t.*)
 .rel.text      0x0000000000008324     0x8748 /usr/lib/gcc/i686-linux-gnu/5/../../../i386-linux-gnu/crti.o
 *(.rel.fini)
 .rel.fini      0x0000000000010a6c        0x0 /usr/lib/gcc/i686-linux-gnu/5/../../../i386-linux-gnu/crti.o
 *(.rel.rodata .rel.rodata.* .rel.gnu.linkonce.r.*)
 .rel.rodata    0x0000000000010a6c      0x590 /usr/lib/gcc/i686-linux-gnu/5/../../../i386-linux-gnu/crti.o
 *(.rel.data.rel.ro .rel.data.rel.ro.* .rel.gnu.linkonce.d.rel.ro.*)
 *(.rel.data .rel.data.* .rel.gnu.linkonce.d.*)
 .rel.data.rel.local
                0x0000000000010ffc        0x8 /usr/lib/gcc/i686-linux-gnu/5/../../../i386-linux-gnu/crti.o
 .rel.data      0x0000000000011004      0x418 /usr/lib/gcc/i686-linux-gnu/5/../../../i386-linux-gnu/crti.o
 *(.rel.tdata .rel.tdata.* .rel.gnu.linkonce.td.*)
 *(.rel.tbss .rel.tbss.* .rel.gnu.linkonce.tb.*)
 *(.rel.ctors)
 *(.rel.dtors)
 *(.rel.got)
 .rel.got       0x000000000001141c       0x28 /usr/lib/gcc/i686-linux-gnu/5/../../../i386-linux-gnu/crti.o
 *(.rel.bss .rel.bss.* .rel.gnu.linkonce.b.*)
 *(.rel.ifunc)
 .rel.ifunc     0x0000000000011444        0x0 /usr/lib/gcc/i686-linux-gnu/5/../../../i386-linux-gnu/crti.o
 .rel.fini_array
                0x0000000000011444        0x8 /usr/lib/gcc/i686-linux-gnu/5/../../../i386-linux-gnu/crti.o
 .rel.init_array
                0x000000000001144c        0x8 /usr/lib/gcc/i686-linux-gnu/5/../../../i386-linux-gnu/crti.o

.rel.plt        0x0000000000011454        0x0
 *(.rel.plt)
 .rel.plt       0x0000000000011454        0x0 /usr/lib/gcc/i686-linux-gnu/5/../../../i386-linux-gnu/crti.o
 *(.rel.iplt)

.init           0x0000000000011454       0x23
 *(SORT(.init))
 .init          0x0000000000011454       0x1e /usr/lib/gcc/i686-linux-gnu/5/../../../i386-linux-gnu/crti.o
                0x0000000000011454                _init
 .init          0x0000000000011472        0x5 /usr/lib/gcc/i686-linux-gnu/5/../../../i386-linux-gnu/crtn.o

.plt            0x0000000000011480       0x10
 *(.plt)
 .plt           0x0000000000011480       0x10 /usr/lib/gcc/i686-linux-gnu/5/../../../i386-linux-gnu/crti.o
 *(.iplt)

.plt.got        0x0000000000011490       0x10
 *(.plt.got)
 .plt.got       0x0000000000011490       0x10 /usr/lib/gcc/i686-linux-gnu/5/../../../i386-linux-gnu/crti.o

.text           0x00000000000114a0    0x18a42
 *(.text.unlikely .text.*_unlikely .text.unlikely.*)
 .text.unlikely
                0x00000000000114a0        0x0 /usr/lib/gcc/i686-linux-gnu/5/crtbeginS.o
 .text.unlikely
                0x00000000000114a0        0x0 /usr/lib/gcc/i686-linux-gnu/5/libgcc.a(_udivdi3.o)
 *(.text.exit .text.exit.*)
 *(.text.startup .text.startup.*)
 *(.text.hot .text.hot.*)
 *(.text .stub .text.* .gnu.linkonce.t.*)
 .text          0x00000000000114a0        0x0 /usr/lib/gcc/i686-linux-gnu/5/../../../i386-linux-gnu/crti.o
 .gnu.linkonce.t.__x86.get_pc_thunk.bx
                0x00000000000114a0        0x4 /usr/lib/gcc/i686-linux-gnu/5/../../../i386-linux-gnu/crti.o
                0x00000000000114a0                __x86.get_pc_thunk.bx
 *fill*         0x00000000000114a4        0xc 
 .text          0x00000000000114b0      0x11c /usr/lib/gcc/i686-linux-gnu/5/crtbeginS.o
 .text.__x86.get_pc_thunk.dx
                0x00000000000115cc        0x4 /usr/lib/gcc/i686-linux-gnu/5/crtbeginS.o
                0x00000000000115cc                __x86.get_pc_thunk.dx
 .text          0x00000000000115d0      0x43e lock.o
                0x00000000000115d0                response_handler
 .text          0x0000000000011a0e      0x283 build/cooja/mtype642.o
                0x0000000000011aa0                platform_init_stage_one
                0x0000000000011ab3                platform_init_stage_two
                0x0000000000011ac6                platform_init_stage_three
                0x0000000000011ad9                platform_main_loop
                0x0000000000011b4c                Java_org_contikios_cooja_corecomm_Lib10_init
                0x0000000000011b83                Java_org_contikios_cooja_corecomm_Lib10_getMemory
                0x0000000000011bb6                Java_org_contikios_cooja_corecomm_Lib10_setMemory
                0x0000000000011c16                Java_org_contikios_cooja_corecomm_Lib10_tick
                0x0000000000011c7e                Java_org_contikios_cooja_corecomm_Lib10_setReferenceAddress
 .text          0x0000000000011c91       0x65 build/cooja/mtype642.a(simEnvChange.o)
                0x0000000000011c91                doActionsBeforeTick
                0x0000000000011cc3                doActionsAfterTick
 .text          0x0000000000011cf6       0x83 build/cooja/mtype642.a(cooja_mt.o)
                0x0000000000011cf6                cooja_mt_start
                0x0000000000011d20                cooja_mt_exec
                0x0000000000011d56                cooja_mt_yield
 .text          0x0000000000011d79       0xbe build/cooja/mtype642.a(cooja_mtarch.o)
                0x0000000000011d79                cooja_mtarch_start
                0x0000000000011dec                cooja_sw
                0x0000000000011e0f                cooja_mtarch_exec
                0x0000000000011e2c                cooja_mtarch_yield
 .text          0x0000000000011e37       0xc5 build/cooja/mtype642.a(rtimer-arch.o)
                0x0000000000011e37                rtimer_arch_init
                0x0000000000011e5b                rtimer_arch_schedule
                0x0000000000011e8b                rtimer_arch_next
                0x0000000000011e9b                rtimer_arch_pending
                0x0000000000011ea5                rtimer_arch_check
                0x0000000000011eec                rtimer_arch_now
 .text          0x0000000000011efc       0x81 build/cooja/mtype642.a(beep.o)
                0x0000000000011efc                beep_alarm
                0x0000000000011f09                beep_beep
                0x0000000000011f16                beep
                0x0000000000011f23                beep_down
                0x0000000000011f30                beep_on
                0x0000000000011f3d                beep_off
                0x0000000000011f4a                beep_spinup
                0x0000000000011f57                beep_quick
                0x0000000000011f64                beep_long
 .text          0x0000000000011f7d       0x65 build/cooja/mtype642.a(leds-arch.o)
                0x0000000000011f90                leds_arch_init
 .text          0x0000000000011fe2       0x35 build/cooja/mtype642.a(moteid.o)
 .text          0x0000000000012017       0xb7 build/cooja/mtype642.a(pir-sensor.o)
 .text          0x00000000000120ce      0x148 build/cooja/mtype642.a(rs232.o)
                0x00000000000120ce                rs232_init
                0x00000000000120d4                rs232_set_speed
                0x00000000000120e3                rs232_set_input
                0x00000000000120f1                rs232_send
                0x0000000000012115                rs232_print
                0x0000000000012131                slip_arch_writeb
 .text          0x0000000000012216       0xb7 build/cooja/mtype642.a(vib-sensor.o)
 .text          0x00000000000122cd       0x38 build/cooja/mtype642.a(clock.o)
                0x00000000000122cd                clock_init
                0x00000000000122d3                clock_time
                0x00000000000122dd                clock_seconds
                0x00000000000122f3                clock_delay
 .text          0x0000000000012305      0x219 build/cooja/mtype642.a(cooja-log.o)
                0x0000000000012305                simlog_char
                0x0000000000012348                simlog
                0x00000000000123be                log_message
                0x00000000000123ef                log_set_putchar_with_slip
                0x00000000000123fd                log_putchar
                0x0000000000012478                log_puts
                0x00000000000124a0                log_printf
 .text          0x000000000001251e      0x2b9 build/cooja/mtype642.a(cfs-cooja.o)
                0x000000000001251e                cfs_open
                0x0000000000012587                cfs_close
                0x0000000000012594                cfs_read
                0x0000000000012629                cfs_write
                0x0000000000012705                cfs_seek
                0x000000000001278d                cfs_remove
                0x00000000000127b1                cfs_opendir
                0x00000000000127bb                cfs_readdir
                0x00000000000127c5                cfs_closedir
 .text          0x00000000000127d7      0x620 build/cooja/mtype642.a(cooja-radio.o)
                0x0000000000012819                radio_set_channel
                0x0000000000012827                radio_set_txpower
                0x000000000001283f                radio_signal_strength_last
                0x0000000000012849                radio_signal_strength_current
                0x0000000000012853                radio_LQI
 .text          0x0000000000012df7       0xee build/cooja/mtype642.a(eeprom.o)
                0x0000000000012df7                eeprom_init
                0x0000000000012dfd                eeprom_read
                0x0000000000012e6b                eeprom_write
 .text          0x0000000000012ee5       0x2d build/cooja/mtype642.a(random.o)
                0x0000000000012ee5                random_init
                0x0000000000012f05                random_rand
 .text          0x0000000000012f12      0x29c build/cooja/mtype642.a(sensors.o)
                0x0000000000012f4d                sensors_first
                0x0000000000012f57                sensors_next
                0x0000000000012f71                sensors_changed
                0x0000000000012fa5                sensors_find
 .text          0x00000000000131ae      0x349 build/cooja/mtype642.a(leds.o)
                0x00000000000131ae                leds_init
                0x00000000000131f5                leds_single_on
                0x0000000000013254                leds_single_off
                0x00000000000132b3                leds_single_toggle
                0x00000000000132e5                leds_on
                0x0000000000013367                leds_off
                0x00000000000133e9                leds_toggle
                0x000000000001343e                leds_set
                0x000000000001346a                leds_get
 .text          0x00000000000134f7      0x343 build/cooja/mtype642.a(gpio-hal-arch.o)
                0x00000000000134f7                gpio_hal_arch_register_pin_callback
                0x0000000000013563                gpio_hal_arch_init
                0x00000000000135a8                gpio_hal_arch_no_port_interrupt_enable
                0x00000000000135d8                gpio_hal_arch_no_port_interrupt_disable
                0x0000000000013608                gpio_hal_arch_no_port_pin_cfg_set
                0x000000000001362d                gpio_hal_arch_no_port_pin_cfg_get
                0x0000000000013653                gpio_hal_arch_no_port_pin_set_input
                0x0000000000013665                gpio_hal_arch_no_port_pin_set_output
                0x0000000000013677                gpio_hal_arch_no_port_set_pin
                0x0000000000013698                gpio_hal_arch_no_port_clear_pin
                0x00000000000136b9                gpio_hal_arch_no_port_read_pin
                0x00000000000136df                gpio_hal_arch_no_port_write_pin
                0x0000000000013709                gpio_hal_arch_no_port_set_pins
                0x0000000000013750                gpio_hal_arch_no_port_clear_pins
                0x0000000000013797                gpio_hal_arch_no_port_read_pins
                0x00000000000137da                gpio_hal_arch_no_port_write_pins
 .text          0x000000000001383a       0x89 build/cooja/mtype642.a(buttons.o)
 .text          0x00000000000138c3      0x234 build/cooja/mtype642.a(res_presence.o)
                0x00000000000138c3                generate_random_presence
 .text          0x0000000000013af7      0x319 build/cooja/mtype642.a(res_lock.o)
 .text          0x0000000000013e10      0x27b build/cooja/mtype642.a(coap-blocking-a)
                0x0000000000013e10                coap_blocking_request_callback
                0x0000000000013e3a                coap_blocking_request
 .text          0x000000000001408b      0xbea build/cooja/mtype642.a(coap-engine.o)
                0x0000000000014120                coap_add_handler
                0x000000000001413d                coap_remove_handler
                0x000000000001415a                coap_call_handlers
                0x0000000000014262                coap_receive
                0x000000000001485d                coap_engine_init
                0x00000000000148bb                coap_activate_resource
                0x0000000000014966                coap_get_first_resource
                0x000000000001497f                coap_get_next_resource
 .text          0x0000000000014c75      0x2d9 build/cooja/mtype642.a(coap-res-well-k)
 .text          0x0000000000014f4e      0x96a build/cooja/mtype642.a(coap-observe.o)
                0x0000000000015063                coap_remove_observer
                0x0000000000015093                coap_remove_observer_by_client
                0x00000000000150fb                coap_remove_observer_by_token
                0x000000000001518e                coap_remove_observer_by_uri
                0x0000000000015235                coap_remove_observer_by_mid
                0x00000000000152b1                coap_notify_observers
                0x00000000000152ca                coap_notify_observers_sub
                0x0000000000015734                coap_observe_handler
                0x000000000001584f                coap_has_observers
 .text          0x00000000000158b8      0x733 build/cooja/mtype642.a(coap-uip.o)
                0x00000000000158b8                coap_endpoint_log
                0x000000000001593e                coap_endpoint_print
                0x00000000000159c4                coap_endpoint_snprint
                0x0000000000015af7                coap_endpoint_copy
                0x0000000000015b34                coap_endpoint_cmp
                0x0000000000015c42                coap_endpoint_parse
                0x0000000000015e2d                coap_endpoint_is_secure
                0x0000000000015e3c                coap_endpoint_is_connected
                0x0000000000015e70                coap_endpoint_connect
                0x0000000000015e8c                coap_endpoint_disconnect
                0x0000000000015e92                coap_databuf
                0x0000000000015e9c                coap_transport_init
                0x0000000000015eec                coap_sendto
 .text          0x0000000000015feb      0x324 build/cooja/mtype642.a(coap-timer.o)
                0x00000000000160e8                coap_timer_stop
                0x0000000000016113                coap_timer_set
                0x0000000000016156                coap_timer_reset
                0x0000000000016199                coap_timer_time_to_next_expiration
                0x0000000000016205                coap_timer_run
                0x00000000000162d1                coap_timer_init
 .text          0x000000000001630f      0x2c6 build/cooja/mtype642.a(coap-transactio)
                0x0000000000016375                coap_new_transaction
                0x00000000000163db                coap_send_transaction
                0x000000000001653c                coap_clear_transaction
                0x0000000000016584                coap_get_transaction_by_mid
 .text          0x00000000000165d5     0x1c53 build/cooja/mtype642.a(coap.o)
                0x0000000000016b42                coap_init_connection
                0x0000000000016b56                coap_get_mid
                0x0000000000016b72                coap_init_message
                0x0000000000016bbb                coap_serialize_message
                0x000000000001723d                coap_parse_message
                0x00000000000178a4                coap_get_query_variable
                0x00000000000178e6                coap_get_post_variable
                0x000000000001792a                coap_set_status_code
                0x000000000001794f                coap_set_token
                0x0000000000017996                coap_get_header_content_format
                0x00000000000179c7                coap_set_header_content_format
                0x00000000000179ea                coap_get_header_accept
                0x0000000000017a1b                coap_set_header_accept
                0x0000000000017a3e                coap_get_header_max_age
                0x0000000000017a6f                coap_set_header_max_age
                0x0000000000017a8f                coap_get_header_etag
                0x0000000000017ac1                coap_set_header_etag
                0x0000000000017b18                coap_get_header_if_match
                0x0000000000017b4a                coap_set_header_if_match
                0x0000000000017ba1                coap_get_header_if_none_match
                0x0000000000017bbb                coap_set_header_if_none_match
                0x0000000000017bd2                coap_get_header_proxy_uri
                0x0000000000017c00                coap_set_header_proxy_uri
                0x0000000000017c3d                coap_get_header_uri_host
                0x0000000000017c6b                coap_set_header_uri_host
                0x0000000000017ca8                coap_get_header_uri_path
                0x0000000000017cd6                coap_set_header_uri_path
                0x0000000000017d23                coap_get_header_uri_query
                0x0000000000017d57                coap_set_header_uri_query
                0x0000000000017dad                coap_get_header_location_path
                0x0000000000017ddb                coap_set_header_location_path
                0x0000000000017e74                coap_get_header_location_query
                0x0000000000017ea2                coap_set_header_location_query
                0x0000000000017eef                coap_get_header_observe
                0x0000000000017f1e                coap_set_header_observe
                0x0000000000017f3e                coap_get_header_block2
                0x0000000000017faa                coap_set_header_block2
                0x0000000000018021                coap_get_header_block1
                0x0000000000018096                coap_set_header_block1
                0x0000000000018111                coap_get_header_size2
                0x0000000000018141                coap_set_header_size2
                0x0000000000018164                coap_get_header_size1
                0x0000000000018194                coap_set_header_size1
                0x00000000000181b7                coap_get_payload
                0x00000000000181f1                coap_set_payload
 .text          0x0000000000018228      0x332 build/cooja/mtype642.a(contiki-main.o)
                0x0000000000018228                main
 .text          0x000000000001855a       0x92 build/cooja/mtype642.a(autostart.o)
                0x000000000001855a                autostart_start
                0x00000000000185a4                autostart_exit
 .text          0x00000000000185ec      0x355 build/cooja/mtype642.a(ctimer.o)
                0x0000000000018714                ctimer_init
                0x0000000000018747                ctimer_set
                0x000000000001876d                ctimer_set_with_process
                0x00000000000187ea                ctimer_reset
                0x000000000001883e                ctimer_restart
                0x0000000000018892                ctimer_stop
                0x00000000000188e2                ctimer_expired
 .text          0x0000000000018941      0x394 build/cooja/mtype642.a(log.o)
                0x0000000000018941                log_6addr
                0x0000000000018994                log_6addr_compact_snprint
                0x0000000000018a32                log_6addr_compact
                0x0000000000018a85                log_lladdr
                0x0000000000018af7                log_lladdr_compact
                0x0000000000018b5f                log_set_level
                0x0000000000018c1a                log_get_level
                0x0000000000018c93                log_level_to_str
 .text          0x0000000000018cd5       0x1b build/cooja/mtype642.a(energest.o)
                0x0000000000018cd5                energest_init
                0x0000000000018cdb                energest_flush
                0x0000000000018ce1                energest_get_total_time
 .text          0x0000000000018cf0      0x43f build/cooja/mtype642.a(etimer.o)
                0x0000000000018f14                etimer_request_poll
                0x0000000000018f9d                etimer_set
                0x0000000000018fc6                etimer_reset_with_new_interval
                0x0000000000018ff5                etimer_reset
                0x000000000001901b                etimer_restart
                0x0000000000019041                etimer_adjust
                0x000000000001905e                etimer_expired
                0x0000000000019071                etimer_expiration_time
                0x0000000000019083                etimer_start_time
                0x000000000001908d                etimer_pending
                0x000000000001909f                etimer_next_expiration_time
                0x00000000000190b9                etimer_stop
 .text          0x000000000001912f       0x25 build/cooja/mtype642.a(node-id.o)
                0x000000000001912f                node_id_init
 .text          0x0000000000019154       0xeb build/cooja/mtype642.a(rtimer.o)
                0x0000000000019154                rtimer_init
                0x0000000000019162                rtimer_set
                0x00000000000191dd                rtimer_run_next
 .text          0x000000000001923f      0x4fb build/cooja/mtype642.a(process.o)
                0x000000000001923f                process_alloc_event
                0x0000000000019254                process_start
                0x000000000001942e                process_exit
                0x000000000001944b                process_init
                0x00000000000195e0                process_run
                0x0000000000019613                process_nevents
                0x000000000001962e                process_post
                0x00000000000196c1                process_post_synch
                0x00000000000196f6                process_poll
                0x0000000000019726                process_is_running
 .text          0x000000000001973a       0xb1 build/cooja/mtype642.a(timer.o)
                0x000000000001973a                timer_set
                0x0000000000019758                timer_reset
                0x0000000000019785                timer_restart
                0x000000000001979a                timer_expired
                0x00000000000197c7                timer_remaining
 .text          0x00000000000197eb      0x28f build/cooja/mtype642.a(list.o)
                0x00000000000197eb                list_init
                0x00000000000197fa                list_head
                0x0000000000019804                list_copy
                0x0000000000019814                list_tail
                0x000000000001984a                list_add
                0x0000000000019896                list_push
                0x00000000000198c2                list_chop
                0x000000000001992c                list_pop
                0x0000000000019954                list_remove
                0x00000000000199bc                list_length
                0x00000000000199ea                list_insert
                0x0000000000019a2f                list_item_next
                0x0000000000019a46                list_contains
 .text          0x0000000000019a7a      0x1b5 build/cooja/mtype642.a(memb.o)
                0x0000000000019a7a                memb_init
                0x0000000000019acf                memb_alloc
                0x0000000000019b32                memb_free
                0x0000000000019ba9                memb_inmemb
                0x0000000000019be8                memb_numfree
 .text          0x0000000000019c2f      0x41c build/cooja/mtype642.a(button-hal.o)
                0x0000000000019da8                button_hal_get_by_id
                0x0000000000019de6                button_hal_get_by_index
                0x0000000000019e12                button_hal_get_state
                0x0000000000019e64                button_hal_init
 .text          0x000000000001a04b      0x1f3 build/cooja/mtype642.a(serial-line.o)
                0x000000000001a04b                serial_line_input_byte
                0x000000000001a209                serial_line_init
 .text          0x000000000001a23e      0x168 build/cooja/mtype642.a(gpio-hal.o)
                0x000000000001a23e                gpio_hal_register_handler
                0x000000000001a25b                gpio_hal_event_handler
                0x000000000001a2b7                gpio_hal_init
                0x000000000001a2d6                gpio_hal_arch_port_toggle_pin
                0x000000000001a312                gpio_hal_arch_port_toggle_pins
                0x000000000001a340                gpio_hal_arch_no_port_toggle_pin
                0x000000000001a37e                gpio_hal_arch_no_port_toggle_pins
 .text          0x000000000001a3a6      0x2e7 build/cooja/mtype642.a(queuebuf.o)
                0x000000000001a3b0                queuebuf_init
                0x000000000001a3d9                queuebuf_numfree
                0x000000000001a3f1                queuebuf_new_from_packetbuf
                0x000000000001a490                queuebuf_update_attr_from_packetbuf
                0x000000000001a4c5                queuebuf_update_from_packetbuf
                0x000000000001a515                queuebuf_free
                0x000000000001a55e                queuebuf_to_packetbuf
                0x000000000001a5ca                queuebuf_dataptr
                0x000000000001a604                queuebuf_datalen
                0x000000000001a627                queuebuf_addr
                0x000000000001a65c                queuebuf_attr
                0x000000000001a687                queuebuf_debug_print
 .text          0x000000000001a68d      0x407 build/cooja/mtype642.a(packetbuf.o)
                0x000000000001a68d                packetbuf_clear
                0x000000000001a6b8                packetbuf_copyfrom
                0x000000000001a707                packetbuf_copyto
                0x000000000001a79a                packetbuf_hdralloc
                0x000000000001a816                packetbuf_hdrreduce
                0x000000000001a85c                packetbuf_set_datalen
                0x000000000001a876                packetbuf_dataptr
                0x000000000001a893                packetbuf_hdrptr
                0x000000000001a89d                packetbuf_datalen
                0x000000000001a8a9                packetbuf_hdrlen
                0x000000000001a8c0                packetbuf_totlen
                0x000000000001a8d6                packetbuf_remaininglen
                0x000000000001a8e9                packetbuf_attr_clear
                0x000000000001a935                packetbuf_attr_copyto
                0x000000000001a98d                packetbuf_attr_copyfrom
                0x000000000001a9e5                packetbuf_set_attr
                0x000000000001aa0f                packetbuf_attr
                0x000000000001aa29                packetbuf_set_addr
                0x000000000001aa5a                packetbuf_addr
                0x000000000001aa77                packetbuf_holds_broadcast
 .text          0x000000000001aa94       0xef build/cooja/mtype642.a(netstack.o)
                0x000000000001aa94                netstack_process_ip_callback
                0x000000000001ab25                netstack_ip_packet_processor_add
                0x000000000001ab48                uip_ds6_ip_packet_processor_rm
                0x000000000001ab65                netstack_init
 .text          0x000000000001ab83       0x4f build/cooja/mtype642.a(linkaddr.o)
                0x000000000001ab83                linkaddr_copy
                0x000000000001ab99                linkaddr_cmp
                0x000000000001abbc                linkaddr_set_node_addr
 .text          0x000000000001abd2      0x1f6 build/cooja/mtype642.a(csma.o)
 .text          0x000000000001adc8      0x95d build/cooja/mtype642.a(csma-output.o)
                0x000000000001b45f                csma_output_packet
                0x000000000001b6ec                csma_output_init
 .text          0x000000000001b725      0xc11 build/cooja/mtype642.a(uip-ds6.o)
                0x000000000001b725                uip_ds6_default_prefix
                0x000000000001b72f                uip_ds6_set_default_prefix
                0x000000000001b75a                uip_ds6_init
                0x000000000001b9bc                uip_ds6_periodic
                0x000000000001ba43                uip_ds6_list_loop
                0x000000000001bb03                uip_ds6_prefix_add
                0x000000000001bbaf                uip_ds6_prefix_rm
                0x000000000001bbc2                uip_ds6_prefix_lookup
                0x000000000001bc01                uip_ds6_is_addr_onlink
                0x000000000001bc74                uip_ds6_addr_add
                0x000000000001bd94                uip_ds6_addr_rm
                0x000000000001be3d                uip_ds6_addr_lookup
                0x000000000001be76                uip_ds6_get_link_local
                0x000000000001bef7                uip_ds6_get_global
                0x000000000001bf78                uip_ds6_maddr_add
                0x000000000001bfd8                uip_ds6_maddr_rm
                0x000000000001bfeb                uip_ds6_maddr_lookup
                0x000000000001c024                uip_ds6_aaddr_add
                0x000000000001c084                uip_ds6_aaddr_rm
                0x000000000001c097                uip_ds6_aaddr_lookup
                0x000000000001c0d0                uip_ds6_select_src
                0x000000000001c219                uip_ds6_set_addr_iid
                0x000000000001c244                uip_ds6_set_lladdr_from_iid
                0x000000000001c26d                get_match_length
                0x000000000001c2fe                uip_ds6_compute_reachable_time
 .text          0x000000000001c336      0x128 build/cooja/mtype642.a(uip-udp-packet.)
                0x000000000001c336                uip_udp_packet_send
                0x000000000001c391                uip_udp_packet_sendto
 .text          0x000000000001c45e      0x35b build/cooja/mtype642.a(uip-ds6-route.o)
                0x000000000001c4af                uip_ds6_route_init
                0x000000000001c4d9                uip_ds6_route_nexthop
                0x000000000001c4e3                uip_ds6_route_head
                0x000000000001c4ed                uip_ds6_route_next
                0x000000000001c4f7                uip_ds6_route_is_nexthop
                0x000000000001c501                uip_ds6_route_num_routes
                0x000000000001c50b                uip_ds6_route_lookup
                0x000000000001c515                uip_ds6_route_add
                0x000000000001c528                uip_ds6_route_rm
                0x000000000001c52e                uip_ds6_route_rm_by_nexthop
                0x000000000001c534                uip_ds6_defrt_head
                0x000000000001c54d                uip_ds6_defrt_add
                0x000000000001c5fb                uip_ds6_defrt_rm
                0x000000000001c661                uip_ds6_defrt_lookup
                0x000000000001c6c8                uip_ds6_defrt_choose
                0x000000000001c73e                uip_ds6_defrt_periodic
 .text          0x000000000001c7b9      0x6f7 build/cooja/mtype642.a(tcpip.o)
                0x000000000001c7d3                tcpip_output
                0x000000000001c852                udp_attach
                0x000000000001c86a                udp_new
                0x000000000001c8b4                udp_broadcast_new
                0x000000000001ca26                tcpip_input
                0x000000000001cbb6                tcpip_ipv6_output
                0x000000000001cdaa                tcpip_poll_udp
                0x000000000001cdc8                tcpip_uipcall
 .text          0x000000000001ceb0     0x1205 build/cooja/mtype642.a(uip6.o)
                0x000000000001cf5f                uip_chksum
                0x000000000001d036                uip_icmp6chksum
                0x000000000001d04b                uip_udpchksum
                0x000000000001d060                uip_init
                0x000000000001d0a9                uip_remove_ext_hdr
                0x000000000001d183                uip_udp_new
                0x000000000001d497                uip_process
                0x000000000001df8f                uip_htons
                0x000000000001dfb1                uip_htonl
                0x000000000001dfef                uip_send
 .text          0x000000000001e0b5      0x369 build/cooja/mtype642.a(uip-ds6-nbr.o)
                0x000000000001e0b5                uip_ds6_neighbors_init
                0x000000000001e0d9                uip_ds6_nbr_add
                0x000000000001e15f                uip_ds6_nbr_rm
                0x000000000001e1aa                uip_ds6_nbr_update_ll
                0x000000000001e298                uip_ds6_nbr_get_ipaddr
                0x000000000001e2ad                uip_ds6_nbr_get_ll
                0x000000000001e2c9                uip_ds6_nbr_num
                0x000000000001e312                uip_ds6_nbr_head
                0x000000000001e32b                uip_ds6_nbr_next
                0x000000000001e347                uip_ds6_nbr_lookup
                0x000000000001e39f                uip_ds6_nbr_ll_lookup
                0x000000000001e3bb                uip_ds6_nbr_ipaddr_from_lladdr
                0x000000000001e3e4                uip_ds6_nbr_lladdr_from_ipaddr
                0x000000000001e418                uip_ds6_link_callback
 .text          0x000000000001e41e      0x6a7 build/cooja/mtype642.a(uip-nd6.o)
                0x000000000001eaac                uip_nd6_init
 .text          0x000000000001eac5     0x2c17 build/cooja/mtype642.a(sicslowpan.o)
                0x000000000001f0cc                netstack_sniffer_add
                0x000000000001f0da                netstack_sniffer_remove
                0x00000000000216b0                sicslowpan_init
                0x00000000000216d2                sicslowpan_get_last_rssi
 .text          0x00000000000216dc      0x4d1 build/cooja/mtype642.a(uiplib.o)
                0x00000000000216dc                uiplib_ip6addrconv
                0x0000000000021894                uiplib_ip4addrconv
                0x0000000000021957                uiplib_ipaddr_print
                0x00000000000219aa                uiplib_ipaddr_snprint
 .text          0x0000000000021bad      0x4c9 build/cooja/mtype642.a(rpl.o)
                0x0000000000021bad                rpl_lollipop_greater_than
                0x0000000000021c07                rpl_get_global_address
                0x0000000000021cff                rpl_link_callback
                0x0000000000021d43                rpl_has_joined
                0x0000000000021d68                rpl_is_reachable
                0x0000000000021de9                rpl_reset_prefix
                0x0000000000021e53                rpl_set_prefix_from_addr
                0x0000000000021f38                rpl_set_prefix
                0x0000000000022052                rpl_set_leaf_only
                0x000000000002206a                rpl_get_leaf_only
 .text          0x0000000000022076     0x138c build/cooja/mtype642.a(rpl-icmp6.o)
                0x000000000002219b                rpl_icmp6_update_nbr_table
                0x0000000000022224                rpl_icmp6_dis_output
                0x000000000002286a                rpl_icmp6_dio_output
                0x0000000000023068                rpl_icmp6_dao_output
                0x0000000000023349                rpl_icmp6_dao_ack_output
                0x00000000000233b9                rpl_icmp6_init
 .text          0x0000000000023402      0x264 build/cooja/mtype642.a(rpl-dag-root.o)
                0x0000000000023402                rpl_dag_root_print_links
                0x000000000002352e                rpl_dag_root_set_prefix
                0x000000000002355a                rpl_dag_root_start
                0x0000000000023637                rpl_dag_root_is_root
 .text          0x0000000000023666       0x30 build/cooja/mtype642.a(watchdog.o)
                0x0000000000023666                watchdog_init
                0x000000000002366c                watchdog_start
                0x0000000000023672                watchdog_periodic
                0x000000000002368a                watchdog_stop
                0x0000000000023690                watchdog_reboot
 .text          0x0000000000023696       0x4a build/cooja/mtype642.a(int-master.o)
                0x0000000000023696                int_master_enable
                0x00000000000236a6                int_master_read_and_disable
                0x00000000000236c3                int_master_status_set
                0x00000000000236d1                int_master_is_enabled
 .text          0x00000000000236e0      0x226 build/cooja/mtype642.a(coap-timer-defa)
 .text          0x0000000000023906       0xc7 build/cooja/mtype642.a(stimer.o)
                0x0000000000023906                stimer_set
                0x0000000000023924                stimer_reset
                0x0000000000023951                stimer_restart
                0x0000000000023966                stimer_expired
                0x0000000000023991                stimer_remaining
                0x00000000000239b5                stimer_elapsed
 .text          0x00000000000239cd      0x156 build/cooja/mtype642.a(ringbuf.o)
                0x00000000000239cd                ringbuf_init
                0x00000000000239ff                ringbuf_put
                0x0000000000023a7d                ringbuf_get
                0x0000000000023aea                ringbuf_size
                0x0000000000023afc                ringbuf_elements
 .text          0x0000000000023b23       0x1f build/cooja/mtype642.a(assert.o)
                0x0000000000023b23                _xassert
 .text          0x0000000000023b42      0x79b build/cooja/mtype642.a(nbr-table.o)
                0x0000000000023fbb                nbr_table_register
                0x0000000000024028                nbr_table_is_registered
                0x0000000000024063                nbr_table_head
                0x00000000000240be                nbr_table_next
                0x000000000002411f                nbr_table_add_lladdr
                0x00000000000241f9                nbr_table_get_from_lladdr
                0x0000000000024245                nbr_table_remove
                0x000000000002427d                nbr_table_lock
                0x0000000000024297                nbr_table_unlock
                0x00000000000242b1                nbr_table_get_lladdr
 .text          0x00000000000242dd      0x3a5 build/cooja/mtype642.a(link-stats.o)
                0x00000000000242dd                link_stats_from_lladdr
                0x00000000000242f9                link_stats_get_lladdr
                0x0000000000024315                link_stats_is_fresh
                0x0000000000024351                guess_etx_from_rssi
                0x00000000000243cd                link_stats_packet_sent
                0x00000000000244ed                link_stats_input_callback
                0x00000000000245fd                link_stats_reset
                0x000000000002464d                link_stats_init
 .text          0x0000000000024682      0x187 build/cooja/mtype642.a(mac-sequence.o)
                0x0000000000024682                mac_sequence_is_duplicate
                0x0000000000024722                mac_sequence_register_seqno
 .text          0x0000000000024809       0x23 build/cooja/mtype642.a(mac.o)
                0x0000000000024809                mac_call_sent_callback
 .text          0x000000000002482c      0x432 build/cooja/mtype642.a(framer-802154.o)
                0x00000000000249bb                framer_802154_setup_params
 .text          0x0000000000024c5e      0xb6f build/cooja/mtype642.a(frame802154.o)
                0x0000000000024c8f                frame802154_get_pan_id
                0x0000000000024c9b                frame802154_set_pan_id
                0x0000000000024cb5                frame802154_has_panid
                0x0000000000024e64                frame802154_check_dest_panid
                0x0000000000024eec                frame802154_is_broadcast_addr
                0x0000000000024f39                frame802154_extract_linkaddr
                0x000000000002519e                frame802154_hdrlen
                0x0000000000025211                frame802154_create_fcf
                0x00000000000252c9                frame802154_create
                0x000000000002543e                frame802154_parse_fcf
                0x0000000000025520                frame802154_parse
 .text          0x00000000000257cd       0x2d build/cooja/mtype642.a(csma-security.o)
                0x00000000000257cd                csma_security_create_frame
                0x00000000000257eb                csma_security_parse_frame
 .text          0x00000000000257fa      0x4e4 build/cooja/mtype642.a(uipbuf.o)
                0x00000000000257fa                uipbuf_clear
                0x0000000000025821                uipbuf_add_ext_hdr
                0x00000000000258a1                uipbuf_set_len
                0x00000000000258ce                uipbuf_set_len_field
                0x00000000000258fa                uipbuf_get_len_field
                0x000000000002591a                uipbuf_get_next_header
                0x0000000000025a4c                uipbuf_get_last_header
                0x0000000000025ac5                uipbuf_search_header
                0x0000000000025b7b                uipbuf_get_attr
                0x0000000000025ba2                uipbuf_set_attr
                0x0000000000025bd9                uipbuf_set_default_attr
                0x0000000000025c10                uipbuf_clear_attr
                0x0000000000025c34                uipbuf_set_attr_flag
                0x0000000000025c55                uipbuf_clr_attr_flag
                0x0000000000025c7c                uipbuf_is_attr_flag
                0x0000000000025ca0                uipbuf_init
 .text          0x0000000000025cde      0x73f build/cooja/mtype642.a(uip-icmp6.o)
                0x0000000000025d53                uip_icmp6_input
                0x0000000000025daa                uip_icmp6_register_input_handler
                0x0000000000025efd                uip_icmp6_error_output
                0x00000000000261ae                uip_icmp6_send
                0x00000000000263a5                uip_icmp6_echo_reply_callback_add
                0x00000000000263d7                uip_icmp6_echo_reply_callback_rm
                0x00000000000263f4                uip_icmp6_init
 .text          0x000000000002641d      0x69b build/cooja/mtype642.a(uip-sr.o)
                0x000000000002641d                uip_sr_num_nodes
                0x00000000000264ab                uip_sr_get_node
                0x0000000000026502                uip_sr_is_addr_reachable
                0x00000000000265b0                uip_sr_expire_parent
                0x00000000000265f9                uip_sr_update_node
                0x0000000000026729                uip_sr_init
                0x000000000002675d                uip_sr_node_head
                0x0000000000026776                uip_sr_node_next
                0x000000000002678c                uip_sr_periodic
                0x0000000000026892                uip_sr_free_all
                0x0000000000026902                uip_sr_link_snprint
 .text          0x0000000000026ab8      0x146 build/cooja/mtype642.a(uip-packetqueue)
                0x0000000000026ae6                uip_packetqueue_new
                0x0000000000026af5                uip_packetqueue_alloc
                0x0000000000026b50                uip_packetqueue_free
                0x0000000000026b97                uip_packetqueue_buf
                0x0000000000026bb4                uip_packetqueue_buflen
                0x0000000000026bd5                uip_packetqueue_set_buflen
 .text          0x0000000000026bfe      0x1b0 build/cooja/mtype642.a(rpl-nbr-policy.)
                0x0000000000026d6b                rpl_nbr_policy_find_removable
 .text          0x0000000000026dae      0x915 build/cooja/mtype642.a(rpl-neighbor.o)
                0x0000000000026e2a                rpl_neighbor_snprint
                0x00000000000270dd                rpl_neighbor_print_list
                0x0000000000027192                rpl_neighbor_count
                0x0000000000027239                rpl_neighbor_get_from_lladdr
                0x0000000000027255                rpl_neighbor_is_acceptable_parent
                0x0000000000027289                rpl_neighbor_get_link_metric
                0x00000000000272bd                rpl_neighbor_rank_via_nbr
                0x00000000000272f1                rpl_neighbor_get_lladdr
                0x000000000002730d                rpl_neighbor_get_ipaddr
                0x0000000000027334                rpl_neighbor_get_link_stats
                0x000000000002735b                rpl_neighbor_is_fresh
                0x0000000000027382                rpl_neighbor_is_reachable
                0x00000000000273cd                rpl_neighbor_is_parent
                0x00000000000273f7                rpl_neighbor_set_preferred_parent
                0x000000000002748e                rpl_neighbor_remove_all
                0x00000000000274ea                rpl_neighbor_get_from_ipaddr
                0x00000000000275f8                rpl_neighbor_select_best
                0x00000000000276a4                rpl_neighbor_init
 .text          0x00000000000276c3      0xe69 build/cooja/mtype642.a(rpl-dag.o)
                0x00000000000276c3                rpl_dag_state_to_str
                0x0000000000027702                rpl_dag_get_root_ipaddr
                0x000000000002774a                rpl_dag_leave
                0x00000000000277d3                rpl_dag_poison_and_leave
                0x00000000000277eb                rpl_dag_periodic
                0x0000000000027873                rpl_is_addr_in_our_dag
                0x00000000000278b7                rpl_get_default_instance
                0x00000000000278d3                rpl_get_any_dag
                0x000000000002792c                rpl_refresh_routes
                0x000000000002796c                rpl_global_repair
                0x0000000000027a05                rpl_local_repair
                0x0000000000027a4f                rpl_dag_ready_to_advertise
                0x0000000000027a92                rpl_dag_update_state
                0x00000000000281bf                rpl_process_dio
                0x000000000002823d                rpl_process_dis
                0x0000000000028282                rpl_process_dao
                0x0000000000028311                rpl_process_dao_ack
                0x00000000000283a8                rpl_process_hbh
                0x00000000000283f8                rpl_dag_init_root
                0x000000000002850c                rpl_dag_init
 .text          0x000000000002852c      0x9e7 build/cooja/mtype642.a(rpl-timers.o)
                0x000000000002852c                rpl_timers_schedule_periodic_dis
                0x000000000002867a                rpl_timers_dio_reset
                0x0000000000028788                rpl_timers_schedule_unicast_dio
                0x00000000000288dc                rpl_timers_schedule_dao
                0x000000000002899b                rpl_timers_schedule_dao_ack
                0x0000000000028a21                rpl_timers_notify_dao_ack
                0x0000000000028a7f                get_probing_delay
                0x0000000000028ab3                get_probing_target
                0x0000000000028c9d                rpl_schedule_probing
                0x0000000000028ccb                rpl_schedule_probing_now
                0x0000000000028d35                rpl_timers_unschedule_leaving
                0x0000000000028d6d                rpl_timers_schedule_leaving
                0x0000000000028dae                rpl_timers_init
                0x0000000000028e3e                rpl_timers_stop_dag_timers
                0x0000000000028eb7                rpl_timers_unschedule_state_update
                0x0000000000028edb                rpl_timers_schedule_state_update
 .text          0x0000000000028f13      0xb8e build/cooja/mtype642.a(rpl-ext-header.)
                0x0000000000028f13                rpl_ext_header_srh_get_next_hop
                0x0000000000028ffa                rpl_ext_header_srh_update
                0x0000000000029566                rpl_ext_header_hbh_update
                0x0000000000029866                rpl_ext_header_update
                0x00000000000298ef                rpl_ext_header_remove
 .text          0x0000000000029aa1      0x31b build/cooja/mtype642.a(rpl-mrhof.o)
 *fill*         0x0000000000029dbc        0x4 
 .text          0x0000000000029dc0      0x122 /usr/lib/gcc/i686-linux-gnu/5/libgcc.a(_udivdi3.o)
                0x0000000000029dc0                __udivdi3
 .text          0x0000000000029ee2        0x0 /usr/lib/gcc/i686-linux-gnu/5/crtendS.o
 .text          0x0000000000029ee2        0x0 /usr/lib/gcc/i686-linux-gnu/5/../../../i386-linux-gnu/crtn.o
 *(.gnu.warning)

.fini           0x0000000000029ee4       0x14
 *(SORT(.fini))
 .fini          0x0000000000029ee4        0xf /usr/lib/gcc/i686-linux-gnu/5/../../../i386-linux-gnu/crti.o
                0x0000000000029ee4                _fini
 .fini          0x0000000000029ef3        0x5 /usr/lib/gcc/i686-linux-gnu/5/../../../i386-linux-gnu/crtn.o
                [!provide]                        PROVIDE (__etext, .)
                [!provide]                        PROVIDE (_etext, .)
                [!provide]                        PROVIDE (etext, .)

.rodata         0x0000000000029f00      0xacb
 *(.rodata .rodata.* .gnu.linkonce.r.*)
 .rodata        0x0000000000029f00       0xb2 lock.o
                0x0000000000029f18                autostart_processes
 *fill*         0x0000000000029fb2        0x2 
 .rodata        0x0000000000029fb4        0x8 build/cooja/mtype642.a(beep.o)
                0x0000000000029fb4                beep_interface
 .rodata        0x0000000000029fbc        0xe build/cooja/mtype642.a(leds-arch.o)
                0x0000000000029fbc                leds_interface
                0x0000000000029fc4                leds_arch_leds
 *fill*         0x0000000000029fca        0x2 
 .rodata        0x0000000000029fcc        0x8 build/cooja/mtype642.a(moteid.o)
                0x0000000000029fcc                moteid_interface
 .rodata        0x0000000000029fd4       0x1c build/cooja/mtype642.a(pir-sensor.o)
                0x0000000000029fd4                pir_interface
                0x0000000000029fe0                pir_sensor
 .rodata        0x0000000000029ff0        0xe build/cooja/mtype642.a(rs232.o)
                0x0000000000029ff0                rs232_interface
 *fill*         0x0000000000029ffe        0x2 
 .rodata        0x000000000002a000       0x24 build/cooja/mtype642.a(vib-sensor.o)
                0x000000000002a000                vib_interface
                0x000000000002a014                vib_sensor
 .rodata        0x000000000002a024        0x8 build/cooja/mtype642.a(clock.o)
                0x000000000002a024                clock_interface
 .rodata        0x000000000002a02c        0x8 build/cooja/mtype642.a(cooja-log.o)
                0x000000000002a02c                simlog_interface
 .rodata        0x000000000002a034       0x2f build/cooja/mtype642.a(cfs-cooja.o)
                0x000000000002a034                cfs_interface
 *fill*         0x000000000002a063       0x1d 
 .rodata        0x000000000002a080       0xb8 build/cooja/mtype642.a(cooja-radio.o)
                0x000000000002a080                radio_interface
                0x000000000002a100                cooja_radio_driver
 .rodata        0x000000000002a138        0x8 build/cooja/mtype642.a(eeprom.o)
                0x000000000002a138                eeprom_interface
 .rodata        0x000000000002a140        0x8 build/cooja/mtype642.a(sensors.o)
 .rodata        0x000000000002a148       0x2c build/cooja/mtype642.a(buttons.o)
                0x000000000002a148                button_interface
                0x000000000002a15c                button_hal_button_count
                0x000000000002a164                button_sensor
 .rodata        0x000000000002a174       0x34 build/cooja/mtype642.a(res_presence.o)
 .rodata        0x000000000002a1a8       0x6e build/cooja/mtype642.a(res_lock.o)
 .rodata        0x000000000002a216       0x41 build/cooja/mtype642.a(coap-engine.o)
 .rodata        0x000000000002a257       0x19 build/cooja/mtype642.a(coap-res-well-k)
 .rodata        0x000000000002a270       0x11 build/cooja/mtype642.a(coap-observe.o)
 .rodata        0x000000000002a281       0x35 build/cooja/mtype642.a(coap-uip.o)
 *fill*         0x000000000002a2b6        0x2 
 .rodata        0x000000000002a2b8      0x1ac build/cooja/mtype642.a(coap.o)
 .rodata        0x000000000002a464       0xf8 build/cooja/mtype642.a(contiki-main.o)
 .rodata        0x000000000002a55c        0xf build/cooja/mtype642.a(ctimer.o)
 *fill*         0x000000000002a56b        0x1 
 .rodata        0x000000000002a56c       0xc4 build/cooja/mtype642.a(log.o)
 .rodata        0x000000000002a630        0xc build/cooja/mtype642.a(etimer.o)
 .rodata        0x000000000002a63c       0x13 build/cooja/mtype642.a(button-hal.o)
 .rodata        0x000000000002a64f        0xe build/cooja/mtype642.a(serial-line.o)
 *fill*         0x000000000002a65d        0x3 
 .rodata        0x000000000002a660        0x8 build/cooja/mtype642.a(linkaddr.o)
                0x000000000002a660                linkaddr_null
 .rodata        0x000000000002a668       0x24 build/cooja/mtype642.a(csma.o)
                0x000000000002a670                csma_driver
 .rodata        0x000000000002a68c       0x27 build/cooja/mtype642.a(csma-output.o)
 *fill*         0x000000000002a6b3        0x1 
 .rodata        0x000000000002a6b4       0x4d build/cooja/mtype642.a(uip-ds6-route.o)
 .rodata        0x000000000002a701        0xd build/cooja/mtype642.a(tcpip.o)
 *fill*         0x000000000002a70e        0x2 
 .rodata        0x000000000002a710       0x30 build/cooja/mtype642.a(sicslowpan.o)
                0x000000000002a710                unc_llconf
                0x000000000002a714                unc_ctxconf
                0x000000000002a718                unc_mxconf
                0x000000000002a71c                llprefix
                0x000000000002a730                sicslowpan_driver
 .rodata        0x000000000002a740       0x2d build/cooja/mtype642.a(uiplib.o)
 *fill*         0x000000000002a76d       0x13 
 .rodata        0x000000000002a780       0x74 build/cooja/mtype642.a(rpl.o)
                0x000000000002a7a0                rpl_lite_driver
 .rodata        0x000000000002a7f4       0x20 build/cooja/mtype642.a(coap-timer-defa)
                0x000000000002a808                coap_timer_default_driver
 .rodata        0x000000000002a814       0x25 build/cooja/mtype642.a(assert.o)
 *fill*         0x000000000002a839        0x3 
 .rodata        0x000000000002a83c        0xc build/cooja/mtype642.a(framer-802154.o)
                0x000000000002a83c                framer_802154
 .rodata        0x000000000002a848       0x44 build/cooja/mtype642.a(uip-sr.o)
 .rodata        0x000000000002a88c       0x58 build/cooja/mtype642.a(rpl-neighbor.o)
 .rodata        0x000000000002a8e4       0xdb build/cooja/mtype642.a(rpl-dag.o)
 .rodata        0x000000000002a9bf        0xc build/cooja/mtype642.a(rpl-timers.o)

.rodata1
 *(.rodata1)

.eh_frame_hdr   0x000000000002a9cc     0x19f4
 *(.eh_frame_hdr)
 .eh_frame_hdr  0x000000000002a9cc     0x19f4 lock.o
                0x000000000002a9cc                __GNU_EH_FRAME_HDR
 *(.eh_frame_entry .eh_frame_entry.*)

.eh_frame       0x000000000002c3c0     0x6954
 *(.eh_frame)
 .eh_frame      0x000000000002c3c0       0x3c /usr/lib/gcc/i686-linux-gnu/5/../../../i386-linux-gnu/crti.o
                                         0x40 (size before relaxing)
 .eh_frame      0x000000000002c3fc       0x64 lock.o
                                         0x7c (size before relaxing)
 .eh_frame      0x000000000002c460      0x178 build/cooja/mtype642.o
                                        0x190 (size before relaxing)
 .eh_frame      0x000000000002c5d8       0x40 build/cooja/mtype642.a(simEnvChange.o)
                                         0x58 (size before relaxing)
 .eh_frame      0x000000000002c618       0x60 build/cooja/mtype642.a(cooja_mt.o)
                                         0x78 (size before relaxing)
 .eh_frame      0x000000000002c678       0x80 build/cooja/mtype642.a(cooja_mtarch.o)
                                         0x98 (size before relaxing)
 .eh_frame      0x000000000002c6f8       0xc8 build/cooja/mtype642.a(rtimer-arch.o)
                                         0xe0 (size before relaxing)
 .eh_frame      0x000000000002c7c0      0x160 build/cooja/mtype642.a(beep.o)
                                        0x178 (size before relaxing)
 .eh_frame      0x000000000002c920       0x80 build/cooja/mtype642.a(leds-arch.o)
                                         0x98 (size before relaxing)
 .eh_frame      0x000000000002c9a0       0x40 build/cooja/mtype642.a(moteid.o)
                                         0x58 (size before relaxing)
 .eh_frame      0x000000000002c9e0       0xa0 build/cooja/mtype642.a(pir-sensor.o)
                                         0xb8 (size before relaxing)
 .eh_frame      0x000000000002ca80      0x100 build/cooja/mtype642.a(rs232.o)
                                        0x118 (size before relaxing)
 .eh_frame      0x000000000002cb80       0xa0 build/cooja/mtype642.a(vib-sensor.o)
                                         0xb8 (size before relaxing)
 .eh_frame      0x000000000002cc20       0xc0 build/cooja/mtype642.a(clock.o)
                                         0xd8 (size before relaxing)
 .eh_frame      0x000000000002cce0      0x120 build/cooja/mtype642.a(cooja-log.o)
                                        0x138 (size before relaxing)
 .eh_frame      0x000000000002ce00      0x160 build/cooja/mtype642.a(cfs-cooja.o)
                                        0x178 (size before relaxing)
 .eh_frame      0x000000000002cf60      0x340 build/cooja/mtype642.a(cooja-radio.o)
                                        0x358 (size before relaxing)
 .eh_frame      0x000000000002d2a0       0xa0 build/cooja/mtype642.a(eeprom.o)
                                         0xb8 (size before relaxing)
 .eh_frame      0x000000000002d340       0x40 build/cooja/mtype642.a(random.o)
                                         0x58 (size before relaxing)
 .eh_frame      0x000000000002d380       0xc0 build/cooja/mtype642.a(sensors.o)
                                         0xd8 (size before relaxing)
 .eh_frame      0x000000000002d440      0x120 build/cooja/mtype642.a(leds.o)
                                        0x138 (size before relaxing)
 .eh_frame      0x000000000002d560      0x220 build/cooja/mtype642.a(gpio-hal-arch.o)
                                        0x238 (size before relaxing)
 .eh_frame      0x000000000002d780       0xa0 build/cooja/mtype642.a(buttons.o)
                                         0xb8 (size before relaxing)
 .eh_frame      0x000000000002d820       0x64 build/cooja/mtype642.a(res_presence.o)
                                         0x7c (size before relaxing)
 .eh_frame      0x000000000002d884       0x44 build/cooja/mtype642.a(res_lock.o)
                                         0x5c (size before relaxing)
 .eh_frame      0x000000000002d8c8       0x44 build/cooja/mtype642.a(coap-blocking-a)
                                         0x5c (size before relaxing)
 .eh_frame      0x000000000002d90c      0x220 build/cooja/mtype642.a(coap-engine.o)
                                        0x238 (size before relaxing)
 .eh_frame      0x000000000002db2c       0x24 build/cooja/mtype642.a(coap-res-well-k)
                                         0x3c (size before relaxing)
 .eh_frame      0x000000000002db50      0x188 build/cooja/mtype642.a(coap-observe.o)
                                        0x1a0 (size before relaxing)
 .eh_frame      0x000000000002dcd8      0x250 build/cooja/mtype642.a(coap-uip.o)
                                        0x268 (size before relaxing)
 .eh_frame      0x000000000002df28      0x114 build/cooja/mtype642.a(coap-timer.o)
                                        0x12c (size before relaxing)
 .eh_frame      0x000000000002e03c      0x100 build/cooja/mtype642.a(coap-transactio)
                                        0x118 (size before relaxing)
 .eh_frame      0x000000000002e13c      0x6ec build/cooja/mtype642.a(coap.o)
                                        0x704 (size before relaxing)
 .eh_frame      0x000000000002e828       0x30 build/cooja/mtype642.a(contiki-main.o)
                                         0x48 (size before relaxing)
 .eh_frame      0x000000000002e858       0x40 build/cooja/mtype642.a(autostart.o)
                                         0x58 (size before relaxing)
 .eh_frame      0x000000000002e898      0x100 build/cooja/mtype642.a(ctimer.o)
                                        0x118 (size before relaxing)
 .eh_frame      0x000000000002e998      0x100 build/cooja/mtype642.a(log.o)
                                        0x118 (size before relaxing)
 .eh_frame      0x000000000002ea98       0x60 build/cooja/mtype642.a(energest.o)
                                         0x78 (size before relaxing)
 .eh_frame      0x000000000002eaf8      0x1e0 build/cooja/mtype642.a(etimer.o)
                                        0x1f8 (size before relaxing)
 .eh_frame      0x000000000002ecd8       0x20 build/cooja/mtype642.a(node-id.o)
                                         0x38 (size before relaxing)
 .eh_frame      0x000000000002ecf8       0x60 build/cooja/mtype642.a(rtimer.o)
                                         0x78 (size before relaxing)
 .eh_frame      0x000000000002ed58      0x1c4 build/cooja/mtype642.a(process.o)
                                        0x1dc (size before relaxing)
 .eh_frame      0x000000000002ef1c       0xa4 build/cooja/mtype642.a(timer.o)
                                         0xbc (size before relaxing)
 .eh_frame      0x000000000002efc0      0x1a0 build/cooja/mtype642.a(list.o)
                                        0x1b8 (size before relaxing)
 .eh_frame      0x000000000002f160       0xa0 build/cooja/mtype642.a(memb.o)
                                         0xb8 (size before relaxing)
 .eh_frame      0x000000000002f200      0x144 build/cooja/mtype642.a(button-hal.o)
                                        0x15c (size before relaxing)
 .eh_frame      0x000000000002f344       0x60 build/cooja/mtype642.a(serial-line.o)
                                         0x78 (size before relaxing)
 .eh_frame      0x000000000002f3a4       0xe0 build/cooja/mtype642.a(gpio-hal.o)
                                         0xf8 (size before relaxing)
 .eh_frame      0x000000000002f484      0x1a0 build/cooja/mtype642.a(queuebuf.o)
                                        0x1b8 (size before relaxing)
 .eh_frame      0x000000000002f624      0x28c build/cooja/mtype642.a(packetbuf.o)
                                        0x2a4 (size before relaxing)
 .eh_frame      0x000000000002f8b0       0x80 build/cooja/mtype642.a(netstack.o)
                                         0x98 (size before relaxing)
 .eh_frame      0x000000000002f930       0x60 build/cooja/mtype642.a(linkaddr.o)
                                         0x78 (size before relaxing)
 .eh_frame      0x000000000002f990       0xe0 build/cooja/mtype642.a(csma.o)
                                         0xf8 (size before relaxing)
 .eh_frame      0x000000000002fa70      0x1d0 build/cooja/mtype642.a(csma-output.o)
                                        0x1e8 (size before relaxing)
 .eh_frame      0x000000000002fc40      0x328 build/cooja/mtype642.a(uip-ds6.o)
                                        0x340 (size before relaxing)
 .eh_frame      0x000000000002ff68       0x40 build/cooja/mtype642.a(uip-udp-packet.)
                                         0x58 (size before relaxing)
 .eh_frame      0x000000000002ffa8      0x220 build/cooja/mtype642.a(uip-ds6-route.o)
                                        0x238 (size before relaxing)
 .eh_frame      0x00000000000301c8      0x244 build/cooja/mtype642.a(tcpip.o)
                                        0x25c (size before relaxing)
 .eh_frame      0x000000000003040c      0x1e8 build/cooja/mtype642.a(uip6.o)
                                        0x200 (size before relaxing)
 .eh_frame      0x00000000000305f4      0x1c0 build/cooja/mtype642.a(uip-ds6-nbr.o)
                                        0x1d8 (size before relaxing)
 .eh_frame      0x00000000000307b4       0x84 build/cooja/mtype642.a(uip-nd6.o)
                                         0x9c (size before relaxing)
 .eh_frame      0x0000000000030838      0x2f8 build/cooja/mtype642.a(sicslowpan.o)
                                        0x310 (size before relaxing)
 .eh_frame      0x0000000000030b30       0x88 build/cooja/mtype642.a(uiplib.o)
                                         0xa0 (size before relaxing)
 .eh_frame      0x0000000000030bb8      0x1e0 build/cooja/mtype642.a(rpl.o)
                                        0x1f8 (size before relaxing)
 .eh_frame      0x0000000000030d98      0x1c4 build/cooja/mtype642.a(rpl-icmp6.o)
                                        0x1dc (size before relaxing)
 .eh_frame      0x0000000000030f5c       0xa0 build/cooja/mtype642.a(rpl-dag-root.o)
                                         0xb8 (size before relaxing)
 .eh_frame      0x0000000000030ffc       0xa0 build/cooja/mtype642.a(watchdog.o)
                                         0xb8 (size before relaxing)
 .eh_frame      0x000000000003109c       0x80 build/cooja/mtype642.a(int-master.o)
                                         0x98 (size before relaxing)
 .eh_frame      0x000000000003111c       0xa4 build/cooja/mtype642.a(coap-timer-defa)
                                         0xbc (size before relaxing)
 .eh_frame      0x00000000000311c0       0xc4 build/cooja/mtype642.a(stimer.o)
                                         0xdc (size before relaxing)
 .eh_frame      0x0000000000031284       0xa0 build/cooja/mtype642.a(ringbuf.o)
                                         0xb8 (size before relaxing)
 .eh_frame      0x0000000000031324       0x20 build/cooja/mtype642.a(assert.o)
                                         0x38 (size before relaxing)
 .eh_frame      0x0000000000031344      0x2ac build/cooja/mtype642.a(nbr-table.o)
                                        0x2c4 (size before relaxing)
 .eh_frame      0x00000000000315f0      0x120 build/cooja/mtype642.a(link-stats.o)
                                        0x138 (size before relaxing)
 .eh_frame      0x0000000000031710       0x48 build/cooja/mtype642.a(mac-sequence.o)
                                         0x60 (size before relaxing)
 .eh_frame      0x0000000000031758       0x20 build/cooja/mtype642.a(mac.o)
                                         0x38 (size before relaxing)
 .eh_frame      0x0000000000031778       0xa4 build/cooja/mtype642.a(framer-802154.o)
                                         0xbc (size before relaxing)
 .eh_frame      0x000000000003181c      0x1a4 build/cooja/mtype642.a(frame802154.o)
                                        0x1bc (size before relaxing)
 .eh_frame      0x00000000000319c0       0x40 build/cooja/mtype642.a(csma-security.o)
                                         0x58 (size before relaxing)
 .eh_frame      0x0000000000031a00      0x200 build/cooja/mtype642.a(uipbuf.o)
                                        0x218 (size before relaxing)
 .eh_frame      0x0000000000031c00      0x150 build/cooja/mtype642.a(uip-icmp6.o)
                                        0x168 (size before relaxing)
 .eh_frame      0x0000000000031d50      0x184 build/cooja/mtype642.a(uip-sr.o)
                                        0x19c (size before relaxing)
 .eh_frame      0x0000000000031ed4       0xe0 build/cooja/mtype642.a(uip-packetqueue)
                                         0xf8 (size before relaxing)
 .eh_frame      0x0000000000031fb4       0x80 build/cooja/mtype642.a(rpl-nbr-policy.)
                                         0x98 (size before relaxing)
 .eh_frame      0x0000000000032034      0x2d4 build/cooja/mtype642.a(rpl-neighbor.o)
                                        0x2ec (size before relaxing)
 .eh_frame      0x0000000000032308      0x370 build/cooja/mtype642.a(rpl-dag.o)
                                        0x388 (size before relaxing)
 .eh_frame      0x0000000000032678      0x3a8 build/cooja/mtype642.a(rpl-timers.o)
                                        0x3c0 (size before relaxing)
 .eh_frame      0x0000000000032a20      0x124 build/cooja/mtype642.a(rpl-ext-header.)
                                        0x13c (size before relaxing)
 .eh_frame      0x0000000000032b44      0x148 build/cooja/mtype642.a(rpl-mrhof.o)
                                        0x160 (size before relaxing)
 .eh_frame      0x0000000000032c8c       0x84 /usr/lib/gcc/i686-linux-gnu/5/libgcc.a(_udivdi3.o)
                                         0x9c (size before relaxing)
 .eh_frame      0x0000000000032d10        0x4 /usr/lib/gcc/i686-linux-gnu/5/crtendS.o
 *(.eh_frame.*)

.gcc_except_table
 *(.gcc_except_table .gcc_except_table.*)

.gnu_extab
 *(.gnu_extab*)

.exception_ranges
 *(.exception_ranges .exception_ranges*)
                0x0000000000033f10                . = DATA_SEGMENT_ALIGN (0x1000, 0x1000)

.eh_frame
 *(.eh_frame)
 *(.eh_frame.*)

.gnu_extab
 *(.gnu_extab)

.gcc_except_table
 *(.gcc_except_table .gcc_except_table.*)

.exception_ranges
 *(.exception_ranges .exception_ranges*)

.tdata
 *(.tdata .tdata.* .gnu.linkonce.td.*)

.tbss
 *(.tbss .tbss.* .gnu.linkonce.tb.*)
 *(.tcommon)

.preinit_array
 *(.preinit_array)

.init_array     0x0000000000033f10        0x4
 *(SORT(.init_array.*) SORT(.ctors.*))
 *(.init_array EXCLUDE_FILE(*crtend?.o *crtend.o *crtbegin?.o *crtbegin.o) .ctors)
 .init_array    0x0000000000033f10        0x4 /usr/lib/gcc/i686-linux-gnu/5/crtbeginS.o

.fini_array     0x0000000000033f14        0x4
 *(SORT(.fini_array.*) SORT(.dtors.*))
 *(.fini_array EXCLUDE_FILE(*crtend?.o *crtend.o *crtbegin?.o *crtbegin.o) .dtors)
 .fini_array    0x0000000000033f14        0x4 /usr/lib/gcc/i686-linux-gnu/5/crtbeginS.o

.ctors
 *crtbegin.o(.ctors)
 *crtbegin?.o(.ctors)
 *(EXCLUDE_FILE(*crtend?.o *crtend.o) .ctors)
 *(SORT(.ctors.*))
 *(.ctors)

.dtors
 *crtbegin.o(.dtors)
 *crtbegin?.o(.dtors)
 *(EXCLUDE_FILE(*crtend?.o *crtend.o) .dtors)
 *(SORT(.dtors.*))
 *(.dtors)

.jcr            0x0000000000033f18        0x4
 *(.jcr)
 .jcr           0x0000000000033f18        0x0 /usr/lib/gcc/i686-linux-gnu/5/crtbeginS.o
 .jcr           0x0000000000033f18        0x4 /usr/lib/gcc/i686-linux-gnu/5/crtendS.o

.data.rel.ro
 *(.data.rel.ro.local* .gnu.linkonce.d.rel.ro.local.*)
 *(.data.rel.ro .data.rel.ro.* .gnu.linkonce.d.rel.ro.*)

.dynamic        0x0000000000033f1c       0xd0
 *(.dynamic)
 .dynamic       0x0000000000033f1c       0xd0 /usr/lib/gcc/i686-linux-gnu/5/../../../i386-linux-gnu/crti.o
                0x0000000000033f1c                _DYNAMIC

.got            0x0000000000033fec       0x14
 *(.got)
 .got           0x0000000000033fec       0x14 /usr/lib/gcc/i686-linux-gnu/5/../../../i386-linux-gnu/crti.o
 *(.igot)
                0x0000000000034ff4                . = DATA_SEGMENT_RELRO_END (., (SIZEOF (.got.plt) >= 0xc)?0xc:0x0)

.got.plt        0x0000000000034000        0xc
 *(.got.plt)
 .got.plt       0x0000000000034000        0xc /usr/lib/gcc/i686-linux-gnu/5/../../../i386-linux-gnu/crti.o
                0x0000000000034000                _GLOBAL_OFFSET_TABLE_
 *(.igot.plt)

.data           0x0000000000034020      0x4c4
 *(.data .data.* .gnu.linkonce.d.*)
 .data          0x0000000000034020        0x0 /usr/lib/gcc/i686-linux-gnu/5/../../../i386-linux-gnu/crti.o
 .data          0x0000000000034020        0x0 /usr/lib/gcc/i686-linux-gnu/5/crtbeginS.o
 .data.rel.local
                0x0000000000034020        0x4 /usr/lib/gcc/i686-linux-gnu/5/crtbeginS.o
                0x0000000000034020                __dso_handle
 .data          0x0000000000034024       0x20 lock.o
                0x0000000000034024                coap_client
                0x0000000000034034                sensor_node
 *fill*         0x0000000000034044       0x1c 
 .data          0x0000000000034060       0x44 build/cooja/mtype642.o
                0x0000000000034060                simInterfaces
                0x0000000000034094                sensors
 .data          0x00000000000340a4        0x0 build/cooja/mtype642.a(simEnvChange.o)
 .data          0x00000000000340a4        0x0 build/cooja/mtype642.a(cooja_mt.o)
 .data          0x00000000000340a4        0x0 build/cooja/mtype642.a(cooja_mtarch.o)
 .data          0x00000000000340a4        0x0 build/cooja/mtype642.a(rtimer-arch.o)
 .data          0x00000000000340a4        0x0 build/cooja/mtype642.a(beep.o)
 .data          0x00000000000340a4        0x0 build/cooja/mtype642.a(leds-arch.o)
 .data          0x00000000000340a4        0x0 build/cooja/mtype642.a(moteid.o)
 .data          0x00000000000340a4        0x0 build/cooja/mtype642.a(pir-sensor.o)
 .data          0x00000000000340a4        0x0 build/cooja/mtype642.a(rs232.o)
 .data          0x00000000000340a4        0x0 build/cooja/mtype642.a(vib-sensor.o)
 .data          0x00000000000340a4        0x0 build/cooja/mtype642.a(clock.o)
 .data          0x00000000000340a4        0x0 build/cooja/mtype642.a(cooja-log.o)
 .data          0x00000000000340a4        0x0 build/cooja/mtype642.a(cfs-cooja.o)
 .data          0x00000000000340a4       0x2c build/cooja/mtype642.a(cooja-radio.o)
                0x00000000000340a4                simRadioHWOn
                0x00000000000340a8                simSignalStrength
                0x00000000000340ac                simLastSignalStrength
                0x00000000000340b0                simPower
                0x00000000000340b4                simRadioChannel
                0x00000000000340b8                simLQI
                0x00000000000340c0                cooja_radio_process
 .data          0x00000000000340d0        0x0 build/cooja/mtype642.a(eeprom.o)
 .data          0x00000000000340d0        0x0 build/cooja/mtype642.a(random.o)
 .data          0x00000000000340d0       0x10 build/cooja/mtype642.a(sensors.o)
                0x00000000000340d0                sensors_process
 .data          0x00000000000340e0        0x0 build/cooja/mtype642.a(leds.o)
 .data          0x00000000000340e0        0x0 build/cooja/mtype642.a(gpio-hal-arch.o)
 .data          0x00000000000340e0       0x78 build/cooja/mtype642.a(buttons.o)
                0x00000000000340e0                simButtonIsActive
                0x0000000000034150                button_hal_buttons
 *fill*         0x0000000000034158        0x8 
 .data          0x0000000000034160       0x44 build/cooja/mtype642.a(res_presence.o)
                0x0000000000034160                presence
                0x0000000000034180                res_presence
 *fill*         0x00000000000341a4       0x1c 
 .data          0x00000000000341c0       0x24 build/cooja/mtype642.a(res_lock.o)
                0x00000000000341c0                res_lock
 .data          0x00000000000341e4        0x0 build/cooja/mtype642.a(coap-blocking-a)
 .data          0x00000000000341e4        0x8 build/cooja/mtype642.a(coap-engine.o)
 *fill*         0x00000000000341ec       0x14 
 .data          0x0000000000034200       0x24 build/cooja/mtype642.a(coap-res-well-k)
                0x0000000000034200                res_well_known_core
 .data          0x0000000000034224       0x10 build/cooja/mtype642.a(coap-observe.o)
 .data          0x0000000000034234       0x10 build/cooja/mtype642.a(coap-uip.o)
                0x0000000000034234                coap_engine
 .data          0x0000000000034244        0x4 build/cooja/mtype642.a(coap-timer.o)
 .data          0x0000000000034248       0x10 build/cooja/mtype642.a(coap-transactio)
 .data          0x0000000000034258        0x4 build/cooja/mtype642.a(coap.o)
                0x0000000000034258                coap_error_message
 .data          0x000000000003425c        0x0 build/cooja/mtype642.a(contiki-main.o)
 .data          0x000000000003425c        0x0 build/cooja/mtype642.a(autostart.o)
 .data          0x000000000003425c       0x14 build/cooja/mtype642.a(ctimer.o)
                0x0000000000034260                ctimer_process
 *fill*         0x0000000000034270       0x10 
 .data          0x0000000000034280       0xbc build/cooja/mtype642.a(log.o)
                0x0000000000034280                curr_log_level_main
                0x00000000000342a0                all_modules
 .data          0x000000000003433c        0x0 build/cooja/mtype642.a(energest.o)
 .data          0x000000000003433c       0x10 build/cooja/mtype642.a(etimer.o)
                0x000000000003433c                etimer_process
 .data          0x000000000003434c        0x0 build/cooja/mtype642.a(node-id.o)
 .data          0x000000000003434c        0x0 build/cooja/mtype642.a(rtimer.o)
 .data          0x000000000003434c        0x0 build/cooja/mtype642.a(process.o)
 .data          0x000000000003434c        0x0 build/cooja/mtype642.a(timer.o)
 .data          0x000000000003434c        0x0 build/cooja/mtype642.a(list.o)
 .data          0x000000000003434c        0x0 build/cooja/mtype642.a(memb.o)
 .data          0x000000000003434c       0x10 build/cooja/mtype642.a(button-hal.o)
                0x000000000003434c                button_hal_process
 .data          0x000000000003435c       0x10 build/cooja/mtype642.a(serial-line.o)
                0x000000000003435c                serial_line_process
 .data          0x000000000003436c        0x4 build/cooja/mtype642.a(gpio-hal.o)
 .data          0x0000000000034370       0x18 build/cooja/mtype642.a(queuebuf.o)
 .data          0x0000000000034388        0x4 build/cooja/mtype642.a(packetbuf.o)
 .data          0x000000000003438c        0x4 build/cooja/mtype642.a(netstack.o)
 .data          0x0000000000034390        0x0 build/cooja/mtype642.a(linkaddr.o)
 .data          0x0000000000034390        0x0 build/cooja/mtype642.a(csma.o)
 .data          0x0000000000034390       0x28 build/cooja/mtype642.a(csma-output.o)
 .data          0x00000000000343b8        0x0 build/cooja/mtype642.a(uip-ds6.o)
 .data          0x00000000000343b8        0x0 build/cooja/mtype642.a(uip-udp-packet.)
 .data          0x00000000000343b8       0x10 build/cooja/mtype642.a(uip-ds6-route.o)
 .data          0x00000000000343c8       0x10 build/cooja/mtype642.a(tcpip.o)
                0x00000000000343c8                tcpip_process
 .data          0x00000000000343d8        0x0 build/cooja/mtype642.a(uip6.o)
 .data          0x00000000000343d8       0x14 build/cooja/mtype642.a(uip-ds6-nbr.o)
 .data          0x00000000000343ec        0xc build/cooja/mtype642.a(uip-nd6.o)
 .data          0x00000000000343f8        0x0 build/cooja/mtype642.a(sicslowpan.o)
 .data          0x00000000000343f8        0x0 build/cooja/mtype642.a(uiplib.o)
 .data          0x00000000000343f8        0x0 build/cooja/mtype642.a(rpl.o)
 .data          0x00000000000343f8       0x30 build/cooja/mtype642.a(rpl-icmp6.o)
 .data          0x0000000000034428        0x0 build/cooja/mtype642.a(rpl-dag-root.o)
 .data          0x0000000000034428        0x0 build/cooja/mtype642.a(watchdog.o)
 .data          0x0000000000034428        0x0 build/cooja/mtype642.a(int-master.o)
 .data          0x0000000000034428       0x10 build/cooja/mtype642.a(coap-timer-defa)
                0x0000000000034428                coap_timer_process
 .data          0x0000000000034438        0x0 build/cooja/mtype642.a(stimer.o)
 .data          0x0000000000034438        0x0 build/cooja/mtype642.a(ringbuf.o)
 .data          0x0000000000034438        0x0 build/cooja/mtype642.a(assert.o)
 .data          0x0000000000034438       0x10 build/cooja/mtype642.a(nbr-table.o)
 .data          0x0000000000034448       0x14 build/cooja/mtype642.a(link-stats.o)
 .data          0x000000000003445c        0x0 build/cooja/mtype642.a(mac-sequence.o)
 .data          0x000000000003445c        0x0 build/cooja/mtype642.a(mac.o)
 .data          0x000000000003445c        0x0 build/cooja/mtype642.a(framer-802154.o)
 .data          0x000000000003445c        0x2 build/cooja/mtype642.a(frame802154.o)
 .data          0x000000000003445e        0x0 build/cooja/mtype642.a(csma-security.o)
 .data          0x000000000003445e        0x0 build/cooja/mtype642.a(uipbuf.o)
 *fill*         0x000000000003445e        0x2 
 .data          0x0000000000034460       0x20 build/cooja/mtype642.a(uip-icmp6.o)
 .data          0x0000000000034480       0x10 build/cooja/mtype642.a(uip-sr.o)
 .data          0x0000000000034490        0xc build/cooja/mtype642.a(uip-packetqueue)
 .data          0x000000000003449c        0x0 build/cooja/mtype642.a(rpl-nbr-policy.)
 .data          0x000000000003449c       0x14 build/cooja/mtype642.a(rpl-neighbor.o)
                0x00000000000344ac                rpl_neighbors
 .data          0x00000000000344b0        0x0 build/cooja/mtype642.a(rpl-dag.o)
 .data          0x00000000000344b0        0x0 build/cooja/mtype642.a(rpl-timers.o)
 .data          0x00000000000344b0        0x0 build/cooja/mtype642.a(rpl-ext-header.)
 *fill*         0x00000000000344b0       0x10 
 .data          0x00000000000344c0       0x24 build/cooja/mtype642.a(rpl-mrhof.o)
                0x00000000000344c0                rpl_mrhof
 .data          0x00000000000344e4        0x0 /usr/lib/gcc/i686-linux-gnu/5/libgcc.a(_udivdi3.o)
 .data          0x00000000000344e4        0x0 /usr/lib/gcc/i686-linux-gnu/5/crtendS.o
 .data          0x00000000000344e4        0x0 /usr/lib/gcc/i686-linux-gnu/5/../../../i386-linux-gnu/crtn.o

.tm_clone_table
                0x00000000000344e4        0x0
 .tm_clone_table
                0x00000000000344e4        0x0 /usr/lib/gcc/i686-linux-gnu/5/crtbeginS.o
 .tm_clone_table
                0x00000000000344e4        0x0 /usr/lib/gcc/i686-linux-gnu/5/crtendS.o

.data1
 *(.data1)
                0x00000000000344e4                _edata = .
                [!provide]                        PROVIDE (edata, .)
                0x00000000000344e4                . = .
                0x00000000000344e4                __bss_start = .

.bss            0x0000000000034500    0x13f84
 *(.dynbss)
 .dynbss        0x0000000000034500        0x0 /usr/lib/gcc/i686-linux-gnu/5/../../../i386-linux-gnu/crti.o
 *(.bss .bss.* .gnu.linkonce.b.*)
 .bss           0x0000000000034500        0x0 /usr/lib/gcc/i686-linux-gnu/5/../../../i386-linux-gnu/crti.o
 .bss           0x0000000000034500        0x1 /usr/lib/gcc/i686-linux-gnu/5/crtbeginS.o
 *fill*         0x0000000000034501       0x1f 
 .bss           0x0000000000034520      0x12c lock.o
                0x0000000000034520                registered
 *fill*         0x000000000003464c       0x14 
 .bss           0x0000000000034660     0x2030 build/cooja/mtype642.o
 .bss           0x0000000000036690        0x1 build/cooja/mtype642.a(simEnvChange.o)
                0x0000000000036690                simDontFallAsleep
 *fill*         0x0000000000036691        0x3 
 .bss           0x0000000000036694        0x4 build/cooja/mtype642.a(cooja_mt.o)
 .bss           0x0000000000036698        0x4 build/cooja/mtype642.a(cooja_mtarch.o)
 .bss           0x000000000003669c        0x0 build/cooja/mtype642.a(rtimer-arch.o)
 .bss           0x000000000003669c        0x0 build/cooja/mtype642.a(beep.o)
 .bss           0x000000000003669c        0x1 build/cooja/mtype642.a(leds-arch.o)
                0x000000000003669c                simLedsValue
 .bss           0x000000000003669d        0x0 build/cooja/mtype642.a(moteid.o)
 .bss           0x000000000003669d        0x1 build/cooja/mtype642.a(pir-sensor.o)
                0x000000000003669d                simPirValue
 *fill*         0x000000000003669e        0x2 
 .bss           0x00000000000366a0        0x4 build/cooja/mtype642.a(rs232.o)
 .bss           0x00000000000366a4        0x1 build/cooja/mtype642.a(vib-sensor.o)
                0x00000000000366a4                simVibValue
 .bss           0x00000000000366a5        0x0 build/cooja/mtype642.a(clock.o)
 *fill*         0x00000000000366a5       0x1b 
 .bss           0x00000000000366c0     0x2020 build/cooja/mtype642.a(cooja-log.o)
 .bss           0x00000000000386e0      0xfc0 build/cooja/mtype642.a(cfs-cooja.o)
                0x00000000000386e0                simCFSData
                0x0000000000039680                simCFSSize
                0x0000000000039684                simCFSChanged
                0x0000000000039688                simCFSRead
                0x000000000003968c                simCFSWritten
 .bss           0x00000000000396a0       0x24 build/cooja/mtype642.a(cooja-radio.o)
                0x00000000000396a0                simReceiving
                0x00000000000396a4                simInSize
                0x00000000000396a8                simLastPacketTimestamp
                0x00000000000396b0                simOutSize
 .bss           0x00000000000396c4        0xc build/cooja/mtype642.a(eeprom.o)
                0x00000000000396c4                simEEPROMChanged
                0x00000000000396c8                simEEPROMRead
                0x00000000000396cc                simEEPROMWritten
 .bss           0x00000000000396d0        0x0 build/cooja/mtype642.a(random.o)
 .bss           0x00000000000396d0        0xc build/cooja/mtype642.a(sensors.o)
 .bss           0x00000000000396dc        0x0 build/cooja/mtype642.a(leds.o)
 .bss           0x00000000000396dc       0x24 build/cooja/mtype642.a(gpio-hal-arch.o)
 .bss           0x0000000000039700        0x0 build/cooja/mtype642.a(buttons.o)
 .bss           0x0000000000039700        0x0 build/cooja/mtype642.a(res_presence.o)
 .bss           0x0000000000039700        0x1 build/cooja/mtype642.a(res_lock.o)
                0x0000000000039700                lockOn
 .bss           0x0000000000039701        0x0 build/cooja/mtype642.a(coap-blocking-a)
 *fill*         0x0000000000039701       0x1f 
 .bss           0x0000000000039720      0x190 build/cooja/mtype642.a(coap-engine.o)
 .bss           0x00000000000398b0        0x0 build/cooja/mtype642.a(coap-res-well-k)
 *fill*         0x00000000000398b0       0x10 
 .bss           0x00000000000398c0      0x120 build/cooja/mtype642.a(coap-observe.o)
 .bss           0x00000000000399e0       0x18 build/cooja/mtype642.a(coap-uip.o)
 .bss           0x00000000000399f8        0x5 build/cooja/mtype642.a(coap-timer.o)
 *fill*         0x00000000000399fd        0x3 
 .bss           0x0000000000039a00      0x334 build/cooja/mtype642.a(coap-transactio)
 .bss           0x0000000000039d34        0x6 build/cooja/mtype642.a(coap.o)
                0x0000000000039d34                coap_status_code
 .bss           0x0000000000039d3a        0x0 build/cooja/mtype642.a(contiki-main.o)
 .bss           0x0000000000039d3a        0x0 build/cooja/mtype642.a(autostart.o)
 *fill*         0x0000000000039d3a        0x2 
 .bss           0x0000000000039d3c        0x5 build/cooja/mtype642.a(ctimer.o)
 *fill*         0x0000000000039d41        0x3 
 .bss           0x0000000000039d44       0x2c build/cooja/mtype642.a(log.o)
                0x0000000000039d44                curr_log_level_rpl
                0x0000000000039d48                curr_log_level_tcpip
                0x0000000000039d4c                curr_log_level_ipv6
                0x0000000000039d50                curr_log_level_6lowpan
                0x0000000000039d54                curr_log_level_nullnet
                0x0000000000039d58                curr_log_level_mac
                0x0000000000039d5c                curr_log_level_framer
                0x0000000000039d60                curr_log_level_6top
                0x0000000000039d64                curr_log_level_coap
                0x0000000000039d68                curr_log_level_snmp
                0x0000000000039d6c                curr_log_level_lwm2m
 .bss           0x0000000000039d70        0x0 build/cooja/mtype642.a(energest.o)
 .bss           0x0000000000039d70        0x8 build/cooja/mtype642.a(etimer.o)
 .bss           0x0000000000039d78        0x2 build/cooja/mtype642.a(node-id.o)
                0x0000000000039d78                node_id
 *fill*         0x0000000000039d7a        0x2 
 .bss           0x0000000000039d7c        0x4 build/cooja/mtype642.a(rtimer.o)
 .bss           0x0000000000039d80      0x1a1 build/cooja/mtype642.a(process.o)
                0x0000000000039d80                process_list
                0x0000000000039d84                process_current
 .bss           0x0000000000039f21        0x0 build/cooja/mtype642.a(timer.o)
 .bss           0x0000000000039f21        0x0 build/cooja/mtype642.a(list.o)
 .bss           0x0000000000039f21        0x0 build/cooja/mtype642.a(memb.o)
 *fill*         0x0000000000039f21        0x3 
 .bss           0x0000000000039f24       0x10 build/cooja/mtype642.a(button-hal.o)
 *fill*         0x0000000000039f34        0xc 
 .bss           0x0000000000039f40      0x140 build/cooja/mtype642.a(serial-line.o)
 .bss           0x000000000003a080        0x4 build/cooja/mtype642.a(gpio-hal.o)
 *fill*         0x000000000003a084       0x1c 
 .bss           0x000000000003a0a0     0x2c80 build/cooja/mtype642.a(queuebuf.o)
 .bss           0x000000000003cd20       0xa0 build/cooja/mtype642.a(packetbuf.o)
 .bss           0x000000000003cdc0        0x4 build/cooja/mtype642.a(netstack.o)
 .bss           0x000000000003cdc4        0x0 build/cooja/mtype642.a(linkaddr.o)
 .bss           0x000000000003cdc4        0x0 build/cooja/mtype642.a(csma.o)
 *fill*         0x000000000003cdc4       0x1c 
 .bss           0x000000000003cde0      0x726 build/cooja/mtype642.a(csma-output.o)
 *fill*         0x000000000003d506        0x2 
 .bss           0x000000000003d508       0x30 build/cooja/mtype642.a(uip-ds6.o)
 .bss           0x000000000003d538        0x0 build/cooja/mtype642.a(uip-udp-packet.)
 *fill*         0x000000000003d538        0x8 
 .bss           0x000000000003d540       0x60 build/cooja/mtype642.a(uip-ds6-route.o)
 .bss           0x000000000003d5a0       0x10 build/cooja/mtype642.a(tcpip.o)
 .bss           0x000000000003d5b0        0x8 build/cooja/mtype642.a(uip6.o)
                0x000000000003d5b0                uip_ext_bitmap
                0x000000000003d5b2                uip_ext_len