Archive member included to satisfy reference by file (symbol)

build/cooja/mtype562.a(simEnvChange.o)
                              build/cooja/mtype562.o (simDontFallAsleep)
build/cooja/mtype562.a(cooja_mt.o)
                              build/cooja/mtype562.o (cooja_mt_start)
build/cooja/mtype562.a(cooja_mtarch.o)
                              build/cooja/mtype562.a(cooja_mt.o) (cooja_mtarch_start)
build/cooja/mtype562.a(rtimer-arch.o)
                              build/cooja/mtype562.o (rtimer_arch_check)
build/cooja/mtype562.a(beep.o)
                              build/cooja/mtype562.o (beep_interface)
build/cooja/mtype562.a(leds-arch.o)
                              build/cooja/mtype562.o (leds_interface)
build/cooja/mtype562.a(moteid.o)
                              build/cooja/mtype562.o (moteid_interface)
build/cooja/mtype562.a(pir-sensor.o)
                              build/cooja/mtype562.o (pir_interface)
build/cooja/mtype562.a(rs232.o)
                              build/cooja/mtype562.o (rs232_interface)
build/cooja/mtype562.a(vib-sensor.o)
                              build/cooja/mtype562.o (vib_interface)
build/cooja/mtype562.a(clock.o)
                              build/cooja/mtype562.o (clock_interface)
build/cooja/mtype562.a(cooja-log.o)
                              build/cooja/mtype562.o (simlog_interface)
build/cooja/mtype562.a(cfs-cooja.o)
                              build/cooja/mtype562.o (cfs_interface)
build/cooja/mtype562.a(cooja-radio.o)
                              build/cooja/mtype562.o (radio_interface)
build/cooja/mtype562.a(eeprom.o)
                              build/cooja/mtype562.o (eeprom_interface)
build/cooja/mtype562.a(random.o)
                              build/cooja/mtype562.a(moteid.o) (random_init)
build/cooja/mtype562.a(sensors.o)
                              build/cooja/mtype562.a(pir-sensor.o) (sensors_changed)
build/cooja/mtype562.a(leds.o)
                              build/cooja/mtype562.a(leds-arch.o) (leds_get)
build/cooja/mtype562.a(gpio-hal-arch.o)
                              build/cooja/mtype562.a(leds-arch.o) (gpio_hal_arch_register_pin_callback)
build/cooja/mtype562.a(buttons.o)
                              build/cooja/mtype562.o (button_interface)
build/cooja/mtype562.a(res_presence.o)
                              lock.o (res_presence)
build/cooja/mtype562.a(res_lock.o)
                              build/cooja/mtype562.a(res_presence.o) (lockOn)
build/cooja/mtype562.a(coap-blocking-a)
                              lock.o (coap_blocking_request)
build/cooja/mtype562.a(coap-engine.o)
                              lock.o (coap_activate_resource)
build/cooja/mtype562.a(coap-res-well-k)
                              build/cooja/mtype562.a(coap-engine.o) (res_well_known_core)
build/cooja/mtype562.a(coap-observe.o)
                              build/cooja/mtype562.a(coap-engine.o) (coap_remove_observer_by_mid)
build/cooja/mtype562.a(coap-uip.o)
                              build/cooja/mtype562.a(coap-observe.o) (coap_endpoint_copy)
build/cooja/mtype562.a(coap-timer.o)
                              build/cooja/mtype562.a(coap-engine.o) (coap_timer_set)
build/cooja/mtype562.a(coap-transactio)
                              build/cooja/mtype562.a(coap-blocking-a) (coap_send_transaction)
build/cooja/mtype562.a(coap.o)
                              build/cooja/mtype562.a(coap-engine.o) (coap_status_code)
build/cooja/mtype562.a(contiki-main.o)
                              build/cooja/mtype562.o (main)
build/cooja/mtype562.a(autostart.o)
                              build/cooja/mtype562.a(contiki-main.o) (autostart_start)
build/cooja/mtype562.a(ctimer.o)
                              build/cooja/mtype562.a(contiki-main.o) (ctimer_init)
build/cooja/mtype562.a(log.o)
                              build/cooja/mtype562.a(contiki-main.o) (curr_log_level_main)
build/cooja/mtype562.a(energest.o)
                              build/cooja/mtype562.a(contiki-main.o) (energest_init)
build/cooja/mtype562.a(etimer.o)
                              build/cooja/mtype562.a(contiki-main.o) (etimer_process)
build/cooja/mtype562.a(node-id.o)
                              lock.o (node_id)
build/cooja/mtype562.a(rtimer.o)
                              build/cooja/mtype562.a(contiki-main.o) (rtimer_init)
build/cooja/mtype562.a(process.o)
                              build/cooja/mtype562.a(coap-blocking-a) (process_current)
build/cooja/mtype562.a(timer.o)
                              build/cooja/mtype562.a(etimer.o) (timer_set)
build/cooja/mtype562.a(list.o)
                              build/cooja/mtype562.a(coap-engine.o) (list_init)
build/cooja/mtype562.a(memb.o)
                              build/cooja/mtype562.a(coap-observe.o) (memb_alloc)
build/cooja/mtype562.a(button-hal.o)
                              build/cooja/mtype562.o (button_hal_init)
build/cooja/mtype562.a(serial-line.o)
[...]
Memory Configuration

Name             Origin             Length             Attributes
*default*        0x0000000000000000 0xffffffffffffffff

Linker script and memory map

LOAD /usr/lib/gcc/i686-linux-gnu/5/../../../i386-linux-gnu/crti.o
LOAD /usr/lib/gcc/i686-linux-gnu/5/crtbeginS.o
LOAD lock.o
LOAD build/cooja/mtype562.o
LOAD build/cooja/mtype562.a
LOAD /usr/lib/gcc/i686-linux-gnu/5/libgcc.a
LOAD /usr/lib/gcc/i686-linux-gnu/5/libgcc_s.so
LOAD /usr/lib/gcc/i686-linux-gnu/5/../../../i386-linux-gnu/libc.so
START GROUP
LOAD /lib/i386-linux-gnu/libc.so.6
LOAD /usr/lib/i386-linux-gnu/libc_nonshared.a
LOAD /lib/i386-linux-gnu/ld-linux.so.2
END GROUP
LOAD /usr/lib/gcc/i686-linux-gnu/5/libgcc.a
LOAD /usr/lib/gcc/i686-linux-gnu/5/libgcc_s.so
LOAD /usr/lib/gcc/i686-linux-gnu/5/crtendS.o
LOAD /usr/lib/gcc/i686-linux-gnu/5/../../../i386-linux-gnu/crtn.o
                0x0000000000000114                . = (0x0 + SIZEOF_HEADERS)

.note.gnu.build-id
                0x0000000000000114       0x24
 *(.note.gnu.build-id)
 .note.gnu.build-id
                0x0000000000000114       0x24 /usr/lib/gcc/i686-linux-gnu/5/../../../i386-linux-gnu/crti.o

.hash
 *(.hash)

.gnu.hash       0x0000000000000138     0x15a4
 *(.gnu.hash)
 .gnu.hash      0x0000000000000138     0x15a4 /usr/lib/gcc/i686-linux-gnu/5/../../../i386-linux-gnu/crti.o

.dynsym         0x00000000000016dc     0x2f50
 *(.dynsym)
 .dynsym        0x00000000000016dc     0x2f50 /usr/lib/gcc/i686-linux-gnu/5/../../../i386-linux-gnu/crti.o

.dynstr         0x000000000000462c     0x36cc
 *(.dynstr)
 .dynstr        0x000000000000462c     0x36cc /usr/lib/gcc/i686-linux-gnu/5/../../../i386-linux-gnu/crti.o

.gnu.version    0x0000000000007cf8      0x5ea
 *(.gnu.version)
 .gnu.version   0x0000000000007cf8      0x5ea /usr/lib/gcc/i686-linux-gnu/5/../../../i386-linux-gnu/crti.o

.gnu.version_d  0x00000000000082e4        0x0
 *(.gnu.version_d)
 .gnu.version_d
                0x00000000000082e4        0x0 /usr/lib/gcc/i686-linux-gnu/5/../../../i386-linux-gnu/crti.o

.gnu.version_r  0x00000000000082e4       0x40
 *(.gnu.version_r)
 .gnu.version_r
                0x00000000000082e4       0x40 /usr/lib/gcc/i686-linux-gnu/5/../../../i386-linux-gnu/crti.o

.rel.dyn        0x0000000000008324     0x9178
 *(.rel.init)
 .rel.init      0x0000000000008324        0x0 /usr/lib/gcc/i686-linux-gnu/5/../../../i386-linux-gnu/crti.o
 *(.rel.text .rel.text.* .rel.gnu.linkonce.t.*)
 .rel.text      0x0000000000008324     0x8790 /usr/lib/gcc/i686-linux-gnu/5/../../../i386-linux-gnu/crti.o
 *(.rel.fini)
 .rel.fini      0x0000000000010ab4        0x0 /usr/lib/gcc/i686-linux-gnu/5/../../../i386-linux-gnu/crti.o
 *(.rel.rodata .rel.rodata.* .rel.gnu.linkonce.r.*)
 .rel.rodata    0x0000000000010ab4      0x590 /usr/lib/gcc/i686-linux-gnu/5/../../../i386-linux-gnu/crti.o
 *(.rel.data.rel.ro .rel.data.rel.ro.* .rel.gnu.linkonce.d.rel.ro.*)
 *(.rel.data .rel.data.* .rel.gnu.linkonce.d.*)
 .rel.data.rel.local
                0x0000000000011044        0x8 /usr/lib/gcc/i686-linux-gnu/5/../../../i386-linux-gnu/crti.o
 .rel.data      0x000000000001104c      0x418 /usr/lib/gcc/i686-linux-gnu/5/../../../i386-linux-gnu/crti.o
 *(.rel.tdata .rel.tdata.* .rel.gnu.linkonce.td.*)
 *(.rel.tbss .rel.tbss.* .rel.gnu.linkonce.tb.*)
 *(.rel.ctors)
 *(.rel.dtors)
 *(.rel.got)
 .rel.got       0x0000000000011464       0x28 /usr/lib/gcc/i686-linux-gnu/5/../../../i386-linux-gnu/crti.o
 *(.rel.bss .rel.bss.* .rel.gnu.linkonce.b.*)
 *(.rel.ifunc)
 .rel.ifunc     0x000000000001148c        0x0 /usr/lib/gcc/i686-linux-gnu/5/../../../i386-linux-gnu/crti.o
 .rel.fini_array
                0x000000000001148c        0x8 /usr/lib/gcc/i686-linux-gnu/5/../../../i386-linux-gnu/crti.o
 .rel.init_array
                0x0000000000011494        0x8 /usr/lib/gcc/i686-linux-gnu/5/../../../i386-linux-gnu/crti.o

.rel.plt        0x000000000001149c        0x0
 *(.rel.plt)
 .rel.plt       0x000000000001149c        0x0 /usr/lib/gcc/i686-linux-gnu/5/../../../i386-linux-gnu/crti.o
 *(.rel.iplt)

.init           0x000000000001149c       0x23
 *(SORT(.init))
 .init          0x000000000001149c       0x1e /usr/lib/gcc/i686-linux-gnu/5/../../../i386-linux-gnu/crti.o
                0x000000000001149c                _init
 .init          0x00000000000114ba        0x5 /usr/lib/gcc/i686-linux-gnu/5/../../../i386-linux-gnu/crtn.o

.plt            0x00000000000114c0       0x10
 *(.plt)
 .plt           0x00000000000114c0       0x10 /usr/lib/gcc/i686-linux-gnu/5/../../../i386-linux-gnu/crti.o
 *(.iplt)

.plt.got        0x00000000000114d0       0x10
 *(.plt.got)
 .plt.got       0x00000000000114d0       0x10 /usr/lib/gcc/i686-linux-gnu/5/../../../i386-linux-gnu/crti.o

.text           0x00000000000114e0    0x18a82
 *(.text.unlikely .text.*_unlikely .text.unlikely.*)
 .text.unlikely
                0x00000000000114e0        0x0 /usr/lib/gcc/i686-linux-gnu/5/crtbeginS.o
 .text.unlikely
                0x00000000000114e0        0x0 /usr/lib/gcc/i686-linux-gnu/5/libgcc.a(_udivdi3.o)
 *(.text.exit .text.exit.*)
 *(.text.startup .text.startup.*)
 *(.text.hot .text.hot.*)
 *(.text .stub .text.* .gnu.linkonce.t.*)
 .text          0x00000000000114e0        0x0 /usr/lib/gcc/i686-linux-gnu/5/../../../i386-linux-gnu/crti.o
 .gnu.linkonce.t.__x86.get_pc_thunk.bx
                0x00000000000114e0        0x4 /usr/lib/gcc/i686-linux-gnu/5/../../../i386-linux-gnu/crti.o
                0x00000000000114e0                __x86.get_pc_thunk.bx
 *fill*         0x00000000000114e4        0xc 
 .text          0x00000000000114f0      0x11c /usr/lib/gcc/i686-linux-gnu/5/crtbeginS.o
 .text.__x86.get_pc_thunk.dx
                0x000000000001160c        0x4 /usr/lib/gcc/i686-linux-gnu/5/crtbeginS.o
                0x000000000001160c                __x86.get_pc_thunk.dx
 .text          0x0000000000011610      0x44e lock.o
                0x0000000000011610                response_handler
 .text          0x0000000000011a5e      0x283 build/cooja/mtype562.o
                0x0000000000011af0                platform_init_stage_one
                0x0000000000011b03                platform_init_stage_two
                0x0000000000011b16                platform_init_stage_three
                0x0000000000011b29                platform_main_loop
                0x0000000000011b9c                Java_org_contikios_cooja_corecomm_Lib14_init
                0x0000000000011bd3                Java_org_contikios_cooja_corecomm_Lib14_getMemory
                0x0000000000011c06                Java_org_contikios_cooja_corecomm_Lib14_setMemory
                0x0000000000011c66                Java_org_contikios_cooja_corecomm_Lib14_tick
                0x0000000000011cce                Java_org_contikios_cooja_corecomm_Lib14_setReferenceAddress
 .text          0x0000000000011ce1       0x65 build/cooja/mtype562.a(simEnvChange.o)
                0x0000000000011ce1                doActionsBeforeTick
                0x0000000000011d13                doActionsAfterTick
 .text          0x0000000000011d46       0x83 build/cooja/mtype562.a(cooja_mt.o)
                0x0000000000011d46                cooja_mt_start
                0x0000000000011d70                cooja_mt_exec
                0x0000000000011da6                cooja_mt_yield
 .text          0x0000000000011dc9       0xbe build/cooja/mtype562.a(cooja_mtarch.o)
                0x0000000000011dc9                cooja_mtarch_start
                0x0000000000011e3c                cooja_sw
                0x0000000000011e5f                cooja_mtarch_exec
                0x0000000000011e7c                cooja_mtarch_yield
 .text          0x0000000000011e87       0xc5 build/cooja/mtype562.a(rtimer-arch.o)
                0x0000000000011e87                rtimer_arch_init
                0x0000000000011eab                rtimer_arch_schedule
                0x0000000000011edb                rtimer_arch_next
                0x0000000000011eeb                rtimer_arch_pending
                0x0000000000011ef5                rtimer_arch_check
                0x0000000000011f3c                rtimer_arch_now
 .text          0x0000000000011f4c       0x81 build/cooja/mtype562.a(beep.o)
                0x0000000000011f4c                beep_alarm
                0x0000000000011f59                beep_beep
                0x0000000000011f66                beep
                0x0000000000011f73                beep_down
                0x0000000000011f80                beep_on
                0x0000000000011f8d                beep_off
                0x0000000000011f9a                beep_spinup
                0x0000000000011fa7                beep_quick
                0x0000000000011fb4                beep_long
 .text          0x0000000000011fcd       0x65 build/cooja/mtype562.a(leds-arch.o)
                0x0000000000011fe0                leds_arch_init
 .text          0x0000000000012032       0x35 build/cooja/mtype562.a(moteid.o)
 .text          0x0000000000012067       0xb7 build/cooja/mtype562.a(pir-sensor.o)
 .text          0x000000000001211e      0x148 build/cooja/mtype562.a(rs232.o)
                0x000000000001211e                rs232_init
                0x0000000000012124                rs232_set_speed
                0x0000000000012133                rs232_set_input
                0x0000000000012141                rs232_send
                0x0000000000012165                rs232_print
                0x0000000000012181                slip_arch_writeb
 .text          0x0000000000012266       0xb7 build/cooja/mtype562.a(vib-sensor.o)
 .text          0x000000000001231d       0x38 build/cooja/mtype562.a(clock.o)
                0x000000000001231d                clock_init
                0x0000000000012323                clock_time
                0x000000000001232d                clock_seconds
                0x0000000000012343                clock_delay
 .text          0x0000000000012355      0x219 build/cooja/mtype562.a(cooja-log.o)
                0x0000000000012355                simlog_char
                0x0000000000012398                simlog
                0x000000000001240e                log_message
                0x000000000001243f                log_set_putchar_with_slip
                0x000000000001244d                log_putchar
                0x00000000000124c8                log_puts
                0x00000000000124f0                log_printf
 .text          0x000000000001256e      0x2b9 build/cooja/mtype562.a(cfs-cooja.o)
                0x000000000001256e                cfs_open
                0x00000000000125d7                cfs_close
                0x00000000000125e4                cfs_read
                0x0000000000012679                cfs_write
                0x0000000000012755                cfs_seek
                0x00000000000127dd                cfs_remove
                0x0000000000012801                cfs_opendir
                0x000000000001280b                cfs_readdir
                0x0000000000012815                cfs_closedir
 .text          0x0000000000012827      0x620 build/cooja/mtype562.a(cooja-radio.o)
                0x0000000000012869                radio_set_channel
                0x0000000000012877                radio_set_txpower
                0x000000000001288f                radio_signal_strength_last
                0x0000000000012899                radio_signal_strength_current
                0x00000000000128a3                radio_LQI
 .text          0x0000000000012e47       0xee build/cooja/mtype562.a(eeprom.o)
                0x0000000000012e47                eeprom_init
                0x0000000000012e4d                eeprom_read
                0x0000000000012ebb                eeprom_write
 .text          0x0000000000012f35       0x2d build/cooja/mtype562.a(random.o)
                0x0000000000012f35                random_init
                0x0000000000012f55                random_rand
 .text          0x0000000000012f62      0x29c build/cooja/mtype562.a(sensors.o)
                0x0000000000012f9d                sensors_first
                0x0000000000012fa7                sensors_next
                0x0000000000012fc1                sensors_changed
                0x0000000000012ff5                sensors_find
 .text          0x00000000000131fe      0x349 build/cooja/mtype562.a(leds.o)
                0x00000000000131fe                leds_init
                0x0000000000013245                leds_single_on
                0x00000000000132a4                leds_single_off
                0x0000000000013303                leds_single_toggle
                0x0000000000013335                leds_on
                0x00000000000133b7                leds_off
                0x0000000000013439                leds_toggle
                0x000000000001348e                leds_set
                0x00000000000134ba                leds_get
 .text          0x0000000000013547      0x343 build/cooja/mtype562.a(gpio-hal-arch.o)
                0x0000000000013547                gpio_hal_arch_register_pin_callback
                0x00000000000135b3                gpio_hal_arch_init
                0x00000000000135f8                gpio_hal_arch_no_port_interrupt_enable
                0x0000000000013628                gpio_hal_arch_no_port_interrupt_disable
                0x0000000000013658                gpio_hal_arch_no_port_pin_cfg_set
                0x000000000001367d                gpio_hal_arch_no_port_pin_cfg_get
                0x00000000000136a3                gpio_hal_arch_no_port_pin_set_input
                0x00000000000136b5                gpio_hal_arch_no_port_pin_set_output
                0x00000000000136c7                gpio_hal_arch_no_port_set_pin
                0x00000000000136e8                gpio_hal_arch_no_port_clear_pin
                0x0000000000013709                gpio_hal_arch_no_port_read_pin
                0x000000000001372f                gpio_hal_arch_no_port_write_pin
                0x0000000000013759                gpio_hal_arch_no_port_set_pins
                0x00000000000137a0                gpio_hal_arch_no_port_clear_pins
                0x00000000000137e7                gpio_hal_arch_no_port_read_pins
                0x000000000001382a                gpio_hal_arch_no_port_write_pins
 .text          0x000000000001388a       0x89 build/cooja/mtype562.a(buttons.o)
 .text          0x0000000000013913      0x25a build/cooja/mtype562.a(res_presence.o)
                0x0000000000013913                generate_random_presence
 .text          0x0000000000013b6d      0x319 build/cooja/mtype562.a(res_lock.o)
 .text          0x0000000000013e86      0x27b build/cooja/mtype562.a(coap-blocking-a)
                0x0000000000013e86                coap_blocking_request_callback
                0x0000000000013eb0                coap_blocking_request
 .text          0x0000000000014101      0xbea build/cooja/mtype562.a(coap-engine.o)
                0x0000000000014196                coap_add_handler
                0x00000000000141b3                coap_remove_handler
                0x00000000000141d0                coap_call_handlers
                0x00000000000142d8                coap_receive
                0x00000000000148d3                coap_engine_init
                0x0000000000014931                coap_activate_resource
                0x00000000000149dc                coap_get_first_resource
                0x00000000000149f5                coap_get_next_resource
 .text          0x0000000000014ceb      0x2d9 build/cooja/mtype562.a(coap-res-well-k)
 .text          0x0000000000014fc4      0x96a build/cooja/mtype562.a(coap-observe.o)
                0x00000000000150d9                coap_remove_observer
                0x0000000000015109                coap_remove_observer_by_client
                0x0000000000015171                coap_remove_observer_by_token
                0x0000000000015204                coap_remove_observer_by_uri
                0x00000000000152ab                coap_remove_observer_by_mid
                0x0000000000015327                coap_notify_observers
                0x0000000000015340                coap_notify_observers_sub
                0x00000000000157aa                coap_observe_handler
                0x00000000000158c5                coap_has_observers
 .text          0x000000000001592e      0x733 build/cooja/mtype562.a(coap-uip.o)
                0x000000000001592e                coap_endpoint_log
                0x00000000000159b4                coap_endpoint_print
                0x0000000000015a3a                coap_endpoint_snprint
                0x0000000000015b6d                coap_endpoint_copy
                0x0000000000015baa                coap_endpoint_cmp
                0x0000000000015cb8                coap_endpoint_parse
                0x0000000000015ea3                coap_endpoint_is_secure
                0x0000000000015eb2                coap_endpoint_is_connected
                0x0000000000015ee6                coap_endpoint_connect
                0x0000000000015f02                coap_endpoint_disconnect
                0x0000000000015f08                coap_databuf
                0x0000000000015f12                coap_transport_init
                0x0000000000015f62                coap_sendto
 .text          0x0000000000016061      0x324 build/cooja/mtype562.a(coap-timer.o)
                0x000000000001615e                coap_timer_stop
                0x0000000000016189                coap_timer_set
                0x00000000000161cc                coap_timer_reset
                0x000000000001620f                coap_timer_time_to_next_expiration
                0x000000000001627b                coap_timer_run
                0x0000000000016347                coap_timer_init
 .text          0x0000000000016385      0x2c6 build/cooja/mtype562.a(coap-transactio)
                0x00000000000163eb                coap_new_transaction
                0x0000000000016451                coap_send_transaction
                0x00000000000165b2                coap_clear_transaction
                0x00000000000165fa                coap_get_transaction_by_mid
 .text          0x000000000001664b     0x1c53 build/cooja/mtype562.a(coap.o)
                0x0000000000016bb8                coap_init_connection
                0x0000000000016bcc                coap_get_mid
                0x0000000000016be8                coap_init_message
                0x0000000000016c31                coap_serialize_message
                0x00000000000172b3                coap_parse_message
                0x000000000001791a                coap_get_query_variable
                0x000000000001795c                coap_get_post_variable
                0x00000000000179a0                coap_set_status_code
                0x00000000000179c5                coap_set_token
                0x0000000000017a0c                coap_get_header_content_format
                0x0000000000017a3d                coap_set_header_content_format
                0x0000000000017a60                coap_get_header_accept
                0x0000000000017a91                coap_set_header_accept
                0x0000000000017ab4                coap_get_header_max_age
                0x0000000000017ae5                coap_set_header_max_age
                0x0000000000017b05                coap_get_header_etag
                0x0000000000017b37                coap_set_header_etag
                0x0000000000017b8e                coap_get_header_if_match
                0x0000000000017bc0                coap_set_header_if_match
                0x0000000000017c17                coap_get_header_if_none_match
                0x0000000000017c31                coap_set_header_if_none_match
                0x0000000000017c48                coap_get_header_proxy_uri
                0x0000000000017c76                coap_set_header_proxy_uri
                0x0000000000017cb3                coap_get_header_uri_host
                0x0000000000017ce1                coap_set_header_uri_host
                0x0000000000017d1e                coap_get_header_uri_path
                0x0000000000017d4c                coap_set_header_uri_path
                0x0000000000017d99                coap_get_header_uri_query
                0x0000000000017dcd                coap_set_header_uri_query
                0x0000000000017e23                coap_get_header_location_path
                0x0000000000017e51                coap_set_header_location_path
                0x0000000000017eea                coap_get_header_location_query
                0x0000000000017f18                coap_set_header_location_query
                0x0000000000017f65                coap_get_header_observe
                0x0000000000017f94                coap_set_header_observe
                0x0000000000017fb4                coap_get_header_block2
                0x0000000000018020                coap_set_header_block2
                0x0000000000018097                coap_get_header_block1
                0x000000000001810c                coap_set_header_block1
                0x0000000000018187                coap_get_header_size2
                0x00000000000181b7                coap_set_header_size2
                0x00000000000181da                coap_get_header_size1
                0x000000000001820a                coap_set_header_size1
                0x000000000001822d                coap_get_payload
                0x0000000000018267                coap_set_payload
 .text          0x000000000001829e      0x332 build/cooja/mtype562.a(contiki-main.o)
                0x000000000001829e                main
 .text          0x00000000000185d0       0x92 build/cooja/mtype562.a(autostart.o)
                0x00000000000185d0                autostart_start
                0x000000000001861a                autostart_exit
 .text          0x0000000000018662      0x355 build/cooja/mtype562.a(ctimer.o)
                0x000000000001878a                ctimer_init
                0x00000000000187bd                ctimer_set
                0x00000000000187e3                ctimer_set_with_process
                0x0000000000018860                ctimer_reset
                0x00000000000188b4                ctimer_restart
                0x0000000000018908                ctimer_stop
                0x0000000000018958                ctimer_expired
 .text          0x00000000000189b7      0x394 build/cooja/mtype562.a(log.o)
                0x00000000000189b7                log_6addr
                0x0000000000018a0a                log_6addr_compact_snprint
                0x0000000000018aa8                log_6addr_compact
                0x0000000000018afb                log_lladdr
                0x0000000000018b6d                log_lladdr_compact
                0x0000000000018bd5                log_set_level
                0x0000000000018c90                log_get_level
                0x0000000000018d09                log_level_to_str
 .text          0x0000000000018d4b       0x1b build/cooja/mtype562.a(energest.o)
                0x0000000000018d4b                energest_init
                0x0000000000018d51                energest_flush
                0x0000000000018d57                energest_get_total_time
 .text          0x0000000000018d66      0x43f build/cooja/mtype562.a(etimer.o)
                0x0000000000018f8a                etimer_request_poll
                0x0000000000019013                etimer_set
                0x000000000001903c                etimer_reset_with_new_interval
                0x000000000001906b                etimer_reset
                0x0000000000019091                etimer_restart
                0x00000000000190b7                etimer_adjust
                0x00000000000190d4                etimer_expired
                0x00000000000190e7                etimer_expiration_time
                0x00000000000190f9                etimer_start_time
                0x0000000000019103                etimer_pending
                0x0000000000019115                etimer_next_expiration_time
                0x000000000001912f                etimer_stop
 .text          0x00000000000191a5       0x25 build/cooja/mtype562.a(node-id.o)
                0x00000000000191a5                node_id_init
 .text          0x00000000000191ca       0xeb build/cooja/mtype562.a(rtimer.o)
                0x00000000000191ca                rtimer_init
                0x00000000000191d8                rtimer_set
                0x0000000000019253                rtimer_run_next
 .text          0x00000000000192b5      0x4fb build/cooja/mtype562.a(process.o)
                0x00000000000192b5                process_alloc_event
                0x00000000000192ca                process_start
                0x00000000000194a4                process_exit
                0x00000000000194c1                process_init
                0x0000000000019656                process_run
                0x0000000000019689                process_nevents
                0x00000000000196a4                process_post
                0x0000000000019737                process_post_synch
                0x000000000001976c                process_poll
                0x000000000001979c                process_is_running
 .text          0x00000000000197b0       0xb1 build/cooja/mtype562.a(timer.o)
                0x00000000000197b0                timer_set
                0x00000000000197ce                timer_reset
                0x00000000000197fb                timer_restart
                0x0000000000019810                timer_expired
                0x000000000001983d                timer_remaining
 .text          0x0000000000019861      0x28f build/cooja/mtype562.a(list.o)
                0x0000000000019861                list_init
                0x0000000000019870                list_head
                0x000000000001987a                list_copy
                0x000000000001988a                list_tail
                0x00000000000198c0                list_add
                0x000000000001990c                list_push
                0x0000000000019938                list_chop
                0x00000000000199a2                list_pop
                0x00000000000199ca                list_remove
                0x0000000000019a32                list_length
                0x0000000000019a60                list_insert
                0x0000000000019aa5                list_item_next
                0x0000000000019abc                list_contains
 .text          0x0000000000019af0      0x1b5 build/cooja/mtype562.a(memb.o)
                0x0000000000019af0                memb_init
                0x0000000000019b45                memb_alloc
                0x0000000000019ba8                memb_free
                0x0000000000019c1f                memb_inmemb
                0x0000000000019c5e                memb_numfree
 .text          0x0000000000019ca5      0x41c build/cooja/mtype562.a(button-hal.o)
                0x0000000000019e1e                button_hal_get_by_id
                0x0000000000019e5c                button_hal_get_by_index
                0x0000000000019e88                button_hal_get_state
                0x0000000000019eda                button_hal_init
 .text          0x000000000001a0c1      0x1f3 build/cooja/mtype562.a(serial-line.o)
                0x000000000001a0c1                serial_line_input_byte
                0x000000000001a27f                serial_line_init
 .text          0x000000000001a2b4      0x168 build/cooja/mtype562.a(gpio-hal.o)
                0x000000000001a2b4                gpio_hal_register_handler
                0x000000000001a2d1                gpio_hal_event_handler
                0x000000000001a32d                gpio_hal_init
                0x000000000001a34c                gpio_hal_arch_port_toggle_pin
                0x000000000001a388                gpio_hal_arch_port_toggle_pins
                0x000000000001a3b6                gpio_hal_arch_no_port_toggle_pin
                0x000000000001a3f4                gpio_hal_arch_no_port_toggle_pins
 .text          0x000000000001a41c      0x2e7 build/cooja/mtype562.a(queuebuf.o)
                0x000000000001a426                queuebuf_init
                0x000000000001a44f                queuebuf_numfree
                0x000000000001a467                queuebuf_new_from_packetbuf
                0x000000000001a506                queuebuf_update_attr_from_packetbuf
                0x000000000001a53b                queuebuf_update_from_packetbuf
                0x000000000001a58b                queuebuf_free
                0x000000000001a5d4                queuebuf_to_packetbuf
                0x000000000001a640                queuebuf_dataptr
                0x000000000001a67a                queuebuf_datalen
                0x000000000001a69d                queuebuf_addr
                0x000000000001a6d2                queuebuf_attr
                0x000000000001a6fd                queuebuf_debug_print
 .text          0x000000000001a703      0x407 build/cooja/mtype562.a(packetbuf.o)
                0x000000000001a703                packetbuf_clear
                0x000000000001a72e                packetbuf_copyfrom
                0x000000000001a77d                packetbuf_copyto
                0x000000000001a810                packetbuf_hdralloc
                0x000000000001a88c                packetbuf_hdrreduce
                0x000000000001a8d2                packetbuf_set_datalen
                0x000000000001a8ec                packetbuf_dataptr
                0x000000000001a909                packetbuf_hdrptr
                0x000000000001a913                packetbuf_datalen
                0x000000000001a91f                packetbuf_hdrlen
                0x000000000001a936                packetbuf_totlen
                0x000000000001a94c                packetbuf_remaininglen
                0x000000000001a95f                packetbuf_attr_clear
                0x000000000001a9ab                packetbuf_attr_copyto
                0x000000000001aa03                packetbuf_attr_copyfrom
                0x000000000001aa5b                packetbuf_set_attr
                0x000000000001aa85                packetbuf_attr
                0x000000000001aa9f                packetbuf_set_addr
                0x000000000001aad0                packetbuf_addr
                0x000000000001aaed                packetbuf_holds_broadcast
 .text          0x000000000001ab0a       0xef build/cooja/mtype562.a(netstack.o)
                0x000000000001ab0a                netstack_process_ip_callback
                0x000000000001ab9b                netstack_ip_packet_processor_add
                0x000000000001abbe                uip_ds6_ip_packet_processor_rm
                0x000000000001abdb                netstack_init
 .text          0x000000000001abf9       0x4f build/cooja/mtype562.a(linkaddr.o)
                0x000000000001abf9                linkaddr_copy
                0x000000000001ac0f                linkaddr_cmp
                0x000000000001ac32                linkaddr_set_node_addr
 .text          0x000000000001ac48      0x1f6 build/cooja/mtype562.a(csma.o)
 .text          0x000000000001ae3e      0x95d build/cooja/mtype562.a(csma-output.o)
                0x000000000001b4d5                csma_output_packet
                0x000000000001b762                csma_output_init
 .text          0x000000000001b79b      0xc11 build/cooja/mtype562.a(uip-ds6.o)
                0x000000000001b79b                uip_ds6_default_prefix
                0x000000000001b7a5                uip_ds6_set_default_prefix
                0x000000000001b7d0                uip_ds6_init
                0x000000000001ba32                uip_ds6_periodic
                0x000000000001bab9                uip_ds6_list_loop
                0x000000000001bb79                uip_ds6_prefix_add
                0x000000000001bc25                uip_ds6_prefix_rm
                0x000000000001bc38                uip_ds6_prefix_lookup
                0x000000000001bc77                uip_ds6_is_addr_onlink
                0x000000000001bcea                uip_ds6_addr_add
                0x000000000001be0a                uip_ds6_addr_rm
                0x000000000001beb3                uip_ds6_addr_lookup
                0x000000000001beec                uip_ds6_get_link_local
                0x000000000001bf6d                uip_ds6_get_global
                0x000000000001bfee                uip_ds6_maddr_add
                0x000000000001c04e                uip_ds6_maddr_rm
                0x000000000001c061                uip_ds6_maddr_lookup
                0x000000000001c09a                uip_ds6_aaddr_add
                0x000000000001c0fa                uip_ds6_aaddr_rm
                0x000000000001c10d                uip_ds6_aaddr_lookup
                0x000000000001c146                uip_ds6_select_src
                0x000000000001c28f                uip_ds6_set_addr_iid
                0x000000000001c2ba                uip_ds6_set_lladdr_from_iid
                0x000000000001c2e3                get_match_length
                0x000000000001c374                uip_ds6_compute_reachable_time
 .text          0x000000000001c3ac      0x128 build/cooja/mtype562.a(uip-udp-packet.)
                0x000000000001c3ac                uip_udp_packet_send
                0x000000000001c407                uip_udp_packet_sendto
 .text          0x000000000001c4d4      0x35b build/cooja/mtype562.a(uip-ds6-route.o)
                0x000000000001c525                uip_ds6_route_init
                0x000000000001c54f                uip_ds6_route_nexthop
                0x000000000001c559                uip_ds6_route_head
                0x000000000001c563                uip_ds6_route_next
                0x000000000001c56d                uip_ds6_route_is_nexthop
                0x000000000001c577                uip_ds6_route_num_routes
                0x000000000001c581                uip_ds6_route_lookup
                0x000000000001c58b                uip_ds6_route_add
                0x000000000001c59e                uip_ds6_route_rm
                0x000000000001c5a4                uip_ds6_route_rm_by_nexthop
                0x000000000001c5aa                uip_ds6_defrt_head
                0x000000000001c5c3                uip_ds6_defrt_add
                0x000000000001c671                uip_ds6_defrt_rm
                0x000000000001c6d7                uip_ds6_defrt_lookup
                0x000000000001c73e                uip_ds6_defrt_choose
                0x000000000001c7b4                uip_ds6_defrt_periodic
 .text          0x000000000001c82f      0x6f7 build/cooja/mtype562.a(tcpip.o)
                0x000000000001c849                tcpip_output
                0x000000000001c8c8                udp_attach
                0x000000000001c8e0                udp_new
                0x000000000001c92a                udp_broadcast_new
                0x000000000001ca9c                tcpip_input
                0x000000000001cc2c                tcpip_ipv6_output
                0x000000000001ce20                tcpip_poll_udp
                0x000000000001ce3e                tcpip_uipcall
 .text          0x000000000001cf26     0x1205 build/cooja/mtype562.a(uip6.o)
                0x000000000001cfd5                uip_chksum
                0x000000000001d0ac                uip_icmp6chksum
                0x000000000001d0c1                uip_udpchksum
                0x000000000001d0d6                uip_init
                0x000000000001d11f                uip_remove_ext_hdr
                0x000000000001d1f9                uip_udp_new
                0x000000000001d50d                uip_process
                0x000000000001e005                uip_htons
                0x000000000001e027                uip_htonl
                0x000000000001e065                uip_send
 .text          0x000000000001e12b      0x369 build/cooja/mtype562.a(uip-ds6-nbr.o)
                0x000000000001e12b                uip_ds6_neighbors_init
                0x000000000001e14f                uip_ds6_nbr_add
                0x000000000001e1d5                uip_ds6_nbr_rm
                0x000000000001e220                uip_ds6_nbr_update_ll
                0x000000000001e30e                uip_ds6_nbr_get_ipaddr
                0x000000000001e323                uip_ds6_nbr_get_ll
                0x000000000001e33f                uip_ds6_nbr_num
                0x000000000001e388                uip_ds6_nbr_head
                0x000000000001e3a1                uip_ds6_nbr_next
                0x000000000001e3bd                uip_ds6_nbr_lookup
                0x000000000001e415                uip_ds6_nbr_ll_lookup
                0x000000000001e431                uip_ds6_nbr_ipaddr_from_lladdr
                0x000000000001e45a                uip_ds6_nbr_lladdr_from_ipaddr
                0x000000000001e48e                uip_ds6_link_callback
 .text          0x000000000001e494      0x6a7 build/cooja/mtype562.a(uip-nd6.o)
                0x000000000001eb22                uip_nd6_init
 .text          0x000000000001eb3b     0x2c17 build/cooja/mtype562.a(sicslowpan.o)
                0x000000000001f142                netstack_sniffer_add
                0x000000000001f150                netstack_sniffer_remove
                0x0000000000021726                sicslowpan_init
                0x0000000000021748                sicslowpan_get_last_rssi
 .text          0x0000000000021752      0x4d1 build/cooja/mtype562.a(uiplib.o)
                0x0000000000021752                uiplib_ip6addrconv
                0x000000000002190a                uiplib_ip4addrconv
                0x00000000000219cd                uiplib_ipaddr_print
                0x0000000000021a20                uiplib_ipaddr_snprint
 .text          0x0000000000021c23      0x4c9 build/cooja/mtype562.a(rpl.o)
                0x0000000000021c23                rpl_lollipop_greater_than
                0x0000000000021c7d                rpl_get_global_address
                0x0000000000021d75                rpl_link_callback
                0x0000000000021db9                rpl_has_joined
                0x0000000000021dde                rpl_is_reachable
                0x0000000000021e5f                rpl_reset_prefix
                0x0000000000021ec9                rpl_set_prefix_from_addr
                0x0000000000021fae                rpl_set_prefix
                0x00000000000220c8                rpl_set_leaf_only
                0x00000000000220e0                rpl_get_leaf_only
 .text          0x00000000000220ec     0x138c build/cooja/mtype562.a(rpl-icmp6.o)
                0x0000000000022211                rpl_icmp6_update_nbr_table
                0x000000000002229a                rpl_icmp6_dis_output
                0x00000000000228e0                rpl_icmp6_dio_output
                0x00000000000230de                rpl_icmp6_dao_output
                0x00000000000233bf                rpl_icmp6_dao_ack_output
                0x000000000002342f                rpl_icmp6_init
 .text          0x0000000000023478      0x264 build/cooja/mtype562.a(rpl-dag-root.o)
                0x0000000000023478                rpl_dag_root_print_links
                0x00000000000235a4                rpl_dag_root_set_prefix
                0x00000000000235d0                rpl_dag_root_start
                0x00000000000236ad                rpl_dag_root_is_root
 .text          0x00000000000236dc       0x30 build/cooja/mtype562.a(watchdog.o)
                0x00000000000236dc                watchdog_init
                0x00000000000236e2                watchdog_start
                0x00000000000236e8                watchdog_periodic
                0x0000000000023700                watchdog_stop
                0x0000000000023706                watchdog_reboot
 .text          0x000000000002370c       0x4a build/cooja/mtype562.a(int-master.o)
                0x000000000002370c                int_master_enable
                0x000000000002371c                int_master_read_and_disable
                0x0000000000023739                int_master_status_set
                0x0000000000023747                int_master_is_enabled
 .text          0x0000000000023756      0x226 build/cooja/mtype562.a(coap-timer-defa)
 .text          0x000000000002397c       0xc7 build/cooja/mtype562.a(stimer.o)
                0x000000000002397c                stimer_set
                0x000000000002399a                stimer_reset
                0x00000000000239c7                stimer_restart
                0x00000000000239dc                stimer_expired
                0x0000000000023a07                stimer_remaining
                0x0000000000023a2b                stimer_elapsed
 .text          0x0000000000023a43      0x156 build/cooja/mtype562.a(ringbuf.o)
                0x0000000000023a43                ringbuf_init
                0x0000000000023a75                ringbuf_put
                0x0000000000023af3                ringbuf_get
                0x0000000000023b60                ringbuf_size
                0x0000000000023b72                ringbuf_elements
 .text          0x0000000000023b99       0x1f build/cooja/mtype562.a(assert.o)
                0x0000000000023b99                _xassert
 .text          0x0000000000023bb8      0x79b build/cooja/mtype562.a(nbr-table.o)
                0x0000000000024031                nbr_table_register
                0x000000000002409e                nbr_table_is_registered
                0x00000000000240d9                nbr_table_head
                0x0000000000024134                nbr_table_next
                0x0000000000024195                nbr_table_add_lladdr
                0x000000000002426f                nbr_table_get_from_lladdr
                0x00000000000242bb                nbr_table_remove
                0x00000000000242f3                nbr_table_lock
                0x000000000002430d                nbr_table_unlock
                0x0000000000024327                nbr_table_get_lladdr
 .text          0x0000000000024353      0x3a5 build/cooja/mtype562.a(link-stats.o)
                0x0000000000024353                link_stats_from_lladdr
                0x000000000002436f                link_stats_get_lladdr
                0x000000000002438b                link_stats_is_fresh
                0x00000000000243c7                guess_etx_from_rssi
                0x0000000000024443                link_stats_packet_sent
                0x0000000000024563                link_stats_input_callback
                0x0000000000024673                link_stats_reset
                0x00000000000246c3                link_stats_init
 .text          0x00000000000246f8      0x187 build/cooja/mtype562.a(mac-sequence.o)
                0x00000000000246f8                mac_sequence_is_duplicate
                0x0000000000024798                mac_sequence_register_seqno
 .text          0x000000000002487f       0x23 build/cooja/mtype562.a(mac.o)
                0x000000000002487f                mac_call_sent_callback
 .text          0x00000000000248a2      0x432 build/cooja/mtype562.a(framer-802154.o)
                0x0000000000024a31                framer_802154_setup_params
 .text          0x0000000000024cd4      0xb6f build/cooja/mtype562.a(frame802154.o)
                0x0000000000024d05                frame802154_get_pan_id
                0x0000000000024d11                frame802154_set_pan_id
                0x0000000000024d2b                frame802154_has_panid
                0x0000000000024eda                frame802154_check_dest_panid
                0x0000000000024f62                frame802154_is_broadcast_addr
                0x0000000000024faf                frame802154_extract_linkaddr
                0x0000000000025214                frame802154_hdrlen
                0x0000000000025287                frame802154_create_fcf
                0x000000000002533f                frame802154_create
                0x00000000000254b4                frame802154_parse_fcf
                0x0000000000025596                frame802154_parse
 .text          0x0000000000025843       0x2d build/cooja/mtype562.a(csma-security.o)
                0x0000000000025843                csma_security_create_frame
                0x0000000000025861                csma_security_parse_frame
 .text          0x0000000000025870      0x4e4 build/cooja/mtype562.a(uipbuf.o)
                0x0000000000025870                uipbuf_clear
                0x0000000000025897                uipbuf_add_ext_hdr
                0x0000000000025917                uipbuf_set_len
                0x0000000000025944                uipbuf_set_len_field
                0x0000000000025970                uipbuf_get_len_field
                0x0000000000025990                uipbuf_get_next_header
                0x0000000000025ac2                uipbuf_get_last_header
                0x0000000000025b3b                uipbuf_search_header
                0x0000000000025bf1                uipbuf_get_attr
                0x0000000000025c18                uipbuf_set_attr
                0x0000000000025c4f                uipbuf_set_default_attr
                0x0000000000025c86                uipbuf_clear_attr
                0x0000000000025caa                uipbuf_set_attr_flag
                0x0000000000025ccb                uipbuf_clr_attr_flag
                0x0000000000025cf2                uipbuf_is_attr_flag
                0x0000000000025d16                uipbuf_init
 .text          0x0000000000025d54      0x73f build/cooja/mtype562.a(uip-icmp6.o)
                0x0000000000025dc9                uip_icmp6_input
                0x0000000000025e20                uip_icmp6_register_input_handler
                0x0000000000025f73                uip_icmp6_error_output
                0x0000000000026224                uip_icmp6_send
                0x000000000002641b                uip_icmp6_echo_reply_callback_add
                0x000000000002644d                uip_icmp6_echo_reply_callback_rm
                0x000000000002646a                uip_icmp6_init
 .text          0x0000000000026493      0x69b build/cooja/mtype562.a(uip-sr.o)
                0x0000000000026493                uip_sr_num_nodes
                0x0000000000026521                uip_sr_get_node
                0x0000000000026578                uip_sr_is_addr_reachable
                0x0000000000026626                uip_sr_expire_parent
                0x000000000002666f                uip_sr_update_node
                0x000000000002679f                uip_sr_init
                0x00000000000267d3                uip_sr_node_head
                0x00000000000267ec                uip_sr_node_next
                0x0000000000026802                uip_sr_periodic
                0x0000000000026908                uip_sr_free_all
                0x0000000000026978                uip_sr_link_snprint
 .text          0x0000000000026b2e      0x146 build/cooja/mtype562.a(uip-packetqueue)
                0x0000000000026b5c                uip_packetqueue_new
                0x0000000000026b6b                uip_packetqueue_alloc
                0x0000000000026bc6                uip_packetqueue_free
                0x0000000000026c0d                uip_packetqueue_buf
                0x0000000000026c2a                uip_packetqueue_buflen
                0x0000000000026c4b                uip_packetqueue_set_buflen
 .text          0x0000000000026c74      0x1b0 build/cooja/mtype562.a(rpl-nbr-policy.)
                0x0000000000026de1                rpl_nbr_policy_find_removable
 .text          0x0000000000026e24      0x915 build/cooja/mtype562.a(rpl-neighbor.o)
                0x0000000000026ea0                rpl_neighbor_snprint
                0x0000000000027153                rpl_neighbor_print_list
                0x0000000000027208                rpl_neighbor_count
                0x00000000000272af                rpl_neighbor_get_from_lladdr
                0x00000000000272cb                rpl_neighbor_is_acceptable_parent
                0x00000000000272ff                rpl_neighbor_get_link_metric
                0x0000000000027333                rpl_neighbor_rank_via_nbr
                0x0000000000027367                rpl_neighbor_get_lladdr
                0x0000000000027383                rpl_neighbor_get_ipaddr
                0x00000000000273aa                rpl_neighbor_get_link_stats
                0x00000000000273d1                rpl_neighbor_is_fresh
                0x00000000000273f8                rpl_neighbor_is_reachable
                0x0000000000027443                rpl_neighbor_is_parent
                0x000000000002746d                rpl_neighbor_set_preferred_parent
                0x0000000000027504                rpl_neighbor_remove_all
                0x0000000000027560                rpl_neighbor_get_from_ipaddr
                0x000000000002766e                rpl_neighbor_select_best
                0x000000000002771a                rpl_neighbor_init
 .text          0x0000000000027739      0xe69 build/cooja/mtype562.a(rpl-dag.o)
                0x0000000000027739                rpl_dag_state_to_str
                0x0000000000027778                rpl_dag_get_root_ipaddr
                0x00000000000277c0                rpl_dag_leave
                0x0000000000027849                rpl_dag_poison_and_leave
                0x0000000000027861                rpl_dag_periodic
                0x00000000000278e9                rpl_is_addr_in_our_dag
                0x000000000002792d                rpl_get_default_instance
                0x0000000000027949                rpl_get_any_dag
                0x00000000000279a2                rpl_refresh_routes
                0x00000000000279e2                rpl_global_repair
                0x0000000000027a7b                rpl_local_repair
                0x0000000000027ac5                rpl_dag_ready_to_advertise
                0x0000000000027b08                rpl_dag_update_state
                0x0000000000028235                rpl_process_dio
                0x00000000000282b3                rpl_process_dis
                0x00000000000282f8                rpl_process_dao
                0x0000000000028387                rpl_process_dao_ack
                0x000000000002841e                rpl_process_hbh
                0x000000000002846e                rpl_dag_init_root
                0x0000000000028582                rpl_dag_init
 .text          0x00000000000285a2      0x9e7 build/cooja/mtype562.a(rpl-timers.o)
                0x00000000000285a2                rpl_timers_schedule_periodic_dis
                0x00000000000286f0                rpl_timers_dio_reset
                0x00000000000287fe                rpl_timers_schedule_unicast_dio
                0x0000000000028952                rpl_timers_schedule_dao
                0x0000000000028a11                rpl_timers_schedule_dao_ack
                0x0000000000028a97                rpl_timers_notify_dao_ack
                0x0000000000028af5                get_probing_delay
                0x0000000000028b29                get_probing_target
                0x0000000000028d13                rpl_schedule_probing
                0x0000000000028d41                rpl_schedule_probing_now
                0x0000000000028dab                rpl_timers_unschedule_leaving
                0x0000000000028de3                rpl_timers_schedule_leaving
                0x0000000000028e24                rpl_timers_init
                0x0000000000028eb4                rpl_timers_stop_dag_timers
                0x0000000000028f2d                rpl_timers_unschedule_state_update
                0x0000000000028f51                rpl_timers_schedule_state_update
 .text          0x0000000000028f89      0xb8e build/cooja/mtype562.a(rpl-ext-header.)
                0x0000000000028f89                rpl_ext_header_srh_get_next_hop
                0x0000000000029070                rpl_ext_header_srh_update
                0x00000000000295dc                rpl_ext_header_hbh_update
                0x00000000000298dc                rpl_ext_header_update
                0x0000000000029965                rpl_ext_header_remove
 .text          0x0000000000029b17      0x31b build/cooja/mtype562.a(rpl-mrhof.o)
 *fill*         0x0000000000029e32        0xe 
 .text          0x0000000000029e40      0x122 /usr/lib/gcc/i686-linux-gnu/5/libgcc.a(_udivdi3.o)
                0x0000000000029e40                __udivdi3
 .text          0x0000000000029f62        0x0 /usr/lib/gcc/i686-linux-gnu/5/crtendS.o
 .text          0x0000000000029f62        0x0 /usr/lib/gcc/i686-linux-gnu/5/../../../i386-linux-gnu/crtn.o
 *(.gnu.warning)

.fini           0x0000000000029f64       0x14
 *(SORT(.fini))
 .fini          0x0000000000029f64        0xf /usr/lib/gcc/i686-linux-gnu/5/../../../i386-linux-gnu/crti.o
                0x0000000000029f64                _fini
 .fini          0x0000000000029f73        0x5 /usr/lib/gcc/i686-linux-gnu/5/../../../i386-linux-gnu/crtn.o
                [!provide]                        PROVIDE (__etext, .)
                [!provide]                        PROVIDE (_etext, .)
                [!provide]                        PROVIDE (etext, .)

.rodata         0x0000000000029f80      0xaeb
 *(.rodata .rodata.* .gnu.linkonce.r.*)
 .rodata        0x0000000000029f80       0xc4 lock.o
                0x0000000000029f98                autostart_processes
 .rodata        0x000000000002a044        0x8 build/cooja/mtype562.a(beep.o)
                0x000000000002a044                beep_interface
 .rodata        0x000000000002a04c        0xe build/cooja/mtype562.a(leds-arch.o)
                0x000000000002a04c                leds_interface
                0x000000000002a054                leds_arch_leds
 *fill*         0x000000000002a05a        0x2 
 .rodata        0x000000000002a05c        0x8 build/cooja/mtype562.a(moteid.o)
                0x000000000002a05c                moteid_interface
 .rodata        0x000000000002a064       0x1c build/cooja/mtype562.a(pir-sensor.o)
                0x000000000002a064                pir_interface
                0x000000000002a070                pir_sensor
 .rodata        0x000000000002a080        0xe build/cooja/mtype562.a(rs232.o)
                0x000000000002a080                rs232_interface
 *fill*         0x000000000002a08e        0x2 
 .rodata        0x000000000002a090       0x24 build/cooja/mtype562.a(vib-sensor.o)
                0x000000000002a090                vib_interface
                0x000000000002a0a4                vib_sensor
 .rodata        0x000000000002a0b4        0x8 build/cooja/mtype562.a(clock.o)
                0x000000000002a0b4                clock_interface
 .rodata        0x000000000002a0bc        0x8 build/cooja/mtype562.a(cooja-log.o)
                0x000000000002a0bc                simlog_interface
 .rodata        0x000000000002a0c4       0x2f build/cooja/mtype562.a(cfs-cooja.o)
                0x000000000002a0c4                cfs_interface
 *fill*         0x000000000002a0f3        0xd 
 .rodata        0x000000000002a100       0xb8 build/cooja/mtype562.a(cooja-radio.o)
                0x000000000002a100                radio_interface
                0x000000000002a180                cooja_radio_driver
 .rodata        0x000000000002a1b8        0x8 build/cooja/mtype562.a(eeprom.o)
                0x000000000002a1b8                eeprom_interface
 .rodata        0x000000000002a1c0        0x8 build/cooja/mtype562.a(sensors.o)
 .rodata        0x000000000002a1c8       0x2c build/cooja/mtype562.a(buttons.o)
                0x000000000002a1c8                button_interface
                0x000000000002a1dc                button_hal_button_count
                0x000000000002a1e4                button_sensor
 .rodata        0x000000000002a1f4       0x5e build/cooja/mtype562.a(res_presence.o)
 *fill*         0x000000000002a252        0x2 
 .rodata        0x000000000002a254       0x6e build/cooja/mtype562.a(res_lock.o)
 .rodata        0x000000000002a2c2       0x41 build/cooja/mtype562.a(coap-engine.o)
 .rodata        0x000000000002a303       0x19 build/cooja/mtype562.a(coap-res-well-k)
 .rodata        0x000000000002a31c       0x11 build/cooja/mtype562.a(coap-observe.o)
 .rodata        0x000000000002a32d       0x35 build/cooja/mtype562.a(coap-uip.o)
 *fill*         0x000000000002a362        0x2 
 .rodata        0x000000000002a364      0x1ac build/cooja/mtype562.a(coap.o)
 .rodata        0x000000000002a510       0xf8 build/cooja/mtype562.a(contiki-main.o)
 .rodata        0x000000000002a608        0xf build/cooja/mtype562.a(ctimer.o)
 *fill*         0x000000000002a617        0x1 
 .rodata        0x000000000002a618       0xc4 build/cooja/mtype562.a(log.o)
 .rodata        0x000000000002a6dc        0xc build/cooja/mtype562.a(etimer.o)
 .rodata        0x000000000002a6e8       0x13 build/cooja/mtype562.a(button-hal.o)
 .rodata        0x000000000002a6fb        0xe build/cooja/mtype562.a(serial-line.o)
 *fill*         0x000000000002a709        0x3 
 .rodata        0x000000000002a70c        0x8 build/cooja/mtype562.a(linkaddr.o)
                0x000000000002a70c                linkaddr_null
 .rodata        0x000000000002a714       0x24 build/cooja/mtype562.a(csma.o)
                0x000000000002a71c                csma_driver
 .rodata        0x000000000002a738       0x27 build/cooja/mtype562.a(csma-output.o)
 *fill*         0x000000000002a75f        0x1 
 .rodata        0x000000000002a760       0x4d build/cooja/mtype562.a(uip-ds6-route.o)
 .rodata        0x000000000002a7ad        0xd build/cooja/mtype562.a(tcpip.o)
 *fill*         0x000000000002a7ba        0x2 
 .rodata        0x000000000002a7bc       0x30 build/cooja/mtype562.a(sicslowpan.o)
                0x000000000002a7bc                unc_llconf
                0x000000000002a7c0                unc_ctxconf
                0x000000000002a7c4                unc_mxconf
                0x000000000002a7c8                llprefix
                0x000000000002a7dc                sicslowpan_driver
 .rodata        0x000000000002a7ec       0x2d build/cooja/mtype562.a(uiplib.o)
 *fill*         0x000000000002a819        0x7 
 .rodata        0x000000000002a820       0x74 build/cooja/mtype562.a(rpl.o)
                0x000000000002a840                rpl_lite_driver
 .rodata        0x000000000002a894       0x20 build/cooja/mtype562.a(coap-timer-defa)
                0x000000000002a8a8                coap_timer_default_driver
 .rodata        0x000000000002a8b4       0x25 build/cooja/mtype562.a(assert.o)
 *fill*         0x000000000002a8d9        0x3 
 .rodata        0x000000000002a8dc        0xc build/cooja/mtype562.a(framer-802154.o)
                0x000000000002a8dc                framer_802154
 .rodata        0x000000000002a8e8       0x44 build/cooja/mtype562.a(uip-sr.o)
 .rodata        0x000000000002a92c       0x58 build/cooja/mtype562.a(rpl-neighbor.o)
 .rodata        0x000000000002a984       0xdb build/cooja/mtype562.a(rpl-dag.o)
 .rodata        0x000000000002aa5f        0xc build/cooja/mtype562.a(rpl-timers.o)

.rodata1
 *(.rodata1)

.eh_frame_hdr   0x000000000002aa6c     0x19f4
 *(.eh_frame_hdr)
 .eh_frame_hdr  0x000000000002aa6c     0x19f4 lock.o
                0x000000000002aa6c                __GNU_EH_FRAME_HDR
 *(.eh_frame_entry .eh_frame_entry.*)

.eh_frame       0x000000000002c460     0x6954
 *(.eh_frame)
 .eh_frame      0x000000000002c460       0x3c /usr/lib/gcc/i686-linux-gnu/5/../../../i386-linux-gnu/crti.o
                                         0x40 (size before relaxing)
 .eh_frame      0x000000000002c49c       0x64 lock.o
                                         0x7c (size before relaxing)
 .eh_frame      0x000000000002c500      0x178 build/cooja/mtype562.o
                                        0x190 (size before relaxing)
 .eh_frame      0x000000000002c678       0x40 build/cooja/mtype562.a(simEnvChange.o)
                                         0x58 (size before relaxing)
 .eh_frame      0x000000000002c6b8       0x60 build/cooja/mtype562.a(cooja_mt.o)
                                         0x78 (size before relaxing)
 .eh_frame      0x000000000002c718       0x80 build/cooja/mtype562.a(cooja_mtarch.o)
                                         0x98 (size before relaxing)
 .eh_frame      0x000000000002c798       0xc8 build/cooja/mtype562.a(rtimer-arch.o)
                                         0xe0 (size before relaxing)
 .eh_frame      0x000000000002c860      0x160 build/cooja/mtype562.a(beep.o)
                                        0x178 (size before relaxing)
 .eh_frame      0x000000000002c9c0       0x80 build/cooja/mtype562.a(leds-arch.o)
                                         0x98 (size before relaxing)
 .eh_frame      0x000000000002ca40       0x40 build/cooja/mtype562.a(moteid.o)
                                         0x58 (size before relaxing)
 .eh_frame      0x000000000002ca80       0xa0 build/cooja/mtype562.a(pir-sensor.o)
                                         0xb8 (size before relaxing)
 .eh_frame      0x000000000002cb20      0x100 build/cooja/mtype562.a(rs232.o)
                                        0x118 (size before relaxing)
 .eh_frame      0x000000000002cc20       0xa0 build/cooja/mtype562.a(vib-sensor.o)
                                         0xb8 (size before relaxing)
 .eh_frame      0x000000000002ccc0       0xc0 build/cooja/mtype562.a(clock.o)
                                         0xd8 (size before relaxing)
 .eh_frame      0x000000000002cd80      0x120 build/cooja/mtype562.a(cooja-log.o)
                                        0x138 (size before relaxing)
 .eh_frame      0x000000000002cea0      0x160 build/cooja/mtype562.a(cfs-cooja.o)
                                        0x178 (size before relaxing)
 .eh_frame      0x000000000002d000      0x340 build/cooja/mtype562.a(cooja-radio.o)
                                        0x358 (size before relaxing)
 .eh_frame      0x000000000002d340       0xa0 build/cooja/mtype562.a(eeprom.o)
                                         0xb8 (size before relaxing)
 .eh_frame      0x000000000002d3e0       0x40 build/cooja/mtype562.a(random.o)
                                         0x58 (size before relaxing)
 .eh_frame      0x000000000002d420       0xc0 build/cooja/mtype562.a(sensors.o)
                                         0xd8 (size before relaxing)
 .eh_frame      0x000000000002d4e0      0x120 build/cooja/mtype562.a(leds.o)
                                        0x138 (size before relaxing)
 .eh_frame      0x000000000002d600      0x220 build/cooja/mtype562.a(gpio-hal-arch.o)
                                        0x238 (size before relaxing)
 .eh_frame      0x000000000002d820       0xa0 build/cooja/mtype562.a(buttons.o)
                                         0xb8 (size before relaxing)
 .eh_frame      0x000000000002d8c0       0x64 build/cooja/mtype562.a(res_presence.o)
                                         0x7c (size before relaxing)
 .eh_frame      0x000000000002d924       0x44 build/cooja/mtype562.a(res_lock.o)
                                         0x5c (size before relaxing)
 .eh_frame      0x000000000002d968       0x44 build/cooja/mtype562.a(coap-blocking-a)
                                         0x5c (size before relaxing)
 .eh_frame      0x000000000002d9ac      0x220 build/cooja/mtype562.a(coap-engine.o)
                                        0x238 (size before relaxing)
 .eh_frame      0x000000000002dbcc       0x24 build/cooja/mtype562.a(coap-res-well-k)
                                         0x3c (size before relaxing)
 .eh_frame      0x000000000002dbf0      0x188 build/cooja/mtype562.a(coap-observe.o)
                                        0x1a0 (size before relaxing)
 .eh_frame      0x000000000002dd78      0x250 build/cooja/mtype562.a(coap-uip.o)
                                        0x268 (size before relaxing)
 .eh_frame      0x000000000002dfc8      0x114 build/cooja/mtype562.a(coap-timer.o)
                                        0x12c (size before relaxing)
 .eh_frame      0x000000000002e0dc      0x100 build/cooja/mtype562.a(coap-transactio)
                                        0x118 (size before relaxing)
 .eh_frame      0x000000000002e1dc      0x6ec build/cooja/mtype562.a(coap.o)
                                        0x704 (size before relaxing)
 .eh_frame      0x000000000002e8c8       0x30 build/cooja/mtype562.a(contiki-main.o)
                                         0x48 (size before relaxing)
 .eh_frame      0x000000000002e8f8       0x40 build/cooja/mtype562.a(autostart.o)
                                         0x58 (size before relaxing)
 .eh_frame      0x000000000002e938      0x100 build/cooja/mtype562.a(ctimer.o)
                                        0x118 (size before relaxing)
 .eh_frame      0x000000000002ea38      0x100 build/cooja/mtype562.a(log.o)
                                        0x118 (size before relaxing)
 .eh_frame      0x000000000002eb38       0x60 build/cooja/mtype562.a(energest.o)
                                         0x78 (size before relaxing)
 .eh_frame      0x000000000002eb98      0x1e0 build/cooja/mtype562.a(etimer.o)
                                        0x1f8 (size before relaxing)
 .eh_frame      0x000000000002ed78       0x20 build/cooja/mtype562.a(node-id.o)
                                         0x38 (size before relaxing)
 .eh_frame      0x000000000002ed98       0x60 build/cooja/mtype562.a(rtimer.o)
                                         0x78 (size before relaxing)
 .eh_frame      0x000000000002edf8      0x1c4 build/cooja/mtype562.a(process.o)
                                        0x1dc (size before relaxing)
 .eh_frame      0x000000000002efbc       0xa4 build/cooja/mtype562.a(timer.o)
                                         0xbc (size before relaxing)
 .eh_frame      0x000000000002f060      0x1a0 build/cooja/mtype562.a(list.o)
                                        0x1b8 (size before relaxing)
 .eh_frame      0x000000000002f200       0xa0 build/cooja/mtype562.a(memb.o)
                                         0xb8 (size before relaxing)
 .eh_frame      0x000000000002f2a0      0x144 build/cooja/mtype562.a(button-hal.o)
                                        0x15c (size before relaxing)
 .eh_frame      0x000000000002f3e4       0x60 build/cooja/mtype562.a(serial-line.o)
                                         0x78 (size before relaxing)
 .eh_frame      0x000000000002f444       0xe0 build/cooja/mtype562.a(gpio-hal.o)
                                         0xf8 (size before relaxing)
 .eh_frame      0x000000000002f524      0x1a0 build/cooja/mtype562.a(queuebuf.o)
                                        0x1b8 (size before relaxing)
 .eh_frame      0x000000000002f6c4      0x28c build/cooja/mtype562.a(packetbuf.o)
                                        0x2a4 (size before relaxing)
 .eh_frame      0x000000000002f950       0x80 build/cooja/mtype562.a(netstack.o)
                                         0x98 (size before relaxing)
 .eh_frame      0x000000000002f9d0       0x60 build/cooja/mtype562.a(linkaddr.o)
                                         0x78 (size before relaxing)
 .eh_frame      0x000000000002fa30       0xe0 build/cooja/mtype562.a(csma.o)
                                         0xf8 (size before relaxing)
 .eh_frame      0x000000000002fb10      0x1d0 build/cooja/mtype562.a(csma-output.o)
                                        0x1e8 (size before relaxing)
 .eh_frame      0x000000000002fce0      0x328 build/cooja/mtype562.a(uip-ds6.o)
                                        0x340 (size before relaxing)
 .eh_frame      0x0000000000030008       0x40 build/cooja/mtype562.a(uip-udp-packet.)
                                         0x58 (size before relaxing)
 .eh_frame      0x0000000000030048      0x220 build/cooja/mtype562.a(uip-ds6-route.o)
                                        0x238 (size before relaxing)
 .eh_frame      0x0000000000030268      0x244 build/cooja/mtype562.a(tcpip.o)
                                        0x25c (size before relaxing)
 .eh_frame      0x00000000000304ac      0x1e8 build/cooja/mtype562.a(uip6.o)
                                        0x200 (size before relaxing)
 .eh_frame      0x0000000000030694      0x1c0 build/cooja/mtype562.a(uip-ds6-nbr.o)
                                        0x1d8 (size before relaxing)
 .eh_frame      0x0000000000030854       0x84 build/cooja/mtype562.a(uip-nd6.o)
                                         0x9c (size before relaxing)
 .eh_frame      0x00000000000308d8      0x2f8 build/cooja/mtype562.a(sicslowpan.o)
                                        0x310 (size before relaxing)
 .eh_frame      0x0000000000030bd0       0x88 build/cooja/mtype562.a(uiplib.o)
                                         0xa0 (size before relaxing)
 .eh_frame      0x0000000000030c58      0x1e0 build/cooja/mtype562.a(rpl.o)
                                        0x1f8 (size before relaxing)
 .eh_frame      0x0000000000030e38      0x1c4 build/cooja/mtype562.a(rpl-icmp6.o)
                                        0x1dc (size before relaxing)
 .eh_frame      0x0000000000030ffc       0xa0 build/cooja/mtype562.a(rpl-dag-root.o)
                                         0xb8 (size before relaxing)
 .eh_frame      0x000000000003109c       0xa0 build/cooja/mtype562.a(watchdog.o)
                                         0xb8 (size before relaxing)
 .eh_frame      0x000000000003113c       0x80 build/cooja/mtype562.a(int-master.o)
                                         0x98 (size before relaxing)
 .eh_frame      0x00000000000311bc       0xa4 build/cooja/mtype562.a(coap-timer-defa)
                                         0xbc (size before relaxing)
 .eh_frame      0x0000000000031260       0xc4 build/cooja/mtype562.a(stimer.o)
                                         0xdc (size before relaxing)
 .eh_frame      0x0000000000031324       0xa0 build/cooja/mtype562.a(ringbuf.o)
                                         0xb8 (size before relaxing)
 .eh_frame      0x00000000000313c4       0x20 build/cooja/mtype562.a(assert.o)
                                         0x38 (size before relaxing)
 .eh_frame      0x00000000000313e4      0x2ac build/cooja/mtype562.a(nbr-table.o)
                                        0x2c4 (size before relaxing)
 .eh_frame      0x0000000000031690      0x120 build/cooja/mtype562.a(link-stats.o)
                                        0x138 (size before relaxing)
 .eh_frame      0x00000000000317b0       0x48 build/cooja/mtype562.a(mac-sequence.o)
                                         0x60 (size before relaxing)
 .eh_frame      0x00000000000317f8       0x20 build/cooja/mtype562.a(mac.o)
                                         0x38 (size before relaxing)
 .eh_frame      0x0000000000031818       0xa4 build/cooja/mtype562.a(framer-802154.o)
                                         0xbc (size before relaxing)
 .eh_frame      0x00000000000318bc      0x1a4 build/cooja/mtype562.a(frame802154.o)
                                        0x1bc (size before relaxing)
 .eh_frame      0x0000000000031a60       0x40 build/cooja/mtype562.a(csma-security.o)
                                         0x58 (size before relaxing)
 .eh_frame      0x0000000000031aa0      0x200 build/cooja/mtype562.a(uipbuf.o)
                                        0x218 (size before relaxing)
 .eh_frame      0x0000000000031ca0      0x150 build/cooja/mtype562.a(uip-icmp6.o)
                                        0x168 (size before relaxing)
 .eh_frame      0x0000000000031df0      0x184 build/cooja/mtype562.a(uip-sr.o)
                                        0x19c (size before relaxing)
 .eh_frame      0x0000000000031f74       0xe0 build/cooja/mtype562.a(uip-packetqueue)
                                         0xf8 (size before relaxing)
 .eh_frame      0x0000000000032054       0x80 build/cooja/mtype562.a(rpl-nbr-policy.)
                                         0x98 (size before relaxing)
 .eh_frame      0x00000000000320d4      0x2d4 build/cooja/mtype562.a(rpl-neighbor.o)
                                        0x2ec (size before relaxing)
 .eh_frame      0x00000000000323a8      0x370 build/cooja/mtype562.a(rpl-dag.o)
                                        0x388 (size before relaxing)
 .eh_frame      0x0000000000032718      0x3a8 build/cooja/mtype562.a(rpl-timers.o)
                                        0x3c0 (size before relaxing)
 .eh_frame      0x0000000000032ac0      0x124 build/cooja/mtype562.a(rpl-ext-header.)
                                        0x13c (size before relaxing)
 .eh_frame      0x0000000000032be4      0x148 build/cooja/mtype562.a(rpl-mrhof.o)
                                        0x160 (size before relaxing)
 .eh_frame      0x0000000000032d2c       0x84 /usr/lib/gcc/i686-linux-gnu/5/libgcc.a(_udivdi3.o)
                                         0x9c (size before relaxing)
 .eh_frame      0x0000000000032db0        0x4 /usr/lib/gcc/i686-linux-gnu/5/crtendS.o
 *(.eh_frame.*)

.gcc_except_table
 *(.gcc_except_table .gcc_except_table.*)

.gnu_extab
 *(.gnu_extab*)

.exception_ranges
 *(.exception_ranges .exception_ranges*)
                0x0000000000033f10                . = DATA_SEGMENT_ALIGN (0x1000, 0x1000)

.eh_frame
 *(.eh_frame)
 *(.eh_frame.*)

.gnu_extab
 *(.gnu_extab)

.gcc_except_table
 *(.gcc_except_table .gcc_except_table.*)

.exception_ranges
 *(.exception_ranges .exception_ranges*)

.tdata
 *(.tdata .tdata.* .gnu.linkonce.td.*)

.tbss
 *(.tbss .tbss.* .gnu.linkonce.tb.*)
 *(.tcommon)

.preinit_array
 *(.preinit_array)

.init_array     0x0000000000033f10        0x4
 *(SORT(.init_array.*) SORT(.ctors.*))
 *(.init_array EXCLUDE_FILE(*crtend?.o *crtend.o *crtbegin?.o *crtbegin.o) .ctors)
 .init_array    0x0000000000033f10        0x4 /usr/lib/gcc/i686-linux-gnu/5/crtbeginS.o

.fini_array     0x0000000000033f14        0x4
 *(SORT(.fini_array.*) SORT(.dtors.*))
 *(.fini_array EXCLUDE_FILE(*crtend?.o *crtend.o *crtbegin?.o *crtbegin.o) .dtors)
 .fini_array    0x0000000000033f14        0x4 /usr/lib/gcc/i686-linux-gnu/5/crtbeginS.o

.ctors
 *crtbegin.o(.ctors)
 *crtbegin?.o(.ctors)
 *(EXCLUDE_FILE(*crtend?.o *crtend.o) .ctors)
 *(SORT(.ctors.*))
 *(.ctors)

.dtors
 *crtbegin.o(.dtors)
 *crtbegin?.o(.dtors)
 *(EXCLUDE_FILE(*crtend?.o *crtend.o) .dtors)
 *(SORT(.dtors.*))
 *(.dtors)

.jcr            0x0000000000033f18        0x4
 *(.jcr)
 .jcr           0x0000000000033f18        0x0 /usr/lib/gcc/i686-linux-gnu/5/crtbeginS.o
 .jcr           0x0000000000033f18        0x4 /usr/lib/gcc/i686-linux-gnu/5/crtendS.o

.data.rel.ro
 *(.data.rel.ro.local* .gnu.linkonce.d.rel.ro.local.*)
 *(.data.rel.ro .data.rel.ro.* .gnu.linkonce.d.rel.ro.*)

.dynamic        0x0000000000033f1c       0xd0
 *(.dynamic)
 .dynamic       0x0000000000033f1c       0xd0 /usr/lib/gcc/i686-linux-gnu/5/../../../i386-linux-gnu/crti.o
                0x0000000000033f1c                _DYNAMIC

.got            0x0000000000033fec       0x14
 *(.got)
 .got           0x0000000000033fec       0x14 /usr/lib/gcc/i686-linux-gnu/5/../../../i386-linux-gnu/crti.o
 *(.igot)
                0x0000000000034ff4                . = DATA_SEGMENT_RELRO_END (., (SIZEOF (.got.plt) >= 0xc)?0xc:0x0)

.got.plt        0x0000000000034000        0xc
 *(.got.plt)
 .got.plt       0x0000000000034000        0xc /usr/lib/gcc/i686-linux-gnu/5/../../../i386-linux-gnu/crti.o
                0x0000000000034000                _GLOBAL_OFFSET_TABLE_
 *(.igot.plt)

.data           0x0000000000034020      0x4c4
 *(.data .data.* .gnu.linkonce.d.*)
 .data          0x0000000000034020        0x0 /usr/lib/gcc/i686-linux-gnu/5/../../../i386-linux-gnu/crti.o
 .data          0x0000000000034020        0x0 /usr/lib/gcc/i686-linux-gnu/5/crtbeginS.o
 .data.rel.local
                0x0000000000034020        0x4 /usr/lib/gcc/i686-linux-gnu/5/crtbeginS.o
                0x0000000000034020                __dso_handle
 .data          0x0000000000034024       0x20 lock.o
                0x0000000000034024                coap_client
                0x0000000000034034                sensor_node
 *fill*         0x0000000000034044       0x1c 
 .data          0x0000000000034060       0x44 build/cooja/mtype562.o
                0x0000000000034060                simInterfaces
                0x0000000000034094                sensors
 .data          0x00000000000340a4        0x0 build/cooja/mtype562.a(simEnvChange.o)
 .data          0x00000000000340a4        0x0 build/cooja/mtype562.a(cooja_mt.o)
 .data          0x00000000000340a4        0x0 build/cooja/mtype562.a(cooja_mtarch.o)
 .data          0x00000000000340a4        0x0 build/cooja/mtype562.a(rtimer-arch.o)
 .data          0x00000000000340a4        0x0 build/cooja/mtype562.a(beep.o)
 .data          0x00000000000340a4        0x0 build/cooja/mtype562.a(leds-arch.o)
 .data          0x00000000000340a4        0x0 build/cooja/mtype562.a(moteid.o)
 .data          0x00000000000340a4        0x0 build/cooja/mtype562.a(pir-sensor.o)
 .data          0x00000000000340a4        0x0 build/cooja/mtype562.a(rs232.o)
 .data          0x00000000000340a4        0x0 build/cooja/mtype562.a(vib-sensor.o)
 .data          0x00000000000340a4        0x0 build/cooja/mtype562.a(clock.o)
 .data          0x00000000000340a4        0x0 build/cooja/mtype562.a(cooja-log.o)
 .data          0x00000000000340a4        0x0 build/cooja/mtype562.a(cfs-cooja.o)
 .data          0x00000000000340a4       0x2c build/cooja/mtype562.a(cooja-radio.o)
                0x00000000000340a4                simRadioHWOn
                0x00000000000340a8                simSignalStrength
                0x00000000000340ac                simLastSignalStrength
                0x00000000000340b0                simPower
                0x00000000000340b4                simRadioChannel
                0x00000000000340b8                simLQI
                0x00000000000340c0                cooja_radio_process
 .data          0x00000000000340d0        0x0 build/cooja/mtype562.a(eeprom.o)
 .data          0x00000000000340d0        0x0 build/cooja/mtype562.a(random.o)
 .data          0x00000000000340d0       0x10 build/cooja/mtype562.a(sensors.o)
                0x00000000000340d0                sensors_process
 .data          0x00000000000340e0        0x0 build/cooja/mtype562.a(leds.o)
 .data          0x00000000000340e0        0x0 build/cooja/mtype562.a(gpio-hal-arch.o)
 .data          0x00000000000340e0       0x78 build/cooja/mtype562.a(buttons.o)
                0x00000000000340e0                simButtonIsActive
                0x0000000000034150                button_hal_buttons
 *fill*         0x0000000000034158        0x8 
 .data          0x0000000000034160       0x44 build/cooja/mtype562.a(res_presence.o)
                0x0000000000034160                presence
                0x0000000000034180                res_presence
 *fill*         0x00000000000341a4       0x1c 
 .data          0x00000000000341c0       0x24 build/cooja/mtype562.a(res_lock.o)
                0x00000000000341c0                res_lock
 .data          0x00000000000341e4        0x0 build/cooja/mtype562.a(coap-blocking-a)
 .data          0x00000000000341e4        0x8 build/cooja/mtype562.a(coap-engine.o)
 *fill*         0x00000000000341ec       0x14 
 .data          0x0000000000034200       0x24 build/cooja/mtype562.a(coap-res-well-k)
                0x0000000000034200                res_well_known_core
 .data          0x0000000000034224       0x10 build/cooja/mtype562.a(coap-observe.o)
 .data          0x0000000000034234       0x10 build/cooja/mtype562.a(coap-uip.o)
                0x0000000000034234                coap_engine
 .data          0x0000000000034244        0x4 build/cooja/mtype562.a(coap-timer.o)
 .data          0x0000000000034248       0x10 build/cooja/mtype562.a(coap-transactio)
 .data          0x0000000000034258        0x4 build/cooja/mtype562.a(coap.o)
                0x0000000000034258                coap_error_message
 .data          0x000000000003425c        0x0 build/cooja/mtype562.a(contiki-main.o)
 .data          0x000000000003425c        0x0 build/cooja/mtype562.a(autostart.o)
 .data          0x000000000003425c       0x14 build/cooja/mtype562.a(ctimer.o)
                0x0000000000034260                ctimer_process
 *fill*         0x0000000000034270       0x10 
 .data          0x0000000000034280       0xbc build/cooja/mtype562.a(log.o)
                0x0000000000034280                curr_log_level_main
                0x00000000000342a0                all_modules
 .data          0x000000000003433c        0x0 build/cooja/mtype562.a(energest.o)
 .data          0x000000000003433c       0x10 build/cooja/mtype562.a(etimer.o)
                0x000000000003433c                etimer_process
 .data          0x000000000003434c        0x0 build/cooja/mtype562.a(node-id.o)
 .data          0x000000000003434c        0x0 build/cooja/mtype562.a(rtimer.o)
 .data          0x000000000003434c        0x0 build/cooja/mtype562.a(process.o)
 .data          0x000000000003434c        0x0 build/cooja/mtype562.a(timer.o)
 .data          0x000000000003434c        0x0 build/cooja/mtype562.a(list.o)
 .data          0x000000000003434c        0x0 build/cooja/mtype562.a(memb.o)
 .data          0x000000000003434c       0x10 build/cooja/mtype562.a(button-hal.o)
                0x000000000003434c                button_hal_process
 .data          0x000000000003435c       0x10 build/cooja/mtype562.a(serial-line.o)
                0x000000000003435c                serial_line_process
 .data          0x000000000003436c        0x4 build/cooja/mtype562.a(gpio-hal.o)
 .data          0x0000000000034370       0x18 build/cooja/mtype562.a(queuebuf.o)
 .data          0x0000000000034388        0x4 build/cooja/mtype562.a(packetbuf.o)
 .data          0x000000000003438c        0x4 build/cooja/mtype562.a(netstack.o)
 .data          0x0000000000034390        0x0 build/cooja/mtype562.a(linkaddr.o)
 .data          0x0000000000034390        0x0 build/cooja/mtype562.a(csma.o)
 .data          0x0000000000034390       0x28 build/cooja/mtype562.a(csma-output.o)
 .data          0x00000000000343b8        0x0 build/cooja/mtype562.a(uip-ds6.o)
 .data          0x00000000000343b8        0x0 build/cooja/mtype562.a(uip-udp-packet.)
 .data          0x00000000000343b8       0x10 build/cooja/mtype562.a(uip-ds6-route.o)
 .data          0x00000000000343c8       0x10 build/cooja/mtype562.a(tcpip.o)
                0x00000000000343c8                tcpip_process
 .data          0x00000000000343d8        0x0 build/cooja/mtype562.a(uip6.o)
 .data          0x00000000000343d8       0x14 build/cooja/mtype562.a(uip-ds6-nbr.o)
 .data          0x00000000000343ec        0xc build/cooja/mtype562.a(uip-nd6.o)
 .data          0x00000000000343f8        0x0 build/cooja/mtype562.a(sicslowpan.o)
 .data          0x00000000000343f8        0x0 build/cooja/mtype562.a(uiplib.o)
 .data          0x00000000000343f8        0x0 build/cooja/mtype562.a(rpl.o)
 .data          0x00000000000343f8       0x30 build/cooja/mtype562.a(rpl-icmp6.o)
 .data          0x0000000000034428        0x0 build/cooja/mtype562.a(rpl-dag-root.o)
 .data          0x0000000000034428        0x0 build/cooja/mtype562.a(watchdog.o)
 .data          0x0000000000034428        0x0 build/cooja/mtype562.a(int-master.o)
 .data          0x0000000000034428       0x10 build/cooja/mtype562.a(coap-timer-defa)
                0x0000000000034428                coap_timer_process
 .data          0x0000000000034438        0x0 build/cooja/mtype562.a(stimer.o)
 .data          0x0000000000034438        0x0 build/cooja/mtype562.a(ringbuf.o)
 .data          0x0000000000034438        0x0 build/cooja/mtype562.a(assert.o)
 .data          0x0000000000034438       0x10 build/cooja/mtype562.a(nbr-table.o)
 .data          0x0000000000034448       0x14 build/cooja/mtype562.a(link-stats.o)
 .data          0x000000000003445c        0x0 build/cooja/mtype562.a(mac-sequence.o)
 .data          0x000000000003445c        0x0 build/cooja/mtype562.a(mac.o)
 .data          0x000000000003445c        0x0 build/cooja/mtype562.a(framer-802154.o)
 .data          0x000000000003445c        0x2 build/cooja/mtype562.a(frame802154.o)
 .data          0x000000000003445e        0x0 build/cooja/mtype562.a(csma-security.o)
 .data          0x000000000003445e        0x0 build/cooja/mtype562.a(uipbuf.o)
 *fill*         0x000000000003445e        0x2 
 .data          0x0000000000034460       0x20 build/cooja/mtype562.a(uip-icmp6.o)
 .data          0x0000000000034480       0x10 build/cooja/mtype562.a(uip-sr.o)
 .data          0x0000000000034490        0xc build/cooja/mtype562.a(uip-packetqueue)
 .data          0x000000000003449c        0x0 build/cooja/mtype562.a(rpl-nbr-policy.)
 .data          0x000000000003449c       0x14 build/cooja/mtype562.a(rpl-neighbor.o)
                0x00000000000344ac                rpl_neighbors
 .data          0x00000000000344b0        0x0 build/cooja/mtype562.a(rpl-dag.o)
 .data          0x00000000000344b0        0x0 build/cooja/mtype562.a(rpl-timers.o)
 .data          0x00000000000344b0        0x0 build/cooja/mtype562.a(rpl-ext-header.)
 *fill*         0x00000000000344b0       0x10 
 .data          0x00000000000344c0       0x24 build/cooja/mtype562.a(rpl-mrhof.o)
                0x00000000000344c0                rpl_mrhof
 .data          0x00000000000344e4        0x0 /usr/lib/gcc/i686-linux-gnu/5/libgcc.a(_udivdi3.o)
 .data          0x00000000000344e4        0x0 /usr/lib/gcc/i686-linux-gnu/5/crtendS.o
 .data          0x00000000000344e4        0x0 /usr/lib/gcc/i686-linux-gnu/5/../../../i386-linux-gnu/crtn.o

.tm_clone_table
                0x00000000000344e4        0x0
 .tm_clone_table
                0x00000000000344e4        0x0 /usr/lib/gcc/i686-linux-gnu/5/crtbeginS.o
 .tm_clone_table
                0x00000000000344e4        0x0 /usr/lib/gcc/i686-linux-gnu/5/crtendS.o

.data1
 *(.data1)
                0x00000000000344e4                _edata = .
                [!provide]                        PROVIDE (edata, .)
                0x00000000000344e4                . = .
                0x00000000000344e4                __bss_start = .

.bss            0x0000000000034500    0x13f84
 *(.dynbss)
 .dynbss        0x0000000000034500        0x0 /usr/lib/gcc/i686-linux-gnu/5/../../../i386-linux-gnu/crti.o
 *(.bss .bss.* .gnu.linkonce.b.*)
 .bss           0x0000000000034500        0x0 /usr/lib/gcc/i686-linux-gnu/5/../../../i386-linux-gnu/crti.o
 .bss           0x0000000000034500        0x1 /usr/lib/gcc/i686-linux-gnu/5/crtbeginS.o
 *fill*         0x0000000000034501       0x1f 
 .bss           0x0000000000034520      0x12c lock.o
                0x0000000000034520                registered
 *fill*         0x000000000003464c       0x14 
 .bss           0x0000000000034660     0x2030 build/cooja/mtype562.o
 .bss           0x0000000000036690        0x1 build/cooja/mtype562.a(simEnvChange.o)
                0x0000000000036690                simDontFallAsleep
 *fill*         0x0000000000036691        0x3 
 .bss           0x0000000000036694        0x4 build/cooja/mtype562.a(cooja_mt.o)
 .bss           0x0000000000036698        0x4 build/cooja/mtype562.a(cooja_mtarch.o)
 .bss           0x000000000003669c        0x0 build/cooja/mtype562.a(rtimer-arch.o)
 .bss           0x000000000003669c        0x0 build/cooja/mtype562.a(beep.o)
 .bss           0x000000000003669c        0x1 build/cooja/mtype562.a(leds-arch.o)
                0x000000000003669c                simLedsValue
 .bss           0x000000000003669d        0x0 build/cooja/mtype562.a(moteid.o)
 .bss           0x000000000003669d        0x1 build/cooja/mtype562.a(pir-sensor.o)
                0x000000000003669d                simPirValue
 *fill*         0x000000000003669e        0x2 
 .bss           0x00000000000366a0        0x4 build/cooja/mtype562.a(rs232.o)
 .bss           0x00000000000366a4        0x1 build/cooja/mtype562.a(vib-sensor.o)
                0x00000000000366a4                simVibValue
 .bss           0x00000000000366a5        0x0 build/cooja/mtype562.a(clock.o)
 *fill*         0x00000000000366a5       0x1b 
 .bss           0x00000000000366c0     0x2020 build/cooja/mtype562.a(cooja-log.o)
 .bss           0x00000000000386e0      0xfc0 build/cooja/mtype562.a(cfs-cooja.o)
                0x00000000000386e0                simCFSData
                0x0000000000039680                simCFSSize
                0x0000000000039684                simCFSChanged
                0x0000000000039688                simCFSRead
                0x000000000003968c                simCFSWritten
 .bss           0x00000000000396a0       0x24 build/cooja/mtype562.a(cooja-radio.o)
                0x00000000000396a0                simReceiving
                0x00000000000396a4                simInSize
                0x00000000000396a8                simLastPacketTimestamp
                0x00000000000396b0                simOutSize
 .bss           0x00000000000396c4        0xc build/cooja/mtype562.a(eeprom.o)
                0x00000000000396c4                simEEPROMChanged
                0x00000000000396c8                simEEPROMRead
                0x00000000000396cc                simEEPROMWritten
 .bss           0x00000000000396d0        0x0 build/cooja/mtype562.a(random.o)
 .bss           0x00000000000396d0        0xc build/cooja/mtype562.a(sensors.o)
 .bss           0x00000000000396dc        0x0 build/cooja/mtype562.a(leds.o)
 .bss           0x00000000000396dc       0x24 build/cooja/mtype562.a(gpio-hal-arch.o)
 .bss           0x0000000000039700        0x0 build/cooja/mtype562.a(buttons.o)
 .bss           0x0000000000039700        0x0 build/cooja/mtype562.a(res_presence.o)
 .bss           0x0000000000039700        0x1 build/cooja/mtype562.a(res_lock.o)
                0x0000000000039700                lockOn
 .bss           0x0000000000039701        0x0 build/cooja/mtype562.a(coap-blocking-a)
 *fill*         0x0000000000039701       0x1f 
 .bss           0x0000000000039720      0x190 build/cooja/mtype562.a(coap-engine.o)
 .bss           0x00000000000398b0        0x0 build/cooja/mtype562.a(coap-res-well-k)
 *fill*         0x00000000000398b0       0x10 
 .bss           0x00000000000398c0      0x120 build/cooja/mtype562.a(coap-observe.o)
 .bss           0x00000000000399e0       0x18 build/cooja/mtype562.a(coap-uip.o)
 .bss           0x00000000000399f8        0x5 build/cooja/mtype562.a(coap-timer.o)
 *fill*         0x00000000000399fd        0x3 
 .bss           0x0000000000039a00      0x334 build/cooja/mtype562.a(coap-transactio)
 .bss           0x0000000000039d34        0x6 build/cooja/mtype562.a(coap.o)
                0x0000000000039d34                coap_status_code
 .bss           0x0000000000039d3a        0x0 build/cooja/mtype562.a(contiki-main.o)
 .bss           0x0000000000039d3a        0x0 build/cooja/mtype562.a(autostart.o)
 *fill*         0x0000000000039d3a        0x2 
 .bss           0x0000000000039d3c        0x5 build/cooja/mtype562.a(ctimer.o)
 *fill*         0x0000000000039d41        0x3 
 .bss           0x0000000000039d44       0x2c build/cooja/mtype562.a(log.o)
                0x0000000000039d44                curr_log_level_rpl
                0x0000000000039d48                curr_log_level_tcpip
                0x0000000000039d4c                curr_log_level_ipv6
                0x0000000000039d50                curr_log_level_6lowpan
                0x0000000000039d54                curr_log_level_nullnet
                0x0000000000039d58                curr_log_level_mac
                0x0000000000039d5c                curr_log_level_framer
                0x0000000000039d60                curr_log_level_6top
                0x0000000000039d64                curr_log_level_coap
                0x0000000000039d68                curr_log_level_snmp
                0x0000000000039d6c                curr_log_level_lwm2m
 .bss           0x0000000000039d70        0x0 build/cooja/mtype562.a(energest.o)
 .bss           0x0000000000039d70        0x8 build/cooja/mtype562.a(etimer.o)
 .bss           0x0000000000039d78        0x2 build/cooja/mtype562.a(node-id.o)
                0x0000000000039d78                node_id
 *fill*         0x0000000000039d7a        0x2 
 .bss           0x0000000000039d7c        0x4 build/cooja/mtype562.a(rtimer.o)
 .bss           0x0000000000039d80      0x1a1 build/cooja/mtype562.a(process.o)
                0x0000000000039d80                process_list
                0x0000000000039d84                process_current
 .bss           0x0000000000039f21        0x0 build/cooja/mtype562.a(timer.o)
 .bss           0x0000000000039f21        0x0 build/cooja/mtype562.a(list.o)
 .bss           0x0000000000039f21        0x0 build/cooja/mtype562.a(memb.o)
 *fill*         0x0000000000039f21        0x3 
 .bss           0x0000000000039f24       0x10 build/cooja/mtype562.a(button-hal.o)
 *fill*         0x0000000000039f34        0xc 
 .bss           0x0000000000039f40      0x140 build/cooja/mtype562.a(serial-line.o)
 .bss           0x000000000003a080        0x4 build/cooja/mtype562.a(gpio-hal.o)
 *fill*         0x000000000003a084       0x1c 
 .bss           0x000000000003a0a0     0x2c80 build/cooja/mtype562.a(queuebuf.o)
 .bss           0x000000000003cd20       0xa0 build/cooja/mtype562.a(packetbuf.o)
 .bss           0x000000000003cdc0        0x4 build/cooja/mtype562.a(netstack.o)
 .bss           0x000000000003cdc4        0x0 build/cooja/mtype562.a(linkaddr.o)
 .bss           0x000000000003cdc4        0x0 build/cooja/mtype562.a(csma.o)
 *fill*         0x000000000003cdc4       0x1c 
 .bss           0x000000000003cde0      0x726 build/cooja/mtype562.a(csma-output.o)
 *fill*         0x000000000003d506        0x2 
 .bss           0x000000000003d508       0x30 build/cooja/mtype562.a(uip-ds6.o)
 .bss           0x000000000003d538        0x0 build/cooja/mtype562.a(uip-udp-packet.)
 *fill*         0x000000000003d538        0x8 
 .bss           0x000000000003d540       0x60 build/cooja/mtype562.a(uip-ds6-route.o)
 .bss           0x000000000003d5a0       0x10 build/cooja/mtype562.a(tcpip.o)
 .bss           0x000000000003d5b0        0x8 build/cooja/mtype562.a(uip6.o)
                0x000000000003d5b0                uip_ext_bitmap
                0x000000000003d5b2                uip_ext_len