Archive member included to satisfy reference by file (symbol)

build/cooja/mtype247.a(simEnvChange.o)
                              build/cooja/mtype247.o (simDontFallAsleep)
build/cooja/mtype247.a(cooja_mt.o)
                              build/cooja/mtype247.o (cooja_mt_start)
build/cooja/mtype247.a(cooja_mtarch.o)
                              build/cooja/mtype247.a(cooja_mt.o) (cooja_mtarch_start)
build/cooja/mtype247.a(rtimer-arch.o)
                              build/cooja/mtype247.o (rtimer_arch_check)
build/cooja/mtype247.a(beep.o)
                              build/cooja/mtype247.o (beep_interface)
build/cooja/mtype247.a(leds-arch.o)
                              build/cooja/mtype247.o (leds_interface)
build/cooja/mtype247.a(moteid.o)
                              build/cooja/mtype247.o (moteid_interface)
build/cooja/mtype247.a(pir-sensor.o)
                              build/cooja/mtype247.o (pir_interface)
build/cooja/mtype247.a(rs232.o)
                              build/cooja/mtype247.o (rs232_interface)
build/cooja/mtype247.a(vib-sensor.o)
                              build/cooja/mtype247.o (vib_interface)
build/cooja/mtype247.a(clock.o)
                              build/cooja/mtype247.o (clock_interface)
build/cooja/mtype247.a(cooja-log.o)
                              build/cooja/mtype247.o (simlog_interface)
build/cooja/mtype247.a(cfs-cooja.o)
                              build/cooja/mtype247.o (cfs_interface)
build/cooja/mtype247.a(cooja-radio.o)
                              build/cooja/mtype247.o (radio_interface)
build/cooja/mtype247.a(eeprom.o)
                              build/cooja/mtype247.o (eeprom_interface)
build/cooja/mtype247.a(random.o)
                              build/cooja/mtype247.a(moteid.o) (random_init)
build/cooja/mtype247.a(sensors.o)
                              build/cooja/mtype247.a(pir-sensor.o) (sensors_changed)
build/cooja/mtype247.a(leds.o)
                              build/cooja/mtype247.a(leds-arch.o) (leds_get)
build/cooja/mtype247.a(gpio-hal-arch.o)
                              build/cooja/mtype247.a(leds-arch.o) (gpio_hal_arch_register_pin_callback)
build/cooja/mtype247.a(buttons.o)
                              build/cooja/mtype247.o (button_interface)
build/cooja/mtype247.a(res_presence.o)
                              lock.o (res_presence)
build/cooja/mtype247.a(res_lock.o)
                              build/cooja/mtype247.a(res_presence.o) (lockOn)
build/cooja/mtype247.a(coap-blocking-a)
                              lock.o (coap_blocking_request)
build/cooja/mtype247.a(coap-engine.o)
                              lock.o (coap_activate_resource)
build/cooja/mtype247.a(coap-res-well-k)
                              build/cooja/mtype247.a(coap-engine.o) (res_well_known_core)
build/cooja/mtype247.a(coap-observe.o)
                              build/cooja/mtype247.a(coap-engine.o) (coap_remove_observer_by_mid)
build/cooja/mtype247.a(coap-uip.o)
                              build/cooja/mtype247.a(coap-observe.o) (coap_endpoint_copy)
build/cooja/mtype247.a(coap-timer.o)
                              build/cooja/mtype247.a(coap-engine.o) (coap_timer_set)
build/cooja/mtype247.a(coap-transactio)
                              build/cooja/mtype247.a(coap-blocking-a) (coap_send_transaction)
build/cooja/mtype247.a(coap.o)
                              build/cooja/mtype247.a(coap-engine.o) (coap_status_code)
build/cooja/mtype247.a(contiki-main.o)
                              build/cooja/mtype247.o (main)
build/cooja/mtype247.a(autostart.o)
                              build/cooja/mtype247.a(contiki-main.o) (autostart_start)
build/cooja/mtype247.a(ctimer.o)
                              build/cooja/mtype247.a(contiki-main.o) (ctimer_init)
build/cooja/mtype247.a(log.o)
                              build/cooja/mtype247.a(contiki-main.o) (curr_log_level_main)
build/cooja/mtype247.a(energest.o)
                              build/cooja/mtype247.a(contiki-main.o) (energest_init)
build/cooja/mtype247.a(etimer.o)
                              build/cooja/mtype247.a(contiki-main.o) (etimer_process)
build/cooja/mtype247.a(node-id.o)
                              lock.o (node_id)
build/cooja/mtype247.a(rtimer.o)
                              build/cooja/mtype247.a(contiki-main.o) (rtimer_init)
build/cooja/mtype247.a(process.o)
                              build/cooja/mtype247.a(coap-blocking-a) (process_current)
build/cooja/mtype247.a(timer.o)
                              build/cooja/mtype247.a(etimer.o) (timer_set)
build/cooja/mtype247.a(list.o)
                              build/cooja/mtype247.a(coap-engine.o) (list_init)
build/cooja/mtype247.a(memb.o)
                              build/cooja/mtype247.a(coap-observe.o) (memb_alloc)
build/cooja/mtype247.a(button-hal.o)
                              lock.o (button_hal_press_event)
build/cooja/mtype247.a(serial-line.o)
                              lock.o (serial_line_event_message)
[...]
Memory Configuration

Name             Origin             Length             Attributes
*default*        0x0000000000000000 0xffffffffffffffff

Linker script and memory map

LOAD /usr/lib/gcc/i686-linux-gnu/5/../../../i386-linux-gnu/crti.o
LOAD /usr/lib/gcc/i686-linux-gnu/5/crtbeginS.o
LOAD lock.o
LOAD build/cooja/mtype247.o
LOAD build/cooja/mtype247.a
LOAD /usr/lib/gcc/i686-linux-gnu/5/libgcc.a
LOAD /usr/lib/gcc/i686-linux-gnu/5/libgcc_s.so
LOAD /usr/lib/gcc/i686-linux-gnu/5/../../../i386-linux-gnu/libc.so
START GROUP
LOAD /lib/i386-linux-gnu/libc.so.6
LOAD /usr/lib/i386-linux-gnu/libc_nonshared.a
LOAD /lib/i386-linux-gnu/ld-linux.so.2
END GROUP
LOAD /usr/lib/gcc/i686-linux-gnu/5/libgcc.a
LOAD /usr/lib/gcc/i686-linux-gnu/5/libgcc_s.so
LOAD /usr/lib/gcc/i686-linux-gnu/5/crtendS.o
LOAD /usr/lib/gcc/i686-linux-gnu/5/../../../i386-linux-gnu/crtn.o
                0x0000000000000114                . = (0x0 + SIZEOF_HEADERS)

.note.gnu.build-id
                0x0000000000000114       0x24
 *(.note.gnu.build-id)
 .note.gnu.build-id
                0x0000000000000114       0x24 /usr/lib/gcc/i686-linux-gnu/5/../../../i386-linux-gnu/crti.o

.hash
 *(.hash)

.gnu.hash       0x0000000000000138     0x15a8
 *(.gnu.hash)
 .gnu.hash      0x0000000000000138     0x15a8 /usr/lib/gcc/i686-linux-gnu/5/../../../i386-linux-gnu/crti.o

.dynsym         0x00000000000016e0     0x2f60
 *(.dynsym)
 .dynsym        0x00000000000016e0     0x2f60 /usr/lib/gcc/i686-linux-gnu/5/../../../i386-linux-gnu/crti.o

.dynstr         0x0000000000004640     0x36d4
 *(.dynstr)
 .dynstr        0x0000000000004640     0x36d4 /usr/lib/gcc/i686-linux-gnu/5/../../../i386-linux-gnu/crti.o

.gnu.version    0x0000000000007d14      0x5ec
 *(.gnu.version)
 .gnu.version   0x0000000000007d14      0x5ec /usr/lib/gcc/i686-linux-gnu/5/../../../i386-linux-gnu/crti.o

.gnu.version_d  0x0000000000008300        0x0
 *(.gnu.version_d)
 .gnu.version_d
                0x0000000000008300        0x0 /usr/lib/gcc/i686-linux-gnu/5/../../../i386-linux-gnu/crti.o

.gnu.version_r  0x0000000000008300       0x40
 *(.gnu.version_r)
 .gnu.version_r
                0x0000000000008300       0x40 /usr/lib/gcc/i686-linux-gnu/5/../../../i386-linux-gnu/crti.o

.rel.dyn        0x0000000000008340     0x91b8
 *(.rel.init)
 .rel.init      0x0000000000008340        0x0 /usr/lib/gcc/i686-linux-gnu/5/../../../i386-linux-gnu/crti.o
 *(.rel.text .rel.text.* .rel.gnu.linkonce.t.*)
 .rel.text      0x0000000000008340     0x87d0 /usr/lib/gcc/i686-linux-gnu/5/../../../i386-linux-gnu/crti.o
 *(.rel.fini)
 .rel.fini      0x0000000000010b10        0x0 /usr/lib/gcc/i686-linux-gnu/5/../../../i386-linux-gnu/crti.o
 *(.rel.rodata .rel.rodata.* .rel.gnu.linkonce.r.*)
 .rel.rodata    0x0000000000010b10      0x590 /usr/lib/gcc/i686-linux-gnu/5/../../../i386-linux-gnu/crti.o
 *(.rel.data.rel.ro .rel.data.rel.ro.* .rel.gnu.linkonce.d.rel.ro.*)
 *(.rel.data .rel.data.* .rel.gnu.linkonce.d.*)
 .rel.data.rel.local
                0x00000000000110a0        0x8 /usr/lib/gcc/i686-linux-gnu/5/../../../i386-linux-gnu/crti.o
 .rel.data      0x00000000000110a8      0x418 /usr/lib/gcc/i686-linux-gnu/5/../../../i386-linux-gnu/crti.o
 *(.rel.tdata .rel.tdata.* .rel.gnu.linkonce.td.*)
 *(.rel.tbss .rel.tbss.* .rel.gnu.linkonce.tb.*)
 *(.rel.ctors)
 *(.rel.dtors)
 *(.rel.got)
 .rel.got       0x00000000000114c0       0x28 /usr/lib/gcc/i686-linux-gnu/5/../../../i386-linux-gnu/crti.o
 *(.rel.bss .rel.bss.* .rel.gnu.linkonce.b.*)
 *(.rel.ifunc)
 .rel.ifunc     0x00000000000114e8        0x0 /usr/lib/gcc/i686-linux-gnu/5/../../../i386-linux-gnu/crti.o
 .rel.fini_array
                0x00000000000114e8        0x8 /usr/lib/gcc/i686-linux-gnu/5/../../../i386-linux-gnu/crti.o
 .rel.init_array
                0x00000000000114f0        0x8 /usr/lib/gcc/i686-linux-gnu/5/../../../i386-linux-gnu/crti.o

.rel.plt        0x00000000000114f8        0x0
 *(.rel.plt)
 .rel.plt       0x00000000000114f8        0x0 /usr/lib/gcc/i686-linux-gnu/5/../../../i386-linux-gnu/crti.o
 *(.rel.iplt)

.init           0x00000000000114f8       0x23
 *(SORT(.init))
 .init          0x00000000000114f8       0x1e /usr/lib/gcc/i686-linux-gnu/5/../../../i386-linux-gnu/crti.o
                0x00000000000114f8                _init
 .init          0x0000000000011516        0x5 /usr/lib/gcc/i686-linux-gnu/5/../../../i386-linux-gnu/crtn.o

.plt            0x0000000000011520       0x10
 *(.plt)
 .plt           0x0000000000011520       0x10 /usr/lib/gcc/i686-linux-gnu/5/../../../i386-linux-gnu/crti.o
 *(.iplt)

.plt.got        0x0000000000011530       0x10
 *(.plt.got)
 .plt.got       0x0000000000011530       0x10 /usr/lib/gcc/i686-linux-gnu/5/../../../i386-linux-gnu/crti.o

.text           0x0000000000011540    0x18af2
 *(.text.unlikely .text.*_unlikely .text.unlikely.*)
 .text.unlikely
                0x0000000000011540        0x0 /usr/lib/gcc/i686-linux-gnu/5/crtbeginS.o
 .text.unlikely
                0x0000000000011540        0x0 /usr/lib/gcc/i686-linux-gnu/5/libgcc.a(_udivdi3.o)
 *(.text.exit .text.exit.*)
 *(.text.startup .text.startup.*)
 *(.text.hot .text.hot.*)
 *(.text .stub .text.* .gnu.linkonce.t.*)
 .text          0x0000000000011540        0x0 /usr/lib/gcc/i686-linux-gnu/5/../../../i386-linux-gnu/crti.o
 .gnu.linkonce.t.__x86.get_pc_thunk.bx
                0x0000000000011540        0x4 /usr/lib/gcc/i686-linux-gnu/5/../../../i386-linux-gnu/crti.o
                0x0000000000011540                __x86.get_pc_thunk.bx
 *fill*         0x0000000000011544        0xc 
 .text          0x0000000000011550      0x11c /usr/lib/gcc/i686-linux-gnu/5/crtbeginS.o
 .text.__x86.get_pc_thunk.dx
                0x000000000001166c        0x4 /usr/lib/gcc/i686-linux-gnu/5/crtbeginS.o
                0x000000000001166c                __x86.get_pc_thunk.dx
 .text          0x0000000000011670      0x49d lock.o
                0x0000000000011670                response_handler
 .text          0x0000000000011b0d      0x283 build/cooja/mtype247.o
                0x0000000000011b9f                platform_init_stage_one
                0x0000000000011bb2                platform_init_stage_two
                0x0000000000011bc5                platform_init_stage_three
                0x0000000000011bd8                platform_main_loop
                0x0000000000011c4b                Java_org_contikios_cooja_corecomm_Lib22_init
                0x0000000000011c82                Java_org_contikios_cooja_corecomm_Lib22_getMemory
                0x0000000000011cb5                Java_org_contikios_cooja_corecomm_Lib22_setMemory
                0x0000000000011d15                Java_org_contikios_cooja_corecomm_Lib22_tick
                0x0000000000011d7d                Java_org_contikios_cooja_corecomm_Lib22_setReferenceAddress
 .text          0x0000000000011d90       0x65 build/cooja/mtype247.a(simEnvChange.o)
                0x0000000000011d90                doActionsBeforeTick
                0x0000000000011dc2                doActionsAfterTick
 .text          0x0000000000011df5       0x83 build/cooja/mtype247.a(cooja_mt.o)
                0x0000000000011df5                cooja_mt_start
                0x0000000000011e1f                cooja_mt_exec
                0x0000000000011e55                cooja_mt_yield
 .text          0x0000000000011e78       0xbe build/cooja/mtype247.a(cooja_mtarch.o)
                0x0000000000011e78                cooja_mtarch_start
                0x0000000000011eeb                cooja_sw
                0x0000000000011f0e                cooja_mtarch_exec
                0x0000000000011f2b                cooja_mtarch_yield
 .text          0x0000000000011f36       0xc5 build/cooja/mtype247.a(rtimer-arch.o)
                0x0000000000011f36                rtimer_arch_init
                0x0000000000011f5a                rtimer_arch_schedule
                0x0000000000011f8a                rtimer_arch_next
                0x0000000000011f9a                rtimer_arch_pending
                0x0000000000011fa4                rtimer_arch_check
                0x0000000000011feb                rtimer_arch_now
 .text          0x0000000000011ffb       0x81 build/cooja/mtype247.a(beep.o)
                0x0000000000011ffb                beep_alarm
                0x0000000000012008                beep_beep
                0x0000000000012015                beep
                0x0000000000012022                beep_down
                0x000000000001202f                beep_on
                0x000000000001203c                beep_off
                0x0000000000012049                beep_spinup
                0x0000000000012056                beep_quick
                0x0000000000012063                beep_long
 .text          0x000000000001207c       0x65 build/cooja/mtype247.a(leds-arch.o)
                0x000000000001208f                leds_arch_init
 .text          0x00000000000120e1       0x35 build/cooja/mtype247.a(moteid.o)
 .text          0x0000000000012116       0xb7 build/cooja/mtype247.a(pir-sensor.o)
 .text          0x00000000000121cd      0x148 build/cooja/mtype247.a(rs232.o)
                0x00000000000121cd                rs232_init
                0x00000000000121d3                rs232_set_speed
                0x00000000000121e2                rs232_set_input
                0x00000000000121f0                rs232_send
                0x0000000000012214                rs232_print
                0x0000000000012230                slip_arch_writeb
 .text          0x0000000000012315       0xb7 build/cooja/mtype247.a(vib-sensor.o)
 .text          0x00000000000123cc       0x38 build/cooja/mtype247.a(clock.o)
                0x00000000000123cc                clock_init
                0x00000000000123d2                clock_time
                0x00000000000123dc                clock_seconds
                0x00000000000123f2                clock_delay
 .text          0x0000000000012404      0x219 build/cooja/mtype247.a(cooja-log.o)
                0x0000000000012404                simlog_char
                0x0000000000012447                simlog
                0x00000000000124bd                log_message
                0x00000000000124ee                log_set_putchar_with_slip
                0x00000000000124fc                log_putchar
                0x0000000000012577                log_puts
                0x000000000001259f                log_printf
 .text          0x000000000001261d      0x2b9 build/cooja/mtype247.a(cfs-cooja.o)
                0x000000000001261d                cfs_open
                0x0000000000012686                cfs_close
                0x0000000000012693                cfs_read
                0x0000000000012728                cfs_write
                0x0000000000012804                cfs_seek
                0x000000000001288c                cfs_remove
                0x00000000000128b0                cfs_opendir
                0x00000000000128ba                cfs_readdir
                0x00000000000128c4                cfs_closedir
 .text          0x00000000000128d6      0x620 build/cooja/mtype247.a(cooja-radio.o)
                0x0000000000012918                radio_set_channel
                0x0000000000012926                radio_set_txpower
                0x000000000001293e                radio_signal_strength_last
                0x0000000000012948                radio_signal_strength_current
                0x0000000000012952                radio_LQI
 .text          0x0000000000012ef6       0xee build/cooja/mtype247.a(eeprom.o)
                0x0000000000012ef6                eeprom_init
                0x0000000000012efc                eeprom_read
                0x0000000000012f6a                eeprom_write
 .text          0x0000000000012fe4       0x2d build/cooja/mtype247.a(random.o)
                0x0000000000012fe4                random_init
                0x0000000000013004                random_rand
 .text          0x0000000000013011      0x29c build/cooja/mtype247.a(sensors.o)
                0x000000000001304c                sensors_first
                0x0000000000013056                sensors_next
                0x0000000000013070                sensors_changed
                0x00000000000130a4                sensors_find
 .text          0x00000000000132ad      0x349 build/cooja/mtype247.a(leds.o)
                0x00000000000132ad                leds_init
                0x00000000000132f4                leds_single_on
                0x0000000000013353                leds_single_off
                0x00000000000133b2                leds_single_toggle
                0x00000000000133e4                leds_on
                0x0000000000013466                leds_off
                0x00000000000134e8                leds_toggle
                0x000000000001353d                leds_set
                0x0000000000013569                leds_get
 .text          0x00000000000135f6      0x343 build/cooja/mtype247.a(gpio-hal-arch.o)
                0x00000000000135f6                gpio_hal_arch_register_pin_callback
                0x0000000000013662                gpio_hal_arch_init
                0x00000000000136a7                gpio_hal_arch_no_port_interrupt_enable
                0x00000000000136d7                gpio_hal_arch_no_port_interrupt_disable
                0x0000000000013707                gpio_hal_arch_no_port_pin_cfg_set
                0x000000000001372c                gpio_hal_arch_no_port_pin_cfg_get
                0x0000000000013752                gpio_hal_arch_no_port_pin_set_input
                0x0000000000013764                gpio_hal_arch_no_port_pin_set_output
                0x0000000000013776                gpio_hal_arch_no_port_set_pin
                0x0000000000013797                gpio_hal_arch_no_port_clear_pin
                0x00000000000137b8                gpio_hal_arch_no_port_read_pin
                0x00000000000137de                gpio_hal_arch_no_port_write_pin
                0x0000000000013808                gpio_hal_arch_no_port_set_pins
                0x000000000001384f                gpio_hal_arch_no_port_clear_pins
                0x0000000000013896                gpio_hal_arch_no_port_read_pins
                0x00000000000138d9                gpio_hal_arch_no_port_write_pins
 .text          0x0000000000013939       0x89 build/cooja/mtype247.a(buttons.o)
 .text          0x00000000000139c2      0x288 build/cooja/mtype247.a(res_presence.o)
                0x00000000000139c2                generate_random_presence
 .text          0x0000000000013c4a      0x319 build/cooja/mtype247.a(res_lock.o)
 .text          0x0000000000013f63      0x27b build/cooja/mtype247.a(coap-blocking-a)
                0x0000000000013f63                coap_blocking_request_callback
                0x0000000000013f8d                coap_blocking_request
 .text          0x00000000000141de      0xbea build/cooja/mtype247.a(coap-engine.o)
                0x0000000000014273                coap_add_handler
                0x0000000000014290                coap_remove_handler
                0x00000000000142ad                coap_call_handlers
                0x00000000000143b5                coap_receive
                0x00000000000149b0                coap_engine_init
                0x0000000000014a0e                coap_activate_resource
                0x0000000000014ab9                coap_get_first_resource
                0x0000000000014ad2                coap_get_next_resource
 .text          0x0000000000014dc8      0x2d9 build/cooja/mtype247.a(coap-res-well-k)
 .text          0x00000000000150a1      0x96a build/cooja/mtype247.a(coap-observe.o)
                0x00000000000151b6                coap_remove_observer
                0x00000000000151e6                coap_remove_observer_by_client
                0x000000000001524e                coap_remove_observer_by_token
                0x00000000000152e1                coap_remove_observer_by_uri
                0x0000000000015388                coap_remove_observer_by_mid
                0x0000000000015404                coap_notify_observers
                0x000000000001541d                coap_notify_observers_sub
                0x0000000000015887                coap_observe_handler
                0x00000000000159a2                coap_has_observers
 .text          0x0000000000015a0b      0x733 build/cooja/mtype247.a(coap-uip.o)
                0x0000000000015a0b                coap_endpoint_log
                0x0000000000015a91                coap_endpoint_print
                0x0000000000015b17                coap_endpoint_snprint
                0x0000000000015c4a                coap_endpoint_copy
                0x0000000000015c87                coap_endpoint_cmp
                0x0000000000015d95                coap_endpoint_parse
                0x0000000000015f80                coap_endpoint_is_secure
                0x0000000000015f8f                coap_endpoint_is_connected
                0x0000000000015fc3                coap_endpoint_connect
                0x0000000000015fdf                coap_endpoint_disconnect
                0x0000000000015fe5                coap_databuf
                0x0000000000015fef                coap_transport_init
                0x000000000001603f                coap_sendto
 .text          0x000000000001613e      0x324 build/cooja/mtype247.a(coap-timer.o)
                0x000000000001623b                coap_timer_stop
                0x0000000000016266                coap_timer_set
                0x00000000000162a9                coap_timer_reset
                0x00000000000162ec                coap_timer_time_to_next_expiration
                0x0000000000016358                coap_timer_run
                0x0000000000016424                coap_timer_init
 .text          0x0000000000016462      0x2c6 build/cooja/mtype247.a(coap-transactio)
                0x00000000000164c8                coap_new_transaction
                0x000000000001652e                coap_send_transaction
                0x000000000001668f                coap_clear_transaction
                0x00000000000166d7                coap_get_transaction_by_mid
 .text          0x0000000000016728     0x1c53 build/cooja/mtype247.a(coap.o)
                0x0000000000016c95                coap_init_connection
                0x0000000000016ca9                coap_get_mid
                0x0000000000016cc5                coap_init_message
                0x0000000000016d0e                coap_serialize_message
                0x0000000000017390                coap_parse_message
                0x00000000000179f7                coap_get_query_variable
                0x0000000000017a39                coap_get_post_variable
                0x0000000000017a7d                coap_set_status_code
                0x0000000000017aa2                coap_set_token
                0x0000000000017ae9                coap_get_header_content_format
                0x0000000000017b1a                coap_set_header_content_format
                0x0000000000017b3d                coap_get_header_accept
                0x0000000000017b6e                coap_set_header_accept
                0x0000000000017b91                coap_get_header_max_age
                0x0000000000017bc2                coap_set_header_max_age
                0x0000000000017be2                coap_get_header_etag
                0x0000000000017c14                coap_set_header_etag
                0x0000000000017c6b                coap_get_header_if_match
                0x0000000000017c9d                coap_set_header_if_match
                0x0000000000017cf4                coap_get_header_if_none_match
                0x0000000000017d0e                coap_set_header_if_none_match
                0x0000000000017d25                coap_get_header_proxy_uri
                0x0000000000017d53                coap_set_header_proxy_uri
                0x0000000000017d90                coap_get_header_uri_host
                0x0000000000017dbe                coap_set_header_uri_host
                0x0000000000017dfb                coap_get_header_uri_path
                0x0000000000017e29                coap_set_header_uri_path
                0x0000000000017e76                coap_get_header_uri_query
                0x0000000000017eaa                coap_set_header_uri_query
                0x0000000000017f00                coap_get_header_location_path
                0x0000000000017f2e                coap_set_header_location_path
                0x0000000000017fc7                coap_get_header_location_query
                0x0000000000017ff5                coap_set_header_location_query
                0x0000000000018042                coap_get_header_observe
                0x0000000000018071                coap_set_header_observe
                0x0000000000018091                coap_get_header_block2
                0x00000000000180fd                coap_set_header_block2
                0x0000000000018174                coap_get_header_block1
                0x00000000000181e9                coap_set_header_block1
                0x0000000000018264                coap_get_header_size2
                0x0000000000018294                coap_set_header_size2
                0x00000000000182b7                coap_get_header_size1
                0x00000000000182e7                coap_set_header_size1
                0x000000000001830a                coap_get_payload
                0x0000000000018344                coap_set_payload
 .text          0x000000000001837b      0x332 build/cooja/mtype247.a(contiki-main.o)
                0x000000000001837b                main
 .text          0x00000000000186ad       0x92 build/cooja/mtype247.a(autostart.o)
                0x00000000000186ad                autostart_start
                0x00000000000186f7                autostart_exit
 .text          0x000000000001873f      0x355 build/cooja/mtype247.a(ctimer.o)
                0x0000000000018867                ctimer_init
                0x000000000001889a                ctimer_set
                0x00000000000188c0                ctimer_set_with_process
                0x000000000001893d                ctimer_reset
                0x0000000000018991                ctimer_restart
                0x00000000000189e5                ctimer_stop
                0x0000000000018a35                ctimer_expired
 .text          0x0000000000018a94      0x394 build/cooja/mtype247.a(log.o)
                0x0000000000018a94                log_6addr
                0x0000000000018ae7                log_6addr_compact_snprint
                0x0000000000018b85                log_6addr_compact
                0x0000000000018bd8                log_lladdr
                0x0000000000018c4a                log_lladdr_compact
                0x0000000000018cb2                log_set_level
                0x0000000000018d6d                log_get_level
                0x0000000000018de6                log_level_to_str
 .text          0x0000000000018e28       0x1b build/cooja/mtype247.a(energest.o)
                0x0000000000018e28                energest_init
                0x0000000000018e2e                energest_flush
                0x0000000000018e34                energest_get_total_time
 .text          0x0000000000018e43      0x43f build/cooja/mtype247.a(etimer.o)
                0x0000000000019067                etimer_request_poll
                0x00000000000190f0                etimer_set
                0x0000000000019119                etimer_reset_with_new_interval
                0x0000000000019148                etimer_reset
                0x000000000001916e                etimer_restart
                0x0000000000019194                etimer_adjust
                0x00000000000191b1                etimer_expired
                0x00000000000191c4                etimer_expiration_time
                0x00000000000191d6                etimer_start_time
                0x00000000000191e0                etimer_pending
                0x00000000000191f2                etimer_next_expiration_time
                0x000000000001920c                etimer_stop
 .text          0x0000000000019282       0x25 build/cooja/mtype247.a(node-id.o)
                0x0000000000019282                node_id_init
 .text          0x00000000000192a7       0xeb build/cooja/mtype247.a(rtimer.o)
                0x00000000000192a7                rtimer_init
                0x00000000000192b5                rtimer_set
                0x0000000000019330                rtimer_run_next
 .text          0x0000000000019392      0x4fb build/cooja/mtype247.a(process.o)
                0x0000000000019392                process_alloc_event
                0x00000000000193a7                process_start
                0x0000000000019581                process_exit
                0x000000000001959e                process_init
                0x0000000000019733                process_run
                0x0000000000019766                process_nevents
                0x0000000000019781                process_post
                0x0000000000019814                process_post_synch
                0x0000000000019849                process_poll
                0x0000000000019879                process_is_running
 .text          0x000000000001988d       0xb1 build/cooja/mtype247.a(timer.o)
                0x000000000001988d                timer_set
                0x00000000000198ab                timer_reset
                0x00000000000198d8                timer_restart
                0x00000000000198ed                timer_expired
                0x000000000001991a                timer_remaining
 .text          0x000000000001993e      0x28f build/cooja/mtype247.a(list.o)
                0x000000000001993e                list_init
                0x000000000001994d                list_head
                0x0000000000019957                list_copy
                0x0000000000019967                list_tail
                0x000000000001999d                list_add
                0x00000000000199e9                list_push
                0x0000000000019a15                list_chop
                0x0000000000019a7f                list_pop
                0x0000000000019aa7                list_remove
                0x0000000000019b0f                list_length
                0x0000000000019b3d                list_insert
                0x0000000000019b82                list_item_next
                0x0000000000019b99                list_contains
 .text          0x0000000000019bcd      0x1b5 build/cooja/mtype247.a(memb.o)
                0x0000000000019bcd                memb_init
                0x0000000000019c22                memb_alloc
                0x0000000000019c85                memb_free
                0x0000000000019cfc                memb_inmemb
                0x0000000000019d3b                memb_numfree
 .text          0x0000000000019d82      0x41c build/cooja/mtype247.a(button-hal.o)
                0x0000000000019efb                button_hal_get_by_id
                0x0000000000019f39                button_hal_get_by_index
                0x0000000000019f65                button_hal_get_state
                0x0000000000019fb7                button_hal_init
 .text          0x000000000001a19e      0x1f3 build/cooja/mtype247.a(serial-line.o)
                0x000000000001a19e                serial_line_input_byte
                0x000000000001a35c                serial_line_init
 .text          0x000000000001a391      0x168 build/cooja/mtype247.a(gpio-hal.o)
                0x000000000001a391                gpio_hal_register_handler
                0x000000000001a3ae                gpio_hal_event_handler
                0x000000000001a40a                gpio_hal_init
                0x000000000001a429                gpio_hal_arch_port_toggle_pin
                0x000000000001a465                gpio_hal_arch_port_toggle_pins
                0x000000000001a493                gpio_hal_arch_no_port_toggle_pin
                0x000000000001a4d1                gpio_hal_arch_no_port_toggle_pins
 .text          0x000000000001a4f9      0x2e7 build/cooja/mtype247.a(queuebuf.o)
                0x000000000001a503                queuebuf_init
                0x000000000001a52c                queuebuf_numfree
                0x000000000001a544                queuebuf_new_from_packetbuf
                0x000000000001a5e3                queuebuf_update_attr_from_packetbuf
                0x000000000001a618                queuebuf_update_from_packetbuf
                0x000000000001a668                queuebuf_free
                0x000000000001a6b1                queuebuf_to_packetbuf
                0x000000000001a71d                queuebuf_dataptr
                0x000000000001a757                queuebuf_datalen
                0x000000000001a77a                queuebuf_addr
                0x000000000001a7af                queuebuf_attr
                0x000000000001a7da                queuebuf_debug_print
 .text          0x000000000001a7e0      0x407 build/cooja/mtype247.a(packetbuf.o)
                0x000000000001a7e0                packetbuf_clear
                0x000000000001a80b                packetbuf_copyfrom
                0x000000000001a85a                packetbuf_copyto
                0x000000000001a8ed                packetbuf_hdralloc
                0x000000000001a969                packetbuf_hdrreduce
                0x000000000001a9af                packetbuf_set_datalen
                0x000000000001a9c9                packetbuf_dataptr
                0x000000000001a9e6                packetbuf_hdrptr
                0x000000000001a9f0                packetbuf_datalen
                0x000000000001a9fc                packetbuf_hdrlen
                0x000000000001aa13                packetbuf_totlen
                0x000000000001aa29                packetbuf_remaininglen
                0x000000000001aa3c                packetbuf_attr_clear
                0x000000000001aa88                packetbuf_attr_copyto
                0x000000000001aae0                packetbuf_attr_copyfrom
                0x000000000001ab38                packetbuf_set_attr
                0x000000000001ab62                packetbuf_attr
                0x000000000001ab7c                packetbuf_set_addr
                0x000000000001abad                packetbuf_addr
                0x000000000001abca                packetbuf_holds_broadcast
 .text          0x000000000001abe7       0xef build/cooja/mtype247.a(netstack.o)
                0x000000000001abe7                netstack_process_ip_callback
                0x000000000001ac78                netstack_ip_packet_processor_add
                0x000000000001ac9b                uip_ds6_ip_packet_processor_rm
                0x000000000001acb8                netstack_init
 .text          0x000000000001acd6       0x4f build/cooja/mtype247.a(linkaddr.o)
                0x000000000001acd6                linkaddr_copy
                0x000000000001acec                linkaddr_cmp
                0x000000000001ad0f                linkaddr_set_node_addr
 .text          0x000000000001ad25      0x1f6 build/cooja/mtype247.a(csma.o)
 .text          0x000000000001af1b      0x95d build/cooja/mtype247.a(csma-output.o)
                0x000000000001b5b2                csma_output_packet
                0x000000000001b83f                csma_output_init
 .text          0x000000000001b878      0xc11 build/cooja/mtype247.a(uip-ds6.o)
                0x000000000001b878                uip_ds6_default_prefix
                0x000000000001b882                uip_ds6_set_default_prefix
                0x000000000001b8ad                uip_ds6_init
                0x000000000001bb0f                uip_ds6_periodic
                0x000000000001bb96                uip_ds6_list_loop
                0x000000000001bc56                uip_ds6_prefix_add
                0x000000000001bd02                uip_ds6_prefix_rm
                0x000000000001bd15                uip_ds6_prefix_lookup
                0x000000000001bd54                uip_ds6_is_addr_onlink
                0x000000000001bdc7                uip_ds6_addr_add
                0x000000000001bee7                uip_ds6_addr_rm
                0x000000000001bf90                uip_ds6_addr_lookup
                0x000000000001bfc9                uip_ds6_get_link_local
                0x000000000001c04a                uip_ds6_get_global
                0x000000000001c0cb                uip_ds6_maddr_add
                0x000000000001c12b                uip_ds6_maddr_rm
                0x000000000001c13e                uip_ds6_maddr_lookup
                0x000000000001c177                uip_ds6_aaddr_add
                0x000000000001c1d7                uip_ds6_aaddr_rm
                0x000000000001c1ea                uip_ds6_aaddr_lookup
                0x000000000001c223                uip_ds6_select_src
                0x000000000001c36c                uip_ds6_set_addr_iid
                0x000000000001c397                uip_ds6_set_lladdr_from_iid
                0x000000000001c3c0                get_match_length
                0x000000000001c451                uip_ds6_compute_reachable_time
 .text          0x000000000001c489      0x128 build/cooja/mtype247.a(uip-udp-packet.)
                0x000000000001c489                uip_udp_packet_send
                0x000000000001c4e4                uip_udp_packet_sendto
 .text          0x000000000001c5b1      0x35b build/cooja/mtype247.a(uip-ds6-route.o)
                0x000000000001c602                uip_ds6_route_init
                0x000000000001c62c                uip_ds6_route_nexthop
                0x000000000001c636                uip_ds6_route_head
                0x000000000001c640                uip_ds6_route_next
                0x000000000001c64a                uip_ds6_route_is_nexthop
                0x000000000001c654                uip_ds6_route_num_routes
                0x000000000001c65e                uip_ds6_route_lookup
                0x000000000001c668                uip_ds6_route_add
                0x000000000001c67b                uip_ds6_route_rm
                0x000000000001c681                uip_ds6_route_rm_by_nexthop
                0x000000000001c687                uip_ds6_defrt_head
                0x000000000001c6a0                uip_ds6_defrt_add
                0x000000000001c74e                uip_ds6_defrt_rm
                0x000000000001c7b4                uip_ds6_defrt_lookup
                0x000000000001c81b                uip_ds6_defrt_choose
                0x000000000001c891                uip_ds6_defrt_periodic
 .text          0x000000000001c90c      0x6f7 build/cooja/mtype247.a(tcpip.o)
                0x000000000001c926                tcpip_output
                0x000000000001c9a5                udp_attach
                0x000000000001c9bd                udp_new
                0x000000000001ca07                udp_broadcast_new
                0x000000000001cb79                tcpip_input
                0x000000000001cd09                tcpip_ipv6_output
                0x000000000001cefd                tcpip_poll_udp
                0x000000000001cf1b                tcpip_uipcall
 .text          0x000000000001d003     0x1205 build/cooja/mtype247.a(uip6.o)
                0x000000000001d0b2                uip_chksum
                0x000000000001d189                uip_icmp6chksum
                0x000000000001d19e                uip_udpchksum
                0x000000000001d1b3                uip_init
                0x000000000001d1fc                uip_remove_ext_hdr
                0x000000000001d2d6                uip_udp_new
                0x000000000001d5ea                uip_process
                0x000000000001e0e2                uip_htons
                0x000000000001e104                uip_htonl
                0x000000000001e142                uip_send
 .text          0x000000000001e208      0x369 build/cooja/mtype247.a(uip-ds6-nbr.o)
                0x000000000001e208                uip_ds6_neighbors_init
                0x000000000001e22c                uip_ds6_nbr_add
                0x000000000001e2b2                uip_ds6_nbr_rm
                0x000000000001e2fd                uip_ds6_nbr_update_ll
                0x000000000001e3eb                uip_ds6_nbr_get_ipaddr
                0x000000000001e400                uip_ds6_nbr_get_ll
                0x000000000001e41c                uip_ds6_nbr_num
                0x000000000001e465                uip_ds6_nbr_head
                0x000000000001e47e                uip_ds6_nbr_next
                0x000000000001e49a                uip_ds6_nbr_lookup
                0x000000000001e4f2                uip_ds6_nbr_ll_lookup
                0x000000000001e50e                uip_ds6_nbr_ipaddr_from_lladdr
                0x000000000001e537                uip_ds6_nbr_lladdr_from_ipaddr
                0x000000000001e56b                uip_ds6_link_callback
 .text          0x000000000001e571      0x6a7 build/cooja/mtype247.a(uip-nd6.o)
                0x000000000001ebff                uip_nd6_init
 .text          0x000000000001ec18     0x2c17 build/cooja/mtype247.a(sicslowpan.o)
                0x000000000001f21f                netstack_sniffer_add
                0x000000000001f22d                netstack_sniffer_remove
                0x0000000000021803                sicslowpan_init
                0x0000000000021825                sicslowpan_get_last_rssi
 .text          0x000000000002182f      0x4d1 build/cooja/mtype247.a(uiplib.o)
                0x000000000002182f                uiplib_ip6addrconv
                0x00000000000219e7                uiplib_ip4addrconv
                0x0000000000021aaa                uiplib_ipaddr_print
                0x0000000000021afd                uiplib_ipaddr_snprint
 .text          0x0000000000021d00      0x4c9 build/cooja/mtype247.a(rpl.o)
                0x0000000000021d00                rpl_lollipop_greater_than
                0x0000000000021d5a                rpl_get_global_address
                0x0000000000021e52                rpl_link_callback
                0x0000000000021e96                rpl_has_joined
                0x0000000000021ebb                rpl_is_reachable
                0x0000000000021f3c                rpl_reset_prefix
                0x0000000000021fa6                rpl_set_prefix_from_addr
                0x000000000002208b                rpl_set_prefix
                0x00000000000221a5                rpl_set_leaf_only
                0x00000000000221bd                rpl_get_leaf_only
 .text          0x00000000000221c9     0x138c build/cooja/mtype247.a(rpl-icmp6.o)
                0x00000000000222ee                rpl_icmp6_update_nbr_table
                0x0000000000022377                rpl_icmp6_dis_output
                0x00000000000229bd                rpl_icmp6_dio_output
                0x00000000000231bb                rpl_icmp6_dao_output
                0x000000000002349c                rpl_icmp6_dao_ack_output
                0x000000000002350c                rpl_icmp6_init
 .text          0x0000000000023555      0x264 build/cooja/mtype247.a(rpl-dag-root.o)
                0x0000000000023555                rpl_dag_root_print_links
                0x0000000000023681                rpl_dag_root_set_prefix
                0x00000000000236ad                rpl_dag_root_start
                0x000000000002378a                rpl_dag_root_is_root
 .text          0x00000000000237b9       0x30 build/cooja/mtype247.a(watchdog.o)
                0x00000000000237b9                watchdog_init
                0x00000000000237bf                watchdog_start
                0x00000000000237c5                watchdog_periodic
                0x00000000000237dd                watchdog_stop
                0x00000000000237e3                watchdog_reboot
 .text          0x00000000000237e9       0x4a build/cooja/mtype247.a(int-master.o)
                0x00000000000237e9                int_master_enable
                0x00000000000237f9                int_master_read_and_disable
                0x0000000000023816                int_master_status_set
                0x0000000000023824                int_master_is_enabled
 .text          0x0000000000023833      0x226 build/cooja/mtype247.a(coap-timer-defa)
 .text          0x0000000000023a59       0xc7 build/cooja/mtype247.a(stimer.o)
                0x0000000000023a59                stimer_set
                0x0000000000023a77                stimer_reset
                0x0000000000023aa4                stimer_restart
                0x0000000000023ab9                stimer_expired
                0x0000000000023ae4                stimer_remaining
                0x0000000000023b08                stimer_elapsed
 .text          0x0000000000023b20      0x156 build/cooja/mtype247.a(ringbuf.o)
                0x0000000000023b20                ringbuf_init
                0x0000000000023b52                ringbuf_put
                0x0000000000023bd0                ringbuf_get
                0x0000000000023c3d                ringbuf_size
                0x0000000000023c4f                ringbuf_elements
 .text          0x0000000000023c76       0x1f build/cooja/mtype247.a(assert.o)
                0x0000000000023c76                _xassert
 .text          0x0000000000023c95      0x79b build/cooja/mtype247.a(nbr-table.o)
                0x000000000002410e                nbr_table_register
                0x000000000002417b                nbr_table_is_registered
                0x00000000000241b6                nbr_table_head
                0x0000000000024211                nbr_table_next
                0x0000000000024272                nbr_table_add_lladdr
                0x000000000002434c                nbr_table_get_from_lladdr
                0x0000000000024398                nbr_table_remove
                0x00000000000243d0                nbr_table_lock
                0x00000000000243ea                nbr_table_unlock
                0x0000000000024404                nbr_table_get_lladdr
 .text          0x0000000000024430      0x3a5 build/cooja/mtype247.a(link-stats.o)
                0x0000000000024430                link_stats_from_lladdr
                0x000000000002444c                link_stats_get_lladdr
                0x0000000000024468                link_stats_is_fresh
                0x00000000000244a4                guess_etx_from_rssi
                0x0000000000024520                link_stats_packet_sent
                0x0000000000024640                link_stats_input_callback
                0x0000000000024750                link_stats_reset
                0x00000000000247a0                link_stats_init
 .text          0x00000000000247d5      0x187 build/cooja/mtype247.a(mac-sequence.o)
                0x00000000000247d5                mac_sequence_is_duplicate
                0x0000000000024875                mac_sequence_register_seqno
 .text          0x000000000002495c       0x23 build/cooja/mtype247.a(mac.o)
                0x000000000002495c                mac_call_sent_callback
 .text          0x000000000002497f      0x432 build/cooja/mtype247.a(framer-802154.o)
                0x0000000000024b0e                framer_802154_setup_params
 .text          0x0000000000024db1      0xb6f build/cooja/mtype247.a(frame802154.o)
                0x0000000000024de2                frame802154_get_pan_id
                0x0000000000024dee                frame802154_set_pan_id
                0x0000000000024e08                frame802154_has_panid
                0x0000000000024fb7                frame802154_check_dest_panid
                0x000000000002503f                frame802154_is_broadcast_addr
                0x000000000002508c                frame802154_extract_linkaddr
                0x00000000000252f1                frame802154_hdrlen
                0x0000000000025364                frame802154_create_fcf
                0x000000000002541c                frame802154_create
                0x0000000000025591                frame802154_parse_fcf
                0x0000000000025673                frame802154_parse
 .text          0x0000000000025920       0x2d build/cooja/mtype247.a(csma-security.o)
                0x0000000000025920                csma_security_create_frame
                0x000000000002593e                csma_security_parse_frame
 .text          0x000000000002594d      0x4e4 build/cooja/mtype247.a(uipbuf.o)
                0x000000000002594d                uipbuf_clear
                0x0000000000025974                uipbuf_add_ext_hdr
                0x00000000000259f4                uipbuf_set_len
                0x0000000000025a21                uipbuf_set_len_field
                0x0000000000025a4d                uipbuf_get_len_field
                0x0000000000025a6d                uipbuf_get_next_header
                0x0000000000025b9f                uipbuf_get_last_header
                0x0000000000025c18                uipbuf_search_header
                0x0000000000025cce                uipbuf_get_attr
                0x0000000000025cf5                uipbuf_set_attr
                0x0000000000025d2c                uipbuf_set_default_attr
                0x0000000000025d63                uipbuf_clear_attr
                0x0000000000025d87                uipbuf_set_attr_flag
                0x0000000000025da8                uipbuf_clr_attr_flag
                0x0000000000025dcf                uipbuf_is_attr_flag
                0x0000000000025df3                uipbuf_init
 .text          0x0000000000025e31      0x73f build/cooja/mtype247.a(uip-icmp6.o)
                0x0000000000025ea6                uip_icmp6_input
                0x0000000000025efd                uip_icmp6_register_input_handler
                0x0000000000026050                uip_icmp6_error_output
                0x0000000000026301                uip_icmp6_send
                0x00000000000264f8                uip_icmp6_echo_reply_callback_add
                0x000000000002652a                uip_icmp6_echo_reply_callback_rm
                0x0000000000026547                uip_icmp6_init
 .text          0x0000000000026570      0x69b build/cooja/mtype247.a(uip-sr.o)
                0x0000000000026570                uip_sr_num_nodes
                0x00000000000265fe                uip_sr_get_node
                0x0000000000026655                uip_sr_is_addr_reachable
                0x0000000000026703                uip_sr_expire_parent
                0x000000000002674c                uip_sr_update_node
                0x000000000002687c                uip_sr_init
                0x00000000000268b0                uip_sr_node_head
                0x00000000000268c9                uip_sr_node_next
                0x00000000000268df                uip_sr_periodic
                0x00000000000269e5                uip_sr_free_all
                0x0000000000026a55                uip_sr_link_snprint
 .text          0x0000000000026c0b      0x146 build/cooja/mtype247.a(uip-packetqueue)
                0x0000000000026c39                uip_packetqueue_new
                0x0000000000026c48                uip_packetqueue_alloc
                0x0000000000026ca3                uip_packetqueue_free
                0x0000000000026cea                uip_packetqueue_buf
                0x0000000000026d07                uip_packetqueue_buflen
                0x0000000000026d28                uip_packetqueue_set_buflen
 .text          0x0000000000026d51      0x1b0 build/cooja/mtype247.a(rpl-nbr-policy.)
                0x0000000000026ebe                rpl_nbr_policy_find_removable
 .text          0x0000000000026f01      0x915 build/cooja/mtype247.a(rpl-neighbor.o)
                0x0000000000026f7d                rpl_neighbor_snprint
                0x0000000000027230                rpl_neighbor_print_list
                0x00000000000272e5                rpl_neighbor_count
                0x000000000002738c                rpl_neighbor_get_from_lladdr
                0x00000000000273a8                rpl_neighbor_is_acceptable_parent
                0x00000000000273dc                rpl_neighbor_get_link_metric
                0x0000000000027410                rpl_neighbor_rank_via_nbr
                0x0000000000027444                rpl_neighbor_get_lladdr
                0x0000000000027460                rpl_neighbor_get_ipaddr
                0x0000000000027487                rpl_neighbor_get_link_stats
                0x00000000000274ae                rpl_neighbor_is_fresh
                0x00000000000274d5                rpl_neighbor_is_reachable
                0x0000000000027520                rpl_neighbor_is_parent
                0x000000000002754a                rpl_neighbor_set_preferred_parent
                0x00000000000275e1                rpl_neighbor_remove_all
                0x000000000002763d                rpl_neighbor_get_from_ipaddr
                0x000000000002774b                rpl_neighbor_select_best
                0x00000000000277f7                rpl_neighbor_init
 .text          0x0000000000027816      0xe69 build/cooja/mtype247.a(rpl-dag.o)
                0x0000000000027816                rpl_dag_state_to_str
                0x0000000000027855                rpl_dag_get_root_ipaddr
                0x000000000002789d                rpl_dag_leave
                0x0000000000027926                rpl_dag_poison_and_leave
                0x000000000002793e                rpl_dag_periodic
                0x00000000000279c6                rpl_is_addr_in_our_dag
                0x0000000000027a0a                rpl_get_default_instance
                0x0000000000027a26                rpl_get_any_dag
                0x0000000000027a7f                rpl_refresh_routes
                0x0000000000027abf                rpl_global_repair
                0x0000000000027b58                rpl_local_repair
                0x0000000000027ba2                rpl_dag_ready_to_advertise
                0x0000000000027be5                rpl_dag_update_state
                0x0000000000028312                rpl_process_dio
                0x0000000000028390                rpl_process_dis
                0x00000000000283d5                rpl_process_dao
                0x0000000000028464                rpl_process_dao_ack
                0x00000000000284fb                rpl_process_hbh
                0x000000000002854b                rpl_dag_init_root
                0x000000000002865f                rpl_dag_init
 .text          0x000000000002867f      0x9e7 build/cooja/mtype247.a(rpl-timers.o)
                0x000000000002867f                rpl_timers_schedule_periodic_dis
                0x00000000000287cd                rpl_timers_dio_reset
                0x00000000000288db                rpl_timers_schedule_unicast_dio
                0x0000000000028a2f                rpl_timers_schedule_dao
                0x0000000000028aee                rpl_timers_schedule_dao_ack
                0x0000000000028b74                rpl_timers_notify_dao_ack
                0x0000000000028bd2                get_probing_delay
                0x0000000000028c06                get_probing_target
                0x0000000000028df0                rpl_schedule_probing
                0x0000000000028e1e                rpl_schedule_probing_now
                0x0000000000028e88                rpl_timers_unschedule_leaving
                0x0000000000028ec0                rpl_timers_schedule_leaving
                0x0000000000028f01                rpl_timers_init
                0x0000000000028f91                rpl_timers_stop_dag_timers
                0x000000000002900a                rpl_timers_unschedule_state_update
                0x000000000002902e                rpl_timers_schedule_state_update
 .text          0x0000000000029066      0xb8e build/cooja/mtype247.a(rpl-ext-header.)
                0x0000000000029066                rpl_ext_header_srh_get_next_hop
                0x000000000002914d                rpl_ext_header_srh_update
                0x00000000000296b9                rpl_ext_header_hbh_update
                0x00000000000299b9                rpl_ext_header_update
                0x0000000000029a42                rpl_ext_header_remove
 .text          0x0000000000029bf4      0x31b build/cooja/mtype247.a(rpl-mrhof.o)
 *fill*         0x0000000000029f0f        0x1 
 .text          0x0000000000029f10      0x122 /usr/lib/gcc/i686-linux-gnu/5/libgcc.a(_udivdi3.o)
                0x0000000000029f10                __udivdi3
 .text          0x000000000002a032        0x0 /usr/lib/gcc/i686-linux-gnu/5/crtendS.o
 .text          0x000000000002a032        0x0 /usr/lib/gcc/i686-linux-gnu/5/../../../i386-linux-gnu/crtn.o
 *(.gnu.warning)

.fini           0x000000000002a034       0x14
 *(SORT(.fini))
 .fini          0x000000000002a034        0xf /usr/lib/gcc/i686-linux-gnu/5/../../../i386-linux-gnu/crti.o
                0x000000000002a034                _fini
 .fini          0x000000000002a043        0x5 /usr/lib/gcc/i686-linux-gnu/5/../../../i386-linux-gnu/crtn.o
                [!provide]                        PROVIDE (__etext, .)
                [!provide]                        PROVIDE (_etext, .)
                [!provide]                        PROVIDE (etext, .)

.rodata         0x000000000002a060      0xb6b
 *(.rodata .rodata.* .gnu.linkonce.r.*)
 .rodata        0x000000000002a060       0xe4 lock.o
                0x000000000002a078                autostart_processes
 .rodata        0x000000000002a144        0x8 build/cooja/mtype247.a(beep.o)
                0x000000000002a144                beep_interface
 .rodata        0x000000000002a14c        0xe build/cooja/mtype247.a(leds-arch.o)
                0x000000000002a14c                leds_interface
                0x000000000002a154                leds_arch_leds
 *fill*         0x000000000002a15a        0x2 
 .rodata        0x000000000002a15c        0x8 build/cooja/mtype247.a(moteid.o)
                0x000000000002a15c                moteid_interface
 .rodata        0x000000000002a164       0x1c build/cooja/mtype247.a(pir-sensor.o)
                0x000000000002a164                pir_interface
                0x000000000002a170                pir_sensor
 .rodata        0x000000000002a180        0xe build/cooja/mtype247.a(rs232.o)
                0x000000000002a180                rs232_interface
 *fill*         0x000000000002a18e        0x2 
 .rodata        0x000000000002a190       0x24 build/cooja/mtype247.a(vib-sensor.o)
                0x000000000002a190                vib_interface
                0x000000000002a1a4                vib_sensor
 .rodata        0x000000000002a1b4        0x8 build/cooja/mtype247.a(clock.o)
                0x000000000002a1b4                clock_interface
 .rodata        0x000000000002a1bc        0x8 build/cooja/mtype247.a(cooja-log.o)
                0x000000000002a1bc                simlog_interface
 .rodata        0x000000000002a1c4       0x2f build/cooja/mtype247.a(cfs-cooja.o)
                0x000000000002a1c4                cfs_interface
 *fill*         0x000000000002a1f3        0xd 
 .rodata        0x000000000002a200       0xb8 build/cooja/mtype247.a(cooja-radio.o)
                0x000000000002a200                radio_interface
                0x000000000002a280                cooja_radio_driver
 .rodata        0x000000000002a2b8        0x8 build/cooja/mtype247.a(eeprom.o)
                0x000000000002a2b8                eeprom_interface
 .rodata        0x000000000002a2c0        0x8 build/cooja/mtype247.a(sensors.o)
 .rodata        0x000000000002a2c8       0x2c build/cooja/mtype247.a(buttons.o)
                0x000000000002a2c8                button_interface
                0x000000000002a2dc                button_hal_button_count
                0x000000000002a2e4                button_sensor
 .rodata        0x000000000002a2f4       0xaf build/cooja/mtype247.a(res_presence.o)
 *fill*         0x000000000002a3a3        0x1 
 .rodata        0x000000000002a3a4       0x6e build/cooja/mtype247.a(res_lock.o)
 .rodata        0x000000000002a412       0x41 build/cooja/mtype247.a(coap-engine.o)
 .rodata        0x000000000002a453       0x19 build/cooja/mtype247.a(coap-res-well-k)
 .rodata        0x000000000002a46c       0x11 build/cooja/mtype247.a(coap-observe.o)
 .rodata        0x000000000002a47d       0x35 build/cooja/mtype247.a(coap-uip.o)
 *fill*         0x000000000002a4b2        0x2 
 .rodata        0x000000000002a4b4      0x1ac build/cooja/mtype247.a(coap.o)
 .rodata        0x000000000002a660       0xf8 build/cooja/mtype247.a(contiki-main.o)
 .rodata        0x000000000002a758        0xf build/cooja/mtype247.a(ctimer.o)
 *fill*         0x000000000002a767        0x1 
 .rodata        0x000000000002a768       0xc4 build/cooja/mtype247.a(log.o)
 .rodata        0x000000000002a82c        0xc build/cooja/mtype247.a(etimer.o)
 .rodata        0x000000000002a838       0x13 build/cooja/mtype247.a(button-hal.o)
 .rodata        0x000000000002a84b        0xe build/cooja/mtype247.a(serial-line.o)
 *fill*         0x000000000002a859        0x3 
 .rodata        0x000000000002a85c        0x8 build/cooja/mtype247.a(linkaddr.o)
                0x000000000002a85c                linkaddr_null
 .rodata        0x000000000002a864       0x24 build/cooja/mtype247.a(csma.o)
                0x000000000002a86c                csma_driver
 .rodata        0x000000000002a888       0x27 build/cooja/mtype247.a(csma-output.o)
 *fill*         0x000000000002a8af        0x1 
 .rodata        0x000000000002a8b0       0x4d build/cooja/mtype247.a(uip-ds6-route.o)
 .rodata        0x000000000002a8fd        0xd build/cooja/mtype247.a(tcpip.o)
 *fill*         0x000000000002a90a        0x2 
 .rodata        0x000000000002a90c       0x30 build/cooja/mtype247.a(sicslowpan.o)
                0x000000000002a90c                unc_llconf
                0x000000000002a910                unc_ctxconf
                0x000000000002a914                unc_mxconf
                0x000000000002a918                llprefix
                0x000000000002a92c                sicslowpan_driver
 .rodata        0x000000000002a93c       0x2d build/cooja/mtype247.a(uiplib.o)
 *fill*         0x000000000002a969       0x17 
 .rodata        0x000000000002a980       0x74 build/cooja/mtype247.a(rpl.o)
                0x000000000002a9a0                rpl_lite_driver
 .rodata        0x000000000002a9f4       0x20 build/cooja/mtype247.a(coap-timer-defa)
                0x000000000002aa08                coap_timer_default_driver
 .rodata        0x000000000002aa14       0x25 build/cooja/mtype247.a(assert.o)
 *fill*         0x000000000002aa39        0x3 
 .rodata        0x000000000002aa3c        0xc build/cooja/mtype247.a(framer-802154.o)
                0x000000000002aa3c                framer_802154
 .rodata        0x000000000002aa48       0x44 build/cooja/mtype247.a(uip-sr.o)
 .rodata        0x000000000002aa8c       0x58 build/cooja/mtype247.a(rpl-neighbor.o)
 .rodata        0x000000000002aae4       0xdb build/cooja/mtype247.a(rpl-dag.o)
 .rodata        0x000000000002abbf        0xc build/cooja/mtype247.a(rpl-timers.o)

.rodata1
 *(.rodata1)

.eh_frame_hdr   0x000000000002abcc     0x19f4
 *(.eh_frame_hdr)
 .eh_frame_hdr  0x000000000002abcc     0x19f4 lock.o
                0x000000000002abcc                __GNU_EH_FRAME_HDR
 *(.eh_frame_entry .eh_frame_entry.*)

.eh_frame       0x000000000002c5c0     0x6954
 *(.eh_frame)
 .eh_frame      0x000000000002c5c0       0x3c /usr/lib/gcc/i686-linux-gnu/5/../../../i386-linux-gnu/crti.o
                                         0x40 (size before relaxing)
 .eh_frame      0x000000000002c5fc       0x64 lock.o
                                         0x7c (size before relaxing)
 .eh_frame      0x000000000002c660      0x178 build/cooja/mtype247.o
                                        0x190 (size before relaxing)
 .eh_frame      0x000000000002c7d8       0x40 build/cooja/mtype247.a(simEnvChange.o)
                                         0x58 (size before relaxing)
 .eh_frame      0x000000000002c818       0x60 build/cooja/mtype247.a(cooja_mt.o)
                                         0x78 (size before relaxing)
 .eh_frame      0x000000000002c878       0x80 build/cooja/mtype247.a(cooja_mtarch.o)
                                         0x98 (size before relaxing)
 .eh_frame      0x000000000002c8f8       0xc8 build/cooja/mtype247.a(rtimer-arch.o)
                                         0xe0 (size before relaxing)
 .eh_frame      0x000000000002c9c0      0x160 build/cooja/mtype247.a(beep.o)
                                        0x178 (size before relaxing)
 .eh_frame      0x000000000002cb20       0x80 build/cooja/mtype247.a(leds-arch.o)
                                         0x98 (size before relaxing)
 .eh_frame      0x000000000002cba0       0x40 build/cooja/mtype247.a(moteid.o)
                                         0x58 (size before relaxing)
 .eh_frame      0x000000000002cbe0       0xa0 build/cooja/mtype247.a(pir-sensor.o)
                                         0xb8 (size before relaxing)
 .eh_frame      0x000000000002cc80      0x100 build/cooja/mtype247.a(rs232.o)
                                        0x118 (size before relaxing)
 .eh_frame      0x000000000002cd80       0xa0 build/cooja/mtype247.a(vib-sensor.o)
                                         0xb8 (size before relaxing)
 .eh_frame      0x000000000002ce20       0xc0 build/cooja/mtype247.a(clock.o)
                                         0xd8 (size before relaxing)
 .eh_frame      0x000000000002cee0      0x120 build/cooja/mtype247.a(cooja-log.o)
                                        0x138 (size before relaxing)
 .eh_frame      0x000000000002d000      0x160 build/cooja/mtype247.a(cfs-cooja.o)
                                        0x178 (size before relaxing)
 .eh_frame      0x000000000002d160      0x340 build/cooja/mtype247.a(cooja-radio.o)
                                        0x358 (size before relaxing)
 .eh_frame      0x000000000002d4a0       0xa0 build/cooja/mtype247.a(eeprom.o)
                                         0xb8 (size before relaxing)
 .eh_frame      0x000000000002d540       0x40 build/cooja/mtype247.a(random.o)
                                         0x58 (size before relaxing)
 .eh_frame      0x000000000002d580       0xc0 build/cooja/mtype247.a(sensors.o)
                                         0xd8 (size before relaxing)
 .eh_frame      0x000000000002d640      0x120 build/cooja/mtype247.a(leds.o)
                                        0x138 (size before relaxing)
 .eh_frame      0x000000000002d760      0x220 build/cooja/mtype247.a(gpio-hal-arch.o)
                                        0x238 (size before relaxing)
 .eh_frame      0x000000000002d980       0xa0 build/cooja/mtype247.a(buttons.o)
                                         0xb8 (size before relaxing)
 .eh_frame      0x000000000002da20       0x64 build/cooja/mtype247.a(res_presence.o)
                                         0x7c (size before relaxing)
 .eh_frame      0x000000000002da84       0x44 build/cooja/mtype247.a(res_lock.o)
                                         0x5c (size before relaxing)
 .eh_frame      0x000000000002dac8       0x44 build/cooja/mtype247.a(coap-blocking-a)
                                         0x5c (size before relaxing)
 .eh_frame      0x000000000002db0c      0x220 build/cooja/mtype247.a(coap-engine.o)
                                        0x238 (size before relaxing)
 .eh_frame      0x000000000002dd2c       0x24 build/cooja/mtype247.a(coap-res-well-k)
                                         0x3c (size before relaxing)
 .eh_frame      0x000000000002dd50      0x188 build/cooja/mtype247.a(coap-observe.o)
                                        0x1a0 (size before relaxing)
 .eh_frame      0x000000000002ded8      0x250 build/cooja/mtype247.a(coap-uip.o)
                                        0x268 (size before relaxing)
 .eh_frame      0x000000000002e128      0x114 build/cooja/mtype247.a(coap-timer.o)
                                        0x12c (size before relaxing)
 .eh_frame      0x000000000002e23c      0x100 build/cooja/mtype247.a(coap-transactio)
                                        0x118 (size before relaxing)
 .eh_frame      0x000000000002e33c      0x6ec build/cooja/mtype247.a(coap.o)
                                        0x704 (size before relaxing)
 .eh_frame      0x000000000002ea28       0x30 build/cooja/mtype247.a(contiki-main.o)
                                         0x48 (size before relaxing)
 .eh_frame      0x000000000002ea58       0x40 build/cooja/mtype247.a(autostart.o)
                                         0x58 (size before relaxing)
 .eh_frame      0x000000000002ea98      0x100 build/cooja/mtype247.a(ctimer.o)
                                        0x118 (size before relaxing)
 .eh_frame      0x000000000002eb98      0x100 build/cooja/mtype247.a(log.o)
                                        0x118 (size before relaxing)
 .eh_frame      0x000000000002ec98       0x60 build/cooja/mtype247.a(energest.o)
                                         0x78 (size before relaxing)
 .eh_frame      0x000000000002ecf8      0x1e0 build/cooja/mtype247.a(etimer.o)
                                        0x1f8 (size before relaxing)
 .eh_frame      0x000000000002eed8       0x20 build/cooja/mtype247.a(node-id.o)
                                         0x38 (size before relaxing)
 .eh_frame      0x000000000002eef8       0x60 build/cooja/mtype247.a(rtimer.o)
                                         0x78 (size before relaxing)
 .eh_frame      0x000000000002ef58      0x1c4 build/cooja/mtype247.a(process.o)
                                        0x1dc (size before relaxing)
 .eh_frame      0x000000000002f11c       0xa4 build/cooja/mtype247.a(timer.o)
                                         0xbc (size before relaxing)
 .eh_frame      0x000000000002f1c0      0x1a0 build/cooja/mtype247.a(list.o)
                                        0x1b8 (size before relaxing)
 .eh_frame      0x000000000002f360       0xa0 build/cooja/mtype247.a(memb.o)
                                         0xb8 (size before relaxing)
 .eh_frame      0x000000000002f400      0x144 build/cooja/mtype247.a(button-hal.o)
                                        0x15c (size before relaxing)
 .eh_frame      0x000000000002f544       0x60 build/cooja/mtype247.a(serial-line.o)
                                         0x78 (size before relaxing)
 .eh_frame      0x000000000002f5a4       0xe0 build/cooja/mtype247.a(gpio-hal.o)
                                         0xf8 (size before relaxing)
 .eh_frame      0x000000000002f684      0x1a0 build/cooja/mtype247.a(queuebuf.o)
                                        0x1b8 (size before relaxing)
 .eh_frame      0x000000000002f824      0x28c build/cooja/mtype247.a(packetbuf.o)
                                        0x2a4 (size before relaxing)
 .eh_frame      0x000000000002fab0       0x80 build/cooja/mtype247.a(netstack.o)
                                         0x98 (size before relaxing)
 .eh_frame      0x000000000002fb30       0x60 build/cooja/mtype247.a(linkaddr.o)
                                         0x78 (size before relaxing)
 .eh_frame      0x000000000002fb90       0xe0 build/cooja/mtype247.a(csma.o)
                                         0xf8 (size before relaxing)
 .eh_frame      0x000000000002fc70      0x1d0 build/cooja/mtype247.a(csma-output.o)
                                        0x1e8 (size before relaxing)
 .eh_frame      0x000000000002fe40      0x328 build/cooja/mtype247.a(uip-ds6.o)
                                        0x340 (size before relaxing)
 .eh_frame      0x0000000000030168       0x40 build/cooja/mtype247.a(uip-udp-packet.)
                                         0x58 (size before relaxing)
 .eh_frame      0x00000000000301a8      0x220 build/cooja/mtype247.a(uip-ds6-route.o)
                                        0x238 (size before relaxing)
 .eh_frame      0x00000000000303c8      0x244 build/cooja/mtype247.a(tcpip.o)
                                        0x25c (size before relaxing)
 .eh_frame      0x000000000003060c      0x1e8 build/cooja/mtype247.a(uip6.o)
                                        0x200 (size before relaxing)
 .eh_frame      0x00000000000307f4      0x1c0 build/cooja/mtype247.a(uip-ds6-nbr.o)
                                        0x1d8 (size before relaxing)
 .eh_frame      0x00000000000309b4       0x84 build/cooja/mtype247.a(uip-nd6.o)
                                         0x9c (size before relaxing)
 .eh_frame      0x0000000000030a38      0x2f8 build/cooja/mtype247.a(sicslowpan.o)
                                        0x310 (size before relaxing)
 .eh_frame      0x0000000000030d30       0x88 build/cooja/mtype247.a(uiplib.o)
                                         0xa0 (size before relaxing)
 .eh_frame      0x0000000000030db8      0x1e0 build/cooja/mtype247.a(rpl.o)
                                        0x1f8 (size before relaxing)
 .eh_frame      0x0000000000030f98      0x1c4 build/cooja/mtype247.a(rpl-icmp6.o)
                                        0x1dc (size before relaxing)
 .eh_frame      0x000000000003115c       0xa0 build/cooja/mtype247.a(rpl-dag-root.o)
                                         0xb8 (size before relaxing)
 .eh_frame      0x00000000000311fc       0xa0 build/cooja/mtype247.a(watchdog.o)
                                         0xb8 (size before relaxing)
 .eh_frame      0x000000000003129c       0x80 build/cooja/mtype247.a(int-master.o)
                                         0x98 (size before relaxing)
 .eh_frame      0x000000000003131c       0xa4 build/cooja/mtype247.a(coap-timer-defa)
                                         0xbc (size before relaxing)
 .eh_frame      0x00000000000313c0       0xc4 build/cooja/mtype247.a(stimer.o)
                                         0xdc (size before relaxing)
 .eh_frame      0x0000000000031484       0xa0 build/cooja/mtype247.a(ringbuf.o)
                                         0xb8 (size before relaxing)
 .eh_frame      0x0000000000031524       0x20 build/cooja/mtype247.a(assert.o)
                                         0x38 (size before relaxing)
 .eh_frame      0x0000000000031544      0x2ac build/cooja/mtype247.a(nbr-table.o)
                                        0x2c4 (size before relaxing)
 .eh_frame      0x00000000000317f0      0x120 build/cooja/mtype247.a(link-stats.o)
                                        0x138 (size before relaxing)
 .eh_frame      0x0000000000031910       0x48 build/cooja/mtype247.a(mac-sequence.o)
                                         0x60 (size before relaxing)
 .eh_frame      0x0000000000031958       0x20 build/cooja/mtype247.a(mac.o)
                                         0x38 (size before relaxing)
 .eh_frame      0x0000000000031978       0xa4 build/cooja/mtype247.a(framer-802154.o)
                                         0xbc (size before relaxing)
 .eh_frame      0x0000000000031a1c      0x1a4 build/cooja/mtype247.a(frame802154.o)
                                        0x1bc (size before relaxing)
 .eh_frame      0x0000000000031bc0       0x40 build/cooja/mtype247.a(csma-security.o)
                                         0x58 (size before relaxing)
 .eh_frame      0x0000000000031c00      0x200 build/cooja/mtype247.a(uipbuf.o)
                                        0x218 (size before relaxing)
 .eh_frame      0x0000000000031e00      0x150 build/cooja/mtype247.a(uip-icmp6.o)
                                        0x168 (size before relaxing)
 .eh_frame      0x0000000000031f50      0x184 build/cooja/mtype247.a(uip-sr.o)
                                        0x19c (size before relaxing)
 .eh_frame      0x00000000000320d4       0xe0 build/cooja/mtype247.a(uip-packetqueue)
                                         0xf8 (size before relaxing)
 .eh_frame      0x00000000000321b4       0x80 build/cooja/mtype247.a(rpl-nbr-policy.)
                                         0x98 (size before relaxing)
 .eh_frame      0x0000000000032234      0x2d4 build/cooja/mtype247.a(rpl-neighbor.o)
                                        0x2ec (size before relaxing)
 .eh_frame      0x0000000000032508      0x370 build/cooja/mtype247.a(rpl-dag.o)
                                        0x388 (size before relaxing)
 .eh_frame      0x0000000000032878      0x3a8 build/cooja/mtype247.a(rpl-timers.o)
                                        0x3c0 (size before relaxing)
 .eh_frame      0x0000000000032c20      0x124 build/cooja/mtype247.a(rpl-ext-header.)
                                        0x13c (size before relaxing)
 .eh_frame      0x0000000000032d44      0x148 build/cooja/mtype247.a(rpl-mrhof.o)
                                        0x160 (size before relaxing)
 .eh_frame      0x0000000000032e8c       0x84 /usr/lib/gcc/i686-linux-gnu/5/libgcc.a(_udivdi3.o)
                                         0x9c (size before relaxing)
 .eh_frame      0x0000000000032f10        0x4 /usr/lib/gcc/i686-linux-gnu/5/crtendS.o
 *(.eh_frame.*)

.gcc_except_table
 *(.gcc_except_table .gcc_except_table.*)

.gnu_extab
 *(.gnu_extab*)

.exception_ranges
 *(.exception_ranges .exception_ranges*)
                0x0000000000034f10                . = DATA_SEGMENT_ALIGN (0x1000, 0x1000)

.eh_frame
 *(.eh_frame)
 *(.eh_frame.*)

.gnu_extab
 *(.gnu_extab)

.gcc_except_table
 *(.gcc_except_table .gcc_except_table.*)

.exception_ranges
 *(.exception_ranges .exception_ranges*)

.tdata
 *(.tdata .tdata.* .gnu.linkonce.td.*)

.tbss
 *(.tbss .tbss.* .gnu.linkonce.tb.*)
 *(.tcommon)

.preinit_array
 *(.preinit_array)

.init_array     0x0000000000034f10        0x4
 *(SORT(.init_array.*) SORT(.ctors.*))
 *(.init_array EXCLUDE_FILE(*crtend?.o *crtend.o *crtbegin?.o *crtbegin.o) .ctors)
 .init_array    0x0000000000034f10        0x4 /usr/lib/gcc/i686-linux-gnu/5/crtbeginS.o

.fini_array     0x0000000000034f14        0x4
 *(SORT(.fini_array.*) SORT(.dtors.*))
 *(.fini_array EXCLUDE_FILE(*crtend?.o *crtend.o *crtbegin?.o *crtbegin.o) .dtors)
 .fini_array    0x0000000000034f14        0x4 /usr/lib/gcc/i686-linux-gnu/5/crtbeginS.o

.ctors
 *crtbegin.o(.ctors)
 *crtbegin?.o(.ctors)
 *(EXCLUDE_FILE(*crtend?.o *crtend.o) .ctors)
 *(SORT(.ctors.*))
 *(.ctors)

.dtors
 *crtbegin.o(.dtors)
 *crtbegin?.o(.dtors)
 *(EXCLUDE_FILE(*crtend?.o *crtend.o) .dtors)
 *(SORT(.dtors.*))
 *(.dtors)

.jcr            0x0000000000034f18        0x4
 *(.jcr)
 .jcr           0x0000000000034f18        0x0 /usr/lib/gcc/i686-linux-gnu/5/crtbeginS.o
 .jcr           0x0000000000034f18        0x4 /usr/lib/gcc/i686-linux-gnu/5/crtendS.o

.data.rel.ro
 *(.data.rel.ro.local* .gnu.linkonce.d.rel.ro.local.*)
 *(.data.rel.ro .data.rel.ro.* .gnu.linkonce.d.rel.ro.*)

.dynamic        0x0000000000034f1c       0xd0
 *(.dynamic)
 .dynamic       0x0000000000034f1c       0xd0 /usr/lib/gcc/i686-linux-gnu/5/../../../i386-linux-gnu/crti.o
                0x0000000000034f1c                _DYNAMIC

.got            0x0000000000034fec       0x14
 *(.got)
 .got           0x0000000000034fec       0x14 /usr/lib/gcc/i686-linux-gnu/5/../../../i386-linux-gnu/crti.o
 *(.igot)
                0x0000000000035ff4                . = DATA_SEGMENT_RELRO_END (., (SIZEOF (.got.plt) >= 0xc)?0xc:0x0)

.got.plt        0x0000000000035000        0xc
 *(.got.plt)
 .got.plt       0x0000000000035000        0xc /usr/lib/gcc/i686-linux-gnu/5/../../../i386-linux-gnu/crti.o
                0x0000000000035000                _GLOBAL_OFFSET_TABLE_
 *(.igot.plt)

.data           0x0000000000035020      0x4c4
 *(.data .data.* .gnu.linkonce.d.*)
 .data          0x0000000000035020        0x0 /usr/lib/gcc/i686-linux-gnu/5/../../../i386-linux-gnu/crti.o
 .data          0x0000000000035020        0x0 /usr/lib/gcc/i686-linux-gnu/5/crtbeginS.o
 .data.rel.local
                0x0000000000035020        0x4 /usr/lib/gcc/i686-linux-gnu/5/crtbeginS.o
                0x0000000000035020                __dso_handle
 .data          0x0000000000035024       0x20 lock.o
                0x0000000000035024                coap_client
                0x0000000000035034                sensor_node
 *fill*         0x0000000000035044       0x1c 
 .data          0x0000000000035060       0x44 build/cooja/mtype247.o
                0x0000000000035060                simInterfaces
                0x0000000000035094                sensors
 .data          0x00000000000350a4        0x0 build/cooja/mtype247.a(simEnvChange.o)
 .data          0x00000000000350a4        0x0 build/cooja/mtype247.a(cooja_mt.o)
 .data          0x00000000000350a4        0x0 build/cooja/mtype247.a(cooja_mtarch.o)
 .data          0x00000000000350a4        0x0 build/cooja/mtype247.a(rtimer-arch.o)
 .data          0x00000000000350a4        0x0 build/cooja/mtype247.a(beep.o)
 .data          0x00000000000350a4        0x0 build/cooja/mtype247.a(leds-arch.o)
 .data          0x00000000000350a4        0x0 build/cooja/mtype247.a(moteid.o)
 .data          0x00000000000350a4        0x0 build/cooja/mtype247.a(pir-sensor.o)
 .data          0x00000000000350a4        0x0 build/cooja/mtype247.a(rs232.o)
 .data          0x00000000000350a4        0x0 build/cooja/mtype247.a(vib-sensor.o)
 .data          0x00000000000350a4        0x0 build/cooja/mtype247.a(clock.o)
 .data          0x00000000000350a4        0x0 build/cooja/mtype247.a(cooja-log.o)
 .data          0x00000000000350a4        0x0 build/cooja/mtype247.a(cfs-cooja.o)
 .data          0x00000000000350a4       0x2c build/cooja/mtype247.a(cooja-radio.o)
                0x00000000000350a4                simRadioHWOn
                0x00000000000350a8                simSignalStrength
                0x00000000000350ac                simLastSignalStrength
                0x00000000000350b0                simPower
                0x00000000000350b4                simRadioChannel
                0x00000000000350b8                simLQI
                0x00000000000350c0                cooja_radio_process
 .data          0x00000000000350d0        0x0 build/cooja/mtype247.a(eeprom.o)
 .data          0x00000000000350d0        0x0 build/cooja/mtype247.a(random.o)
 .data          0x00000000000350d0       0x10 build/cooja/mtype247.a(sensors.o)
                0x00000000000350d0                sensors_process
 .data          0x00000000000350e0        0x0 build/cooja/mtype247.a(leds.o)
 .data          0x00000000000350e0        0x0 build/cooja/mtype247.a(gpio-hal-arch.o)
 .data          0x00000000000350e0       0x78 build/cooja/mtype247.a(buttons.o)
                0x00000000000350e0                simButtonIsActive
                0x0000000000035150                button_hal_buttons
 *fill*         0x0000000000035158        0x8 
 .data          0x0000000000035160       0x44 build/cooja/mtype247.a(res_presence.o)
                0x0000000000035160                presence
                0x0000000000035180                res_presence
 *fill*         0x00000000000351a4       0x1c 
 .data          0x00000000000351c0       0x24 build/cooja/mtype247.a(res_lock.o)
                0x00000000000351c0                res_lock
 .data          0x00000000000351e4        0x0 build/cooja/mtype247.a(coap-blocking-a)
 .data          0x00000000000351e4        0x8 build/cooja/mtype247.a(coap-engine.o)
 *fill*         0x00000000000351ec       0x14 
 .data          0x0000000000035200       0x24 build/cooja/mtype247.a(coap-res-well-k)
                0x0000000000035200                res_well_known_core
 .data          0x0000000000035224       0x10 build/cooja/mtype247.a(coap-observe.o)
 .data          0x0000000000035234       0x10 build/cooja/mtype247.a(coap-uip.o)
                0x0000000000035234                coap_engine
 .data          0x0000000000035244        0x4 build/cooja/mtype247.a(coap-timer.o)
 .data          0x0000000000035248       0x10 build/cooja/mtype247.a(coap-transactio)
 .data          0x0000000000035258        0x4 build/cooja/mtype247.a(coap.o)
                0x0000000000035258                coap_error_message
 .data          0x000000000003525c        0x0 build/cooja/mtype247.a(contiki-main.o)
 .data          0x000000000003525c        0x0 build/cooja/mtype247.a(autostart.o)
 .data          0x000000000003525c       0x14 build/cooja/mtype247.a(ctimer.o)
                0x0000000000035260                ctimer_process
 *fill*         0x0000000000035270       0x10 
 .data          0x0000000000035280       0xbc build/cooja/mtype247.a(log.o)
                0x0000000000035280                curr_log_level_main
                0x00000000000352a0                all_modules
 .data          0x000000000003533c        0x0 build/cooja/mtype247.a(energest.o)
 .data          0x000000000003533c       0x10 build/cooja/mtype247.a(etimer.o)
                0x000000000003533c                etimer_process
 .data          0x000000000003534c        0x0 build/cooja/mtype247.a(node-id.o)
 .data          0x000000000003534c        0x0 build/cooja/mtype247.a(rtimer.o)
 .data          0x000000000003534c        0x0 build/cooja/mtype247.a(process.o)
 .data          0x000000000003534c        0x0 build/cooja/mtype247.a(timer.o)
 .data          0x000000000003534c        0x0 build/cooja/mtype247.a(list.o)
 .data          0x000000000003534c        0x0 build/cooja/mtype247.a(memb.o)
 .data          0x000000000003534c       0x10 build/cooja/mtype247.a(button-hal.o)
                0x000000000003534c                button_hal_process
 .data          0x000000000003535c       0x10 build/cooja/mtype247.a(serial-line.o)
                0x000000000003535c                serial_line_process
 .data          0x000000000003536c        0x4 build/cooja/mtype247.a(gpio-hal.o)
 .data          0x0000000000035370       0x18 build/cooja/mtype247.a(queuebuf.o)
 .data          0x0000000000035388        0x4 build/cooja/mtype247.a(packetbuf.o)
 .data          0x000000000003538c        0x4 build/cooja/mtype247.a(netstack.o)
 .data          0x0000000000035390        0x0 build/cooja/mtype247.a(linkaddr.o)
 .data          0x0000000000035390        0x0 build/cooja/mtype247.a(csma.o)
 .data          0x0000000000035390       0x28 build/cooja/mtype247.a(csma-output.o)
 .data          0x00000000000353b8        0x0 build/cooja/mtype247.a(uip-ds6.o)
 .data          0x00000000000353b8        0x0 build/cooja/mtype247.a(uip-udp-packet.)
 .data          0x00000000000353b8       0x10 build/cooja/mtype247.a(uip-ds6-route.o)
 .data          0x00000000000353c8       0x10 build/cooja/mtype247.a(tcpip.o)
                0x00000000000353c8                tcpip_process
 .data          0x00000000000353d8        0x0 build/cooja/mtype247.a(uip6.o)
 .data          0x00000000000353d8       0x14 build/cooja/mtype247.a(uip-ds6-nbr.o)
 .data          0x00000000000353ec        0xc build/cooja/mtype247.a(uip-nd6.o)
 .data          0x00000000000353f8        0x0 build/cooja/mtype247.a(sicslowpan.o)
 .data          0x00000000000353f8        0x0 build/cooja/mtype247.a(uiplib.o)
 .data          0x00000000000353f8        0x0 build/cooja/mtype247.a(rpl.o)
 .data          0x00000000000353f8       0x30 build/cooja/mtype247.a(rpl-icmp6.o)
 .data          0x0000000000035428        0x0 build/cooja/mtype247.a(rpl-dag-root.o)
 .data          0x0000000000035428        0x0 build/cooja/mtype247.a(watchdog.o)
 .data          0x0000000000035428        0x0 build/cooja/mtype247.a(int-master.o)
 .data          0x0000000000035428       0x10 build/cooja/mtype247.a(coap-timer-defa)
                0x0000000000035428                coap_timer_process
 .data          0x0000000000035438        0x0 build/cooja/mtype247.a(stimer.o)
 .data          0x0000000000035438        0x0 build/cooja/mtype247.a(ringbuf.o)
 .data          0x0000000000035438        0x0 build/cooja/mtype247.a(assert.o)
 .data          0x0000000000035438       0x10 build/cooja/mtype247.a(nbr-table.o)
 .data          0x0000000000035448       0x14 build/cooja/mtype247.a(link-stats.o)
 .data          0x000000000003545c        0x0 build/cooja/mtype247.a(mac-sequence.o)
 .data          0x000000000003545c        0x0 build/cooja/mtype247.a(mac.o)
 .data          0x000000000003545c        0x0 build/cooja/mtype247.a(framer-802154.o)
 .data          0x000000000003545c        0x2 build/cooja/mtype247.a(frame802154.o)
 .data          0x000000000003545e        0x0 build/cooja/mtype247.a(csma-security.o)
 .data          0x000000000003545e        0x0 build/cooja/mtype247.a(uipbuf.o)
 *fill*         0x000000000003545e        0x2 
 .data          0x0000000000035460       0x20 build/cooja/mtype247.a(uip-icmp6.o)
 .data          0x0000000000035480       0x10 build/cooja/mtype247.a(uip-sr.o)
 .data          0x0000000000035490        0xc build/cooja/mtype247.a(uip-packetqueue)
 .data          0x000000000003549c        0x0 build/cooja/mtype247.a(rpl-nbr-policy.)
 .data          0x000000000003549c       0x14 build/cooja/mtype247.a(rpl-neighbor.o)
                0x00000000000354ac                rpl_neighbors
 .data          0x00000000000354b0        0x0 build/cooja/mtype247.a(rpl-dag.o)
 .data          0x00000000000354b0        0x0 build/cooja/mtype247.a(rpl-timers.o)
 .data          0x00000000000354b0        0x0 build/cooja/mtype247.a(rpl-ext-header.)
 *fill*         0x00000000000354b0       0x10 
 .data          0x00000000000354c0       0x24 build/cooja/mtype247.a(rpl-mrhof.o)
                0x00000000000354c0                rpl_mrhof
 .data          0x00000000000354e4        0x0 /usr/lib/gcc/i686-linux-gnu/5/libgcc.a(_udivdi3.o)
 .data          0x00000000000354e4        0x0 /usr/lib/gcc/i686-linux-gnu/5/crtendS.o
 .data          0x00000000000354e4        0x0 /usr/lib/gcc/i686-linux-gnu/5/../../../i386-linux-gnu/crtn.o

.tm_clone_table
                0x00000000000354e4        0x0
 .tm_clone_table
                0x00000000000354e4        0x0 /usr/lib/gcc/i686-linux-gnu/5/crtbeginS.o
 .tm_clone_table
                0x00000000000354e4        0x0 /usr/lib/gcc/i686-linux-gnu/5/crtendS.o

.data1
 *(.data1)
                0x00000000000354e4                _edata = .
                [!provide]                        PROVIDE (edata, .)
                0x00000000000354e4                . = .
                0x00000000000354e4                __bss_start = .

.bss            0x0000000000035500    0x13f84
 *(.dynbss)
 .dynbss        0x0000000000035500        0x0 /usr/lib/gcc/i686-linux-gnu/5/../../../i386-linux-gnu/crti.o
 *(.bss .bss.* .gnu.linkonce.b.*)
 .bss           0x0000000000035500        0x0 /usr/lib/gcc/i686-linux-gnu/5/../../../i386-linux-gnu/crti.o
 .bss           0x0000000000035500        0x1 /usr/lib/gcc/i686-linux-gnu/5/crtbeginS.o
 *fill*         0x0000000000035501       0x1f 
 .bss           0x0000000000035520      0x12c lock.o
                0x0000000000035520                registered
                0x0000000000035521                pressed
 *fill*         0x000000000003564c       0x14 
 .bss           0x0000000000035660     0x2030 build/cooja/mtype247.o
 .bss           0x0000000000037690        0x1 build/cooja/mtype247.a(simEnvChange.o)
                0x0000000000037690                simDontFallAsleep
 *fill*         0x0000000000037691        0x3 
 .bss           0x0000000000037694        0x4 build/cooja/mtype247.a(cooja_mt.o)
 .bss           0x0000000000037698        0x4 build/cooja/mtype247.a(cooja_mtarch.o)
 .bss           0x000000000003769c        0x0 build/cooja/mtype247.a(rtimer-arch.o)
 .bss           0x000000000003769c        0x0 build/cooja/mtype247.a(beep.o)
 .bss           0x000000000003769c        0x1 build/cooja/mtype247.a(leds-arch.o)
                0x000000000003769c                simLedsValue
 .bss           0x000000000003769d        0x0 build/cooja/mtype247.a(moteid.o)
 .bss           0x000000000003769d        0x1 build/cooja/mtype247.a(pir-sensor.o)
                0x000000000003769d                simPirValue
 *fill*         0x000000000003769e        0x2 
 .bss           0x00000000000376a0        0x4 build/cooja/mtype247.a(rs232.o)
 .bss           0x00000000000376a4        0x1 build/cooja/mtype247.a(vib-sensor.o)
                0x00000000000376a4                simVibValue
 .bss           0x00000000000376a5        0x0 build/cooja/mtype247.a(clock.o)
 *fill*         0x00000000000376a5       0x1b 
 .bss           0x00000000000376c0     0x2020 build/cooja/mtype247.a(cooja-log.o)
 .bss           0x00000000000396e0      0xfc0 build/cooja/mtype247.a(cfs-cooja.o)
                0x00000000000396e0                simCFSData
                0x000000000003a680                simCFSSize
                0x000000000003a684                simCFSChanged
                0x000000000003a688                simCFSRead
                0x000000000003a68c                simCFSWritten
 .bss           0x000000000003a6a0       0x24 build/cooja/mtype247.a(cooja-radio.o)
                0x000000000003a6a0                simReceiving
                0x000000000003a6a4                simInSize
                0x000000000003a6a8                simLastPacketTimestamp
                0x000000000003a6b0                simOutSize
 .bss           0x000000000003a6c4        0xc build/cooja/mtype247.a(eeprom.o)
                0x000000000003a6c4                simEEPROMChanged
                0x000000000003a6c8                simEEPROMRead
                0x000000000003a6cc                simEEPROMWritten
 .bss           0x000000000003a6d0        0x0 build/cooja/mtype247.a(random.o)
 .bss           0x000000000003a6d0        0xc build/cooja/mtype247.a(sensors.o)
 .bss           0x000000000003a6dc        0x0 build/cooja/mtype247.a(leds.o)
 .bss           0x000000000003a6dc       0x24 build/cooja/mtype247.a(gpio-hal-arch.o)
 .bss           0x000000000003a700        0x0 build/cooja/mtype247.a(buttons.o)
 .bss           0x000000000003a700        0x0 build/cooja/mtype247.a(res_presence.o)
 .bss           0x000000000003a700        0x1 build/cooja/mtype247.a(res_lock.o)
                0x000000000003a700                lockOn
 .bss           0x000000000003a701        0x0 build/cooja/mtype247.a(coap-blocking-a)
 *fill*         0x000000000003a701       0x1f 
 .bss           0x000000000003a720      0x190 build/cooja/mtype247.a(coap-engine.o)
 .bss           0x000000000003a8b0        0x0 build/cooja/mtype247.a(coap-res-well-k)
 *fill*         0x000000000003a8b0       0x10 
 .bss           0x000000000003a8c0      0x120 build/cooja/mtype247.a(coap-observe.o)
 .bss           0x000000000003a9e0       0x18 build/cooja/mtype247.a(coap-uip.o)
 .bss           0x000000000003a9f8        0x5 build/cooja/mtype247.a(coap-timer.o)
 *fill*         0x000000000003a9fd        0x3 
 .bss           0x000000000003aa00      0x334 build/cooja/mtype247.a(coap-transactio)
 .bss           0x000000000003ad34        0x6 build/cooja/mtype247.a(coap.o)
                0x000000000003ad34                coap_status_code
 .bss           0x000000000003ad3a        0x0 build/cooja/mtype247.a(contiki-main.o)
 .bss           0x000000000003ad3a        0x0 build/cooja/mtype247.a(autostart.o)
 *fill*         0x000000000003ad3a        0x2 
 .bss           0x000000000003ad3c        0x5 build/cooja/mtype247.a(ctimer.o)
 *fill*         0x000000000003ad41        0x3 
 .bss           0x000000000003ad44       0x2c build/cooja/mtype247.a(log.o)
                0x000000000003ad44                curr_log_level_rpl
                0x000000000003ad48                curr_log_level_tcpip
                0x000000000003ad4c                curr_log_level_ipv6
                0x000000000003ad50                curr_log_level_6lowpan
                0x000000000003ad54                curr_log_level_nullnet
                0x000000000003ad58                curr_log_level_mac
                0x000000000003ad5c                curr_log_level_framer
                0x000000000003ad60                curr_log_level_6top
                0x000000000003ad64                curr_log_level_coap
                0x000000000003ad68                curr_log_level_snmp
                0x000000000003ad6c                curr_log_level_lwm2m
 .bss           0x000000000003ad70        0x0 build/cooja/mtype247.a(energest.o)
 .bss           0x000000000003ad70        0x8 build/cooja/mtype247.a(etimer.o)
 .bss           0x000000000003ad78        0x2 build/cooja/mtype247.a(node-id.o)
                0x000000000003ad78                node_id
 *fill*         0x000000000003ad7a        0x2 
 .bss           0x000000000003ad7c        0x4 build/cooja/mtype247.a(rtimer.o)
 .bss           0x000000000003ad80      0x1a1 build/cooja/mtype247.a(process.o)
                0x000000000003ad80                process_list
                0x000000000003ad84                process_current
 .bss           0x000000000003af21        0x0 build/cooja/mtype247.a(timer.o)
 .bss           0x000000000003af21        0x0 build/cooja/mtype247.a(list.o)
 .bss           0x000000000003af21        0x0 build/cooja/mtype247.a(memb.o)
 *fill*         0x000000000003af21        0x3 
 .bss           0x000000000003af24       0x10 build/cooja/mtype247.a(button-hal.o)
 *fill*         0x000000000003af34        0xc 
 .bss           0x000000000003af40      0x140 build/cooja/mtype247.a(serial-line.o)
 .bss           0x000000000003b080        0x4 build/cooja/mtype247.a(gpio-hal.o)
 *fill*         0x000000000003b084       0x1c 
 .bss           0x000000000003b0a0     0x2c80 build/cooja/mtype247.a(queuebuf.o)
 .bss           0x000000000003dd20       0xa0 build/cooja/mtype247.a(packetbuf.o)
 .bss           0x000000000003ddc0        0x4 build/cooja/mtype247.a(netstack.o)
 .bss           0x000000000003ddc4        0x0 build/cooja/mtype247.a(linkaddr.o)
 .bss           0x000000000003ddc4        0x0 build/cooja/mtype247.a(csma.o)
 *fill*         0x000000000003ddc4       0x1c 
 .bss           0x000000000003dde0      0x726 build/cooja/mtype247.a(csma-output.o)
 *fill*         0x000000000003e506        0x2 
 .bss           0x000000000003e508       0x30 build/cooja/mtype247.a(uip-ds6.o)
 .bss           0x000000000003e538        0x0 build/cooja/mtype247.a(uip-udp-packet.)
 *fill*         0x000000000003e538        0x8 
 .bss           0x000000000003e540       0x60 build/cooja/mtype247.a(uip-ds6-route.o)
 .bss           0x000000000003e5a0       0x10 build/cooja/mtype247.a(tcpip.o)
 .bss           0x000000000003e5b0        0x8 build/cooja/mtype247.a(uip6.o)
                0x000000000003e5b0                uip_ext_bitmap